
DevTools listening on ws://127.0.0.1:16687/devtools/browser/dbdd1a4a-ba44-4993-9c93-8cc64d3bee76
Trying to load the allocator multiple times. This is *not* supported.
[41051:279941:1006/223617.461866:ERROR:ui/display/mac/cv_display_link_mac.mm:188] CVDisplayLinkCreateWithCGDisplay failed. CVReturn: -6670
[41051:279941:1006/223617.462239:ERROR:ui/display/mac/cv_display_link_mac.mm:188] CVDisplayLinkCreateWithCGDisplay failed. CVReturn: -6670
[41051:279941:1006/223617.462327:ERROR:ui/display/mac/cv_display_link_mac.mm:188] CVDisplayLinkCreateWithCGDisplay failed. CVReturn: -6670
[41051:279941:1006/223617.462413:ERROR:ui/display/mac/cv_display_link_mac.mm:188] CVDisplayLinkCreateWithCGDisplay failed. CVReturn: -6670
[41051:279941:1006/223617.464279:ERROR:ui/display/mac/cv_display_link_mac.mm:188] CVDisplayLinkCreateWithCGDisplay failed. CVReturn: -6670
[41051:279941:1006/223617.464399:ERROR:ui/display/mac/cv_display_link_mac.mm:188] CVDisplayLinkCreateWithCGDisplay failed. CVReturn: -6670
[41062:280118:1006/223619.311944:ERROR:sandbox/mac/system_services.cc:31] SetApplicationIsDaemon: Error Domain=NSOSStatusErrorDomain Code=-50 "paramErr: error in user parameter list" (-50)
[41051:279941:1006/223619.333031:ERROR:ui/display/mac/cv_display_link_mac.mm:188] CVDisplayLinkCreateWithCGDisplay failed. CVReturn: -6670
[41051:279941:1006/223619.452912:ERROR:ui/display/mac/cv_display_link_mac.mm:188] CVDisplayLinkCreateWithCGDisplay failed. CVReturn: -6670
[41051:279941:1006/223619.519411:ERROR:ui/display/mac/cv_display_link_mac.mm:188] CVDisplayLinkCreateWithCGDisplay failed. CVReturn: -6670
[41051:279941:1006/223619.584656:ERROR:ui/display/mac/cv_display_link_mac.mm:188] CVDisplayLinkCreateWithCGDisplay failed. CVReturn: -6670
[41051:279941:1006/223619.632778:ERROR:ui/display/mac/cv_display_link_mac.mm:188] CVDisplayLinkCreateWithCGDisplay failed. CVReturn: -6670
[41051:279941:1006/223619.700065:ERROR:ui/display/mac/cv_display_link_mac.mm:188] CVDisplayLinkCreateWithCGDisplay failed. CVReturn: -6670
[41051:279941:1006/223619.751192:ERROR:ui/display/mac/cv_display_link_mac.mm:188] CVDisplayLinkCreateWithCGDisplay failed. CVReturn: -6670
[41045:279873:1006/223620.187244:ERROR:google_apis/gcm/engine/registration_request.cc:291] Registration response error message: PHONE_REGISTRATION_ERROR
[41045:279873:1006/223620.318298:ERROR:google_apis/gcm/engine/mcs_client.cc:702]   Error code: 401  Error message: Authentication Failed: wrong_secret
[41045:279873:1006/223620.318314:ERROR:google_apis/gcm/engine/mcs_client.cc:704] Failed to log in to GCM, resetting connection.
Created TensorFlow Lite XNNPACK delegate for CPU.
[41110:280781:1006/223636.192284:VERBOSE1:chrome/updater/updater.cc:364] Version: 156.0.8067.0, opt, ARM_64, command line: /Users/deniscivkunov/Library/Application Support/Google/GoogleUpdater/156.0.8067.0/GoogleUpdater.app/Contents/MacOS/GoogleUpdater --wake-all --enable-logging --vmodule=*/components/update_client/*=2,*/chrome/enterprise_companion/*=2,*/chrome/updater/*=2
[41110:280781:1006/223636.193770:VERBOSE1:chrome/updater/updater.cc:367] OS version: 26.3.0, arch: arm64, System uptime (seconds): 7589, parent pid: 41045
[41110:280781:1006/223636.198563:VERBOSE1:chrome/updater/updater.cc:372] Available disk space in install directory (/Users/deniscivkunov/Library/Application Support/Google/GoogleUpdater): 6440349696B (5.998GiB) / 245107195904B (228.274GiB)
[41110:280781:1006/223636.199166:VERBOSE1:chrome/updater/updater.cc:376] Available disk space in temporary directory (/var/folders/v2/zf9pcbpd4d50jvs85vz5jxhm0000gn/T/): 6440349696B (5.998GiB) / 245107195904B (228.274GiB)
[41110:280781:1006/223636.199281:VERBOSE2:chrome/updater/event_history.cc:266] Emitted a UPDATER_PROCESS START event to the history log
[41112:280785:1006/223636.218862:VERBOSE1:chrome/updater/updater.cc:364] Version: 156.0.8067.0, opt, ARM_64, command line: /Users/deniscivkunov/Library/Application Support/Google/GoogleUpdater/156.0.8067.0/GoogleUpdater.app/Contents/MacOS/GoogleUpdater --crash-handler --database=/Users/deniscivkunov/Library/Application Support/Google/GoogleUpdater/156.0.8067.0/Crashpad --url=https://clients2.google.com/cr/report --annotation=prod=Update4 --annotation=ver=156.0.8067.0 --handshake-fd=6 --enable-logging --vmodule=*/components/update_client/*=2,*/chrome/enterprise_companion/*=2,*/chrome/updater/*=2
[41112:280785:1006/223636.219595:VERBOSE1:chrome/updater/updater.cc:367] OS version: 26.3.0, arch: arm64, System uptime (seconds): 7589, parent pid: 1
[41112:280785:1006/223636.221785:VERBOSE1:chrome/updater/updater.cc:372] Available disk space in install directory (/Users/deniscivkunov/Library/Application Support/Google/GoogleUpdater): 6440153088B (5.998GiB) / 245107195904B (228.274GiB)
[41112:280785:1006/223636.221826:VERBOSE1:chrome/updater/updater.cc:376] Available disk space in temporary directory (/var/folders/v2/zf9pcbpd4d50jvs85vz5jxhm0000gn/T/): 6440153088B (5.998GiB) / 245107195904B (228.274GiB)
[41112:280785:1006/223636.222189:VERBOSE2:chrome/updater/event_history.cc:266] Emitted a UPDATER_PROCESS START event to the history log
[41110:280781:1006/223636.223964:VERBOSE1:chrome/updater/crash_reporter.cc:123] Crash handler launched and ready.
[41110:280781:1006/223636.225014:VERBOSE1:chrome/updater/crash_client.cc:108] Found 0 completed crash reports
[41110:280781:1006/223636.225132:VERBOSE1:chrome/updater/crash_client.cc:132] Found 0 pending crash reports
[41110:280781:1006/223636.225225:ERROR:third_party/crashpad/crashpad/util/file/file_io_posix.cc:145] open /Users/deniscivkunov/Library/Application Support/Google/RLZ/Crashpad/settings.dat: No such file or directory (2)
[41110:280781:1006/223636.225482:VERBOSE1:chrome/updater/updater.cc:105] Crash reporting initialized.
[41110:280793:1006/223636.225842:VERBOSE1:chrome/updater/app/app_wakeall.cc:58] Launching `/Users/deniscivkunov/Library/Application Support/Google/GoogleUpdater/156.0.8067.0/GoogleUpdater.app/Contents/MacOS/GoogleUpdater --wake`
[41113:280797:1006/223636.236474:VERBOSE1:chrome/updater/updater.cc:364] Version: 156.0.8067.0, opt, ARM_64, command line: /Users/deniscivkunov/Library/Application Support/Google/GoogleUpdater/156.0.8067.0/GoogleUpdater.app/Contents/MacOS/GoogleUpdater --wake --enable-logging --vmodule=*/components/update_client/*=2,*/chrome/enterprise_companion/*=2,*/chrome/updater/*=2
[41113:280797:1006/223636.237068:VERBOSE1:chrome/updater/updater.cc:367] OS version: 26.3.0, arch: arm64, System uptime (seconds): 7589, parent pid: 41110
[41113:280797:1006/223636.240190:VERBOSE1:chrome/updater/updater.cc:372] Available disk space in install directory (/Users/deniscivkunov/Library/Application Support/Google/GoogleUpdater): 6440148992B (5.998GiB) / 245107195904B (228.274GiB)
[41113:280797:1006/223636.240249:VERBOSE1:chrome/updater/updater.cc:376] Available disk space in temporary directory (/var/folders/v2/zf9pcbpd4d50jvs85vz5jxhm0000gn/T/): 6440148992B (5.998GiB) / 245107195904B (228.274GiB)
[41113:280797:1006/223636.240327:VERBOSE2:chrome/updater/event_history.cc:266] Emitted a UPDATER_PROCESS START event to the history log
[41115:280801:1006/223636.250047:VERBOSE1:chrome/updater/updater.cc:364] Version: 156.0.8067.0, opt, ARM_64, command line: /Users/deniscivkunov/Library/Application Support/Google/GoogleUpdater/156.0.8067.0/GoogleUpdater.app/Contents/MacOS/GoogleUpdater --crash-handler --database=/Users/deniscivkunov/Library/Application Support/Google/GoogleUpdater/156.0.8067.0/Crashpad --url=https://clients2.google.com/cr/report --annotation=prod=Update4 --annotation=ver=156.0.8067.0 --handshake-fd=6 --enable-logging --vmodule=*/components/update_client/*=2,*/chrome/enterprise_companion/*=2,*/chrome/updater/*=2
[41115:280801:1006/223636.250835:VERBOSE1:chrome/updater/updater.cc:367] OS version: 26.3.0, arch: arm64, System uptime (seconds): 7589, parent pid: 1
[41115:280801:1006/223636.252807:VERBOSE1:chrome/updater/updater.cc:372] Available disk space in install directory (/Users/deniscivkunov/Library/Application Support/Google/GoogleUpdater): 6440030208B (5.998GiB) / 245107195904B (228.274GiB)
[41115:280801:1006/223636.252837:VERBOSE1:chrome/updater/updater.cc:376] Available disk space in temporary directory (/var/folders/v2/zf9pcbpd4d50jvs85vz5jxhm0000gn/T/): 6440030208B (5.998GiB) / 245107195904B (228.274GiB)
[41115:280801:1006/223636.252914:VERBOSE2:chrome/updater/event_history.cc:266] Emitted a UPDATER_PROCESS START event to the history log
[41113:280797:1006/223636.253386:VERBOSE1:chrome/updater/crash_reporter.cc:123] Crash handler launched and ready.
[41113:280797:1006/223636.254026:VERBOSE1:chrome/updater/crash_client.cc:108] Found 0 completed crash reports
[41113:280797:1006/223636.254106:VERBOSE1:chrome/updater/crash_client.cc:132] Found 0 pending crash reports
[41113:280797:1006/223636.254184:ERROR:third_party/crashpad/crashpad/util/file/file_io_posix.cc:145] open /Users/deniscivkunov/Library/Application Support/Google/RLZ/Crashpad/settings.dat: No such file or directory (2)
[41113:280797:1006/223636.254415:VERBOSE1:chrome/updater/updater.cc:105] Crash reporting initialized.
[41113:280797:1006/223636.254581:VERBOSE1:chrome/updater/ipc/update_service_internal_proxy_mojo.cc:61] Run
[41045:279873:1006/223644.744879:ERROR:google_apis/gcm/engine/registration_request.cc:291] Registration response error message: DEPRECATED_ENDPOINT
[41113:280797:1006/223651.927663:VERBOSE1:chrome/updater/app/app.cc:52] Shutdown: 0
[41113:280797:1006/223651.929164:VERBOSE2:chrome/updater/event_history.cc:266] Emitted a UPDATER_PROCESS END event to the history log
[41113:280797:1006/223651.929278:VERBOSE1:chrome/updater/updater.cc:409] UpdaterMain (--wake) returned 0.
[41110:280793:1006/223651.967413:VERBOSE1:chrome/updater/app/app_wakeall.cc:68] `/Users/deniscivkunov/Library/Application Support/Google/GoogleUpdater/156.0.8067.0/GoogleUpdater.app/Contents/MacOS/GoogleUpdater --wake` exited 0
[41110:280781:1006/223651.967749:VERBOSE1:chrome/updater/app/app.cc:52] Shutdown: 0
[41110:280781:1006/223651.970565:VERBOSE2:chrome/updater/event_history.cc:266] Emitted a UPDATER_PROCESS END event to the history log
[41110:280781:1006/223651.970602:VERBOSE1:chrome/updater/updater.cc:409] UpdaterMain (--wake-all) returned 0.
[41115:280801:1006/223701.935049:VERBOSE2:chrome/updater/event_history.cc:266] Emitted a UPDATER_PROCESS END event to the history log
[41115:280801:1006/223701.935074:VERBOSE1:chrome/updater/updater.cc:409] UpdaterMain (--crash-handler) returned 0.
[41112:280785:1006/223701.935647:VERBOSE2:chrome/updater/event_history.cc:266] Emitted a UPDATER_PROCESS END event to the history log
[41112:280785:1006/223701.935669:VERBOSE1:chrome/updater/updater.cc:409] UpdaterMain (--crash-handler) returned 0.
