
DevTools listening on ws://127.0.0.1:16687/devtools/browser/7d4ebd4d-2d1f-4674-9b5e-82ed92db5a30
Trying to load the allocator multiple times. This is *not* supported.
[39423:266249:1006/223004.817461:ERROR:ui/display/mac/cv_display_link_mac.mm:188] CVDisplayLinkCreateWithCGDisplay failed. CVReturn: -6670
[39423:266249:1006/223004.817811:ERROR:ui/display/mac/cv_display_link_mac.mm:188] CVDisplayLinkCreateWithCGDisplay failed. CVReturn: -6670
[39423:266249:1006/223004.817891:ERROR:ui/display/mac/cv_display_link_mac.mm:188] CVDisplayLinkCreateWithCGDisplay failed. CVReturn: -6670
[39423:266249:1006/223004.817957:ERROR:ui/display/mac/cv_display_link_mac.mm:188] CVDisplayLinkCreateWithCGDisplay failed. CVReturn: -6670
[39423:266249:1006/223004.818013:ERROR:ui/display/mac/cv_display_link_mac.mm:188] CVDisplayLinkCreateWithCGDisplay failed. CVReturn: -6670
[39423:266249:1006/223004.818102:ERROR:ui/display/mac/cv_display_link_mac.mm:188] CVDisplayLinkCreateWithCGDisplay failed. CVReturn: -6670
[39434:266432:1006/223006.793712:ERROR:sandbox/mac/system_services.cc:31] SetApplicationIsDaemon: Error Domain=NSOSStatusErrorDomain Code=-50 "paramErr: error in user parameter list" (-50)
[39423:266249:1006/223006.882605:ERROR:ui/display/mac/cv_display_link_mac.mm:188] CVDisplayLinkCreateWithCGDisplay failed. CVReturn: -6670
[39423:266249:1006/223006.989048:ERROR:ui/display/mac/cv_display_link_mac.mm:188] CVDisplayLinkCreateWithCGDisplay failed. CVReturn: -6670
[39423:266249:1006/223007.038027:ERROR:ui/display/mac/cv_display_link_mac.mm:188] CVDisplayLinkCreateWithCGDisplay failed. CVReturn: -6670
[39423:266249:1006/223007.115175:ERROR:ui/display/mac/cv_display_link_mac.mm:188] CVDisplayLinkCreateWithCGDisplay failed. CVReturn: -6670
[39423:266249:1006/223007.155632:ERROR:ui/display/mac/cv_display_link_mac.mm:188] CVDisplayLinkCreateWithCGDisplay failed. CVReturn: -6670
[39423:266249:1006/223007.230432:ERROR:ui/display/mac/cv_display_link_mac.mm:188] CVDisplayLinkCreateWithCGDisplay failed. CVReturn: -6670
[39423:266249:1006/223007.271424:ERROR:ui/display/mac/cv_display_link_mac.mm:188] CVDisplayLinkCreateWithCGDisplay failed. CVReturn: -6670
[39419:266202:1006/223007.939619:ERROR:google_apis/gcm/engine/registration_request.cc:291] Registration response error message: PHONE_REGISTRATION_ERROR
[39419:266202:1006/223008.066881:ERROR:google_apis/gcm/engine/registration_request.cc:291] Registration response error message: PHONE_REGISTRATION_ERROR
Created TensorFlow Lite XNNPACK delegate for CPU.
[39898:269446:1006/223023.585711:VERBOSE1:chrome/updater/updater.cc:364] Version: 156.0.8067.0, opt, ARM_64, command line: /Users/deniscivkunov/Library/Application Support/Google/GoogleUpdater/156.0.8067.0/GoogleUpdater.app/Contents/MacOS/GoogleUpdater --wake-all --enable-logging --vmodule=*/components/update_client/*=2,*/chrome/enterprise_companion/*=2,*/chrome/updater/*=2
[39898:269446:1006/223023.586362:VERBOSE1:chrome/updater/updater.cc:367] OS version: 26.3.0, arch: arm64, System uptime (seconds): 7216, parent pid: 39419
[39898:269446:1006/223023.588359:VERBOSE1:chrome/updater/updater.cc:372] Available disk space in install directory (/Users/deniscivkunov/Library/Application Support/Google/GoogleUpdater): 6664695808B (6.207GiB) / 245107195904B (228.274GiB)
[39898:269446:1006/223023.588389:VERBOSE1:chrome/updater/updater.cc:376] Available disk space in temporary directory (/var/folders/v2/zf9pcbpd4d50jvs85vz5jxhm0000gn/T/): 6664695808B (6.207GiB) / 245107195904B (228.274GiB)
[39898:269446:1006/223023.588450:VERBOSE2:chrome/updater/event_history.cc:266] Emitted a UPDATER_PROCESS START event to the history log
[39900:269450:1006/223023.597702:VERBOSE1:chrome/updater/updater.cc:364] Version: 156.0.8067.0, opt, ARM_64, command line: /Users/deniscivkunov/Library/Application Support/Google/GoogleUpdater/156.0.8067.0/GoogleUpdater.app/Contents/MacOS/GoogleUpdater --crash-handler --database=/Users/deniscivkunov/Library/Application Support/Google/GoogleUpdater/156.0.8067.0/Crashpad --url=https://clients2.google.com/cr/report --annotation=prod=Update4 --annotation=ver=156.0.8067.0 --handshake-fd=6 --enable-logging --vmodule=*/components/update_client/*=2,*/chrome/enterprise_companion/*=2,*/chrome/updater/*=2
[39900:269450:1006/223023.598386:VERBOSE1:chrome/updater/updater.cc:367] OS version: 26.3.0, arch: arm64, System uptime (seconds): 7216, parent pid: 1
[39900:269450:1006/223023.600094:VERBOSE1:chrome/updater/updater.cc:372] Available disk space in install directory (/Users/deniscivkunov/Library/Application Support/Google/GoogleUpdater): 6664695808B (6.207GiB) / 245107195904B (228.274GiB)
[39900:269450:1006/223023.600120:VERBOSE1:chrome/updater/updater.cc:376] Available disk space in temporary directory (/var/folders/v2/zf9pcbpd4d50jvs85vz5jxhm0000gn/T/): 6664695808B (6.207GiB) / 245107195904B (228.274GiB)
[39900:269450:1006/223023.600180:VERBOSE2:chrome/updater/event_history.cc:266] Emitted a UPDATER_PROCESS START event to the history log
[39898:269446:1006/223023.600535:VERBOSE1:chrome/updater/crash_reporter.cc:123] Crash handler launched and ready.
[39898:269446:1006/223023.601169:VERBOSE1:chrome/updater/crash_client.cc:108] Found 0 completed crash reports
[39898:269446:1006/223023.601248:VERBOSE1:chrome/updater/crash_client.cc:132] Found 0 pending crash reports
[39898:269446:1006/223023.601352:ERROR:third_party/crashpad/crashpad/util/file/file_io_posix.cc:145] open /Users/deniscivkunov/Library/Application Support/Google/RLZ/Crashpad/settings.dat: No such file or directory (2)
[39898:269446:1006/223023.601550:VERBOSE1:chrome/updater/updater.cc:105] Crash reporting initialized.
[39898:269458:1006/223023.601815:VERBOSE1:chrome/updater/app/app_wakeall.cc:58] Launching `/Users/deniscivkunov/Library/Application Support/Google/GoogleUpdater/156.0.8067.0/GoogleUpdater.app/Contents/MacOS/GoogleUpdater --wake`
[39901:269462:1006/223023.609427:VERBOSE1:chrome/updater/updater.cc:364] Version: 156.0.8067.0, opt, ARM_64, command line: /Users/deniscivkunov/Library/Application Support/Google/GoogleUpdater/156.0.8067.0/GoogleUpdater.app/Contents/MacOS/GoogleUpdater --wake --enable-logging --vmodule=*/components/update_client/*=2,*/chrome/enterprise_companion/*=2,*/chrome/updater/*=2
[39901:269462:1006/223023.609975:VERBOSE1:chrome/updater/updater.cc:367] OS version: 26.3.0, arch: arm64, System uptime (seconds): 7216, parent pid: 39898
[39901:269462:1006/223023.611919:VERBOSE1:chrome/updater/updater.cc:372] Available disk space in install directory (/Users/deniscivkunov/Library/Application Support/Google/GoogleUpdater): 6664691712B (6.207GiB) / 245107195904B (228.274GiB)
[39901:269462:1006/223023.611947:VERBOSE1:chrome/updater/updater.cc:376] Available disk space in temporary directory (/var/folders/v2/zf9pcbpd4d50jvs85vz5jxhm0000gn/T/): 6664691712B (6.207GiB) / 245107195904B (228.274GiB)
[39901:269462:1006/223023.612011:VERBOSE2:chrome/updater/event_history.cc:266] Emitted a UPDATER_PROCESS START event to the history log
[39903:269466:1006/223023.620246:VERBOSE1:chrome/updater/updater.cc:364] Version: 156.0.8067.0, opt, ARM_64, command line: /Users/deniscivkunov/Library/Application Support/Google/GoogleUpdater/156.0.8067.0/GoogleUpdater.app/Contents/MacOS/GoogleUpdater --crash-handler --database=/Users/deniscivkunov/Library/Application Support/Google/GoogleUpdater/156.0.8067.0/Crashpad --url=https://clients2.google.com/cr/report --annotation=prod=Update4 --annotation=ver=156.0.8067.0 --handshake-fd=6 --enable-logging --vmodule=*/components/update_client/*=2,*/chrome/enterprise_companion/*=2,*/chrome/updater/*=2
[39903:269466:1006/223023.620774:VERBOSE1:chrome/updater/updater.cc:367] OS version: 26.3.0, arch: arm64, System uptime (seconds): 7216, parent pid: 1
[39903:269466:1006/223023.622448:VERBOSE1:chrome/updater/updater.cc:372] Available disk space in install directory (/Users/deniscivkunov/Library/Application Support/Google/GoogleUpdater): 6664691712B (6.207GiB) / 245107195904B (228.274GiB)
[39903:269466:1006/223023.622474:VERBOSE1:chrome/updater/updater.cc:376] Available disk space in temporary directory (/var/folders/v2/zf9pcbpd4d50jvs85vz5jxhm0000gn/T/): 6664691712B (6.207GiB) / 245107195904B (228.274GiB)
[39903:269466:1006/223023.622535:VERBOSE2:chrome/updater/event_history.cc:266] Emitted a UPDATER_PROCESS START event to the history log
[39901:269462:1006/223023.622909:VERBOSE1:chrome/updater/crash_reporter.cc:123] Crash handler launched and ready.
[39901:269462:1006/223023.623500:VERBOSE1:chrome/updater/crash_client.cc:108] Found 0 completed crash reports
[39901:269462:1006/223023.623573:VERBOSE1:chrome/updater/crash_client.cc:132] Found 0 pending crash reports
[39901:269462:1006/223023.623644:ERROR:third_party/crashpad/crashpad/util/file/file_io_posix.cc:145] open /Users/deniscivkunov/Library/Application Support/Google/RLZ/Crashpad/settings.dat: No such file or directory (2)
[39901:269462:1006/223023.623838:VERBOSE1:chrome/updater/updater.cc:105] Crash reporting initialized.
[39901:269462:1006/223023.623978:VERBOSE1:chrome/updater/ipc/update_service_internal_proxy_mojo.cc:61] Run
[39419:266202:1006/223033.486401:ERROR:google_apis/gcm/engine/registration_request.cc:291] Registration response error message: DEPRECATED_ENDPOINT
