
> frontend@0.0.0 build
> node scripts/verify-cryptopro-vendor.mjs && tsc -b && vite build && node scripts/verify-cryptopro-vendor.mjs --dist

public/vendor/cryptopro/cadesplugin_api.js: verified 3f9e438a166336220eed1d292e8b5f07e9a7f617260e98b2aa695fe6a97d4bbb
vite v8.0.8 building client environment for production...
[2Ktransforming...✓ 12445 modules transformed.
rendering chunks...
computing gzip size...
dist/schet.html                                            0.70 kB │ gzip:   0.39 kB
dist/kb-scenes.html                                        0.89 kB │ gzip:   0.42 kB
dist/fbs-speed.html                                        1.14 kB │ gzip:   0.48 kB
dist/move-lab.html                                         1.23 kB │ gzip:   0.51 kB
dist/ui-kit.html                                           1.28 kB │ gzip:   0.49 kB
dist/raschety.html                                         1.35 kB │ gzip:   0.51 kB
dist/products.html                                         1.53 kB │ gzip:   0.54 kB
dist/knowledge.html                                        1.58 kB │ gzip:   0.57 kB
dist/unload-pick-2.html                                    1.58 kB │ gzip:   0.59 kB
dist/unload-pick.html                                      2.07 kB │ gzip:   0.67 kB
dist/fbs-pick.html                                         2.28 kB │ gzip:   0.69 kB
dist/kiz-withdrawal-demo.html                              2.43 kB │ gzip:   0.79 kB
dist/raschety-razdely.html                                 2.47 kB │ gzip:   0.76 kB
dist/sorting-objects.html                                  2.78 kB │ gzip:   0.83 kB
dist/warehouse-map.html                                    3.04 kB │ gzip:   0.86 kB
dist/packaging.html                                        3.57 kB │ gzip:   0.97 kB
dist/honest-sign.html                                      3.69 kB │ gzip:   0.99 kB
dist/inventory.html                                        3.81 kB │ gzip:   1.02 kB
dist/fbs-orders.html                                       5.60 kB │ gzip:   1.36 kB
dist/seller/index.html                                     5.80 kB │ gzip:   1.41 kB
dist/reception.html                                        5.85 kB │ gzip:   1.42 kB
dist/index.html                                            9.53 kB │ gzip:   2.11 kB
dist/assets/fbs-04-koroba-DH3MmVXy.png                   297.76 kB
dist/assets/chz-02-pechat-UOoW35w9.png                   389.73 kB
dist/assets/priemka-05-zavershenie-CwdXLLh1.png          422.19 kB
dist/assets/priemka-02-chernovik-BQUeDjKa.png            423.02 kB
dist/assets/priemka-04-napolnenie-LxNHQ3aV.png           461.79 kB
dist/assets/fbs-02-podbor-Cos3fcOe.png                   484.51 kB
dist/assets/inventarizaciya-01-spisok-fLsVe43P.png       519.58 kB
dist/assets/chz-01-puly-Db6btvEm.png                     529.73 kB
dist/assets/priemka-01-ochered-DMFBw_bV.png              540.16 kB
dist/assets/fbs-03-upakovka-B_IWwvGv.png                 599.24 kB
dist/assets/priemka-03-koroba-D7TsDOnY.png               640.25 kB
dist/assets/raschety-01-nachisleniya-DysuQgo0.png        653.51 kB
dist/assets/raschety-02-tarify-Bo8poojq.png              673.41 kB
dist/assets/razmeshchenie-02-karta-CNryfzT9.png          710.07 kB
dist/assets/razmeshchenie-01-sortirovka-BWCJq1jl.png     717.76 kB
dist/assets/katalog-02-sozdanie-D7CNwe_A.png             745.11 kB
dist/assets/fbs-01-zakazy-BBNalne4.png                   782.45 kB
dist/assets/otgruzka-01-podbor-DmJTNCNO.png              831.77 kB
dist/assets/katalog-01-spisok-n_lGrqnW.png               969.74 kB
dist/assets/inventarizaciya-02-pereschet-DAahuHSX.png  1,052.41 kB
dist/assets/src-CWU4KsJC.css                               2.05 kB │ gzip:   0.90 kB
dist/assets/WmsDatePickersProvider-BaEsOhw8.css            4.02 kB │ gzip:   1.12 kB
dist/assets/ff-C8Lao7a-.css                                5.91 kB │ gzip:   1.45 kB
dist/assets/urlSellerFilter-BXrj_5r2.js                    0.06 kB │ gzip:   0.08 kB
dist/assets/confirmDiscardChanges-BthAyEwG.js              0.10 kB │ gzip:   0.12 kB
dist/assets/plural-BFNRfZjt.js                             0.11 kB │ gzip:   0.12 kB
dist/assets/usePreviousProps-CrUHmHaK.js                   0.16 kB │ gzip:   0.15 kB
dist/assets/Add-COu4U7mg.js                                0.17 kB │ gzip:   0.16 kB
dist/assets/ChevronRight-BZOfCEw1.js                       0.19 kB │ gzip:   0.18 kB
dist/assets/listItemTextClasses-BKJqLuaW.js                0.19 kB │ gzip:   0.17 kB
dist/assets/ExpandMoreOutlined-B9YoG8nJ.js                 0.20 kB │ gzip:   0.18 kB
dist/assets/ArrowBackOutlined-BINwraiR.js                  0.21 kB │ gzip:   0.19 kB
dist/assets/inboundOperationType-BmwKzg3_.js               0.21 kB │ gzip:   0.14 kB
dist/assets/DownloadOutlined-5eVfob_W.js                   0.22 kB │ gzip:   0.20 kB
dist/assets/useDebouncedValue-CTTVPGE1.js                  0.23 kB │ gzip:   0.18 kB
dist/assets/GridViewOutlined-4sL8tSzJ.js                   0.25 kB │ gzip:   0.20 kB
dist/assets/CloseOutlined-n84Evh37.js                      0.25 kB │ gzip:   0.19 kB
dist/assets/ReplayOutlined-IXbzGtCI.js                     0.25 kB │ gzip:   0.21 kB
dist/assets/documentDisplay-CSJyINVW.js                    0.25 kB │ gzip:   0.19 kB
dist/assets/TuneOutlined-CJtRncGO.js                       0.25 kB │ gzip:   0.22 kB
dist/assets/dividerClasses-0iILqmMg.js                     0.27 kB │ gzip:   0.21 kB
dist/assets/UndoOutlined-DTFj_ang.js                       0.29 kB │ gzip:   0.24 kB
dist/assets/InfoOutlined-C-V9d7sl.js                       0.29 kB │ gzip:   0.23 kB
dist/assets/PageHeader-C6IV6LPY.js                         0.32 kB │ gzip:   0.24 kB
dist/assets/MoveDownOutlined-ClBy9-L_.js                   0.34 kB │ gzip:   0.28 kB
dist/assets/HistoryOutlined-DTpwUVUr.js                    0.37 kB │ gzip:   0.29 kB
dist/assets/SearchOutlined-DCi2fICN.js                     0.38 kB │ gzip:   0.27 kB
dist/assets/FfHonestSignPage-CVkH7iMI.js                   0.47 kB │ gzip:   0.34 kB
dist/assets/randomId-BRPv4t9x.js                           0.49 kB │ gzip:   0.31 kB
dist/assets/printTableColumns-BFUrs0Wi.js                  0.49 kB │ gzip:   0.33 kB
dist/assets/CloudUploadOutlined-D8R2N7u5.js                0.51 kB │ gzip:   0.36 kB
dist/assets/scanFeedback-CtsWPeGe.js                       0.51 kB │ gzip:   0.34 kB
dist/assets/stubFetch-DObY7Jrk.js                          0.55 kB │ gzip:   0.35 kB
dist/assets/UnloadScenes-DVyykjko.js                       0.66 kB │ gzip:   0.39 kB
dist/assets/SceneShell-xpo7dlKH.js                         0.72 kB │ gzip:   0.48 kB
dist/assets/WidgetsOutlined-nkTm7UAb.js                    0.74 kB │ gzip:   0.46 kB
dist/assets/kizReprintPrint-OjSpd-po.js                    0.78 kB │ gzip:   0.51 kB
dist/assets/InventoryScenes-Ch3EfcAz.js                    0.88 kB │ gzip:   0.51 kB
dist/assets/data-3RgObXie.js                               0.97 kB │ gzip:   0.41 kB
dist/assets/BoxLabelPrintDialog-D-9OVglL.js                1.11 kB │ gzip:   0.66 kB
dist/assets/useWbProductCatalog-D2Z3ssKq.js                1.16 kB │ gzip:   0.73 kB
dist/assets/WarehouseScenes-CuIbipTC.js                    1.25 kB │ gzip:   0.75 kB
dist/assets/ProductBarcodeCell-DmsrNbEO.js                 1.26 kB │ gzip:   0.69 kB
dist/assets/knowledge-D-da2I9d.js                          1.29 kB │ gzip:   0.78 kB
dist/assets/raschety-B6BX__c_.js                           1.29 kB │ gzip:   0.76 kB
dist/assets/sortingObjects-CwtA2mRL.js                     1.30 kB │ gzip:   0.73 kB
dist/assets/unloadPick-Yq1dBKNZ.js                         1.33 kB │ gzip:   0.77 kB
dist/assets/LabelSizeSelect-Dt-N9OtG.js                    1.58 kB │ gzip:   0.81 kB
dist/assets/schet-CrlJMG1Y.js                              1.62 kB │ gzip:   0.98 kB
dist/assets/ListItemText-w8QsAvGF.js                       1.91 kB │ gzip:   0.94 kB
dist/assets/InputAdornment-C1SzS3QY.js                     1.93 kB │ gzip:   0.98 kB
dist/assets/wbProductCatalog-Df8chm1F.js                   1.95 kB │ gzip:   0.69 kB
dist/assets/PriemkaQueueScene-b3xogLip.js                  2.10 kB │ gzip:   0.72 kB
dist/assets/honestSign-B-bJ0QfF.js                         2.74 kB │ gzip:   1.37 kB
dist/assets/InventoryCreateDialog-DFBuWc5J.js              2.90 kB │ gzip:   1.46 kB
dist/assets/FbsMetricPanel-N7nRhPkd.js                     3.07 kB │ gzip:   1.29 kB
dist/assets/BillingScenes-BSm-5GoB.js                      3.15 kB │ gzip:   1.52 kB
dist/assets/useBarcodeScanner-ChpyjIAH.js                  3.17 kB │ gzip:   1.56 kB
dist/assets/Link-B011ukkm.js                               3.26 kB │ gzip:   1.34 kB
dist/assets/ListItemButton-BBqLz88X.js                     3.31 kB │ gzip:   1.32 kB
dist/assets/Divider-_8doVw5h.js                            3.48 kB │ gzip:   1.22 kB
dist/assets/react-dom-583lpf0g.js                          3.54 kB │ gzip:   1.34 kB
dist/assets/inventory-1IGd6-an.js                          3.56 kB │ gzip:   1.82 kB
dist/assets/objectsStub-Utpwpq83.js                        3.58 kB │ gzip:   1.55 kB
dist/assets/FbsSupplyHistoryDialog-BQmFs5UL.js             3.64 kB │ gzip:   1.75 kB
dist/assets/MenuItem-CUcGgVit.js                           3.77 kB │ gzip:   1.59 kB
dist/assets/Collapse-CizShwQO.js                           3.98 kB │ gzip:   1.57 kB
dist/assets/ProductsScreen-yvC-Vvau.js                     4.25 kB │ gzip:   2.10 kB
dist/assets/stub-DPQsIzJD.js                               4.47 kB │ gzip:   1.77 kB
dist/assets/stub-BlO6HHTy.js                               4.58 kB │ gzip:   1.87 kB
dist/assets/warehouseMap-7E1DDoo1.js                       4.59 kB │ gzip:   2.24 kB
dist/assets/printPackagingInstructions-ph8dEZ8G.js         4.62 kB │ gzip:   2.25 kB
dist/assets/ProductPhotoThumb-0hFTQoci.js                  4.62 kB │ gzip:   2.25 kB
dist/assets/ScenarioPlayer-C4uYubc6.js                     5.00 kB │ gzip:   2.29 kB
dist/assets/HonestSignScenes-BAkXxWN2.js                   5.33 kB │ gzip:   2.14 kB
dist/assets/packaging-CuJHQ8PZ.js                          5.38 kB │ gzip:   2.09 kB
dist/assets/LinearProgress-BN7s1FPD.js                     5.52 kB │ gzip:   1.74 kB
dist/assets/FfWarehouseMapScreen-DD8sOmQS.js               5.53 kB │ gzip:   2.54 kB
dist/assets/RefreshOutlined-CeI2oxbP.js                    5.67 kB │ gzip:   2.36 kB
dist/assets/PriemkaDocScene-CBRMxhfR.js                    5.69 kB │ gzip:   2.39 kB
dist/assets/WarehouseMapWarehouseSwitch-DCsE4etj.js        5.82 kB │ gzip:   2.11 kB
dist/assets/stub-Bs9IqlXk.js                               5.84 kB │ gzip:   2.25 kB
dist/assets/fbsOrders-C7nRE7nJ.js                          6.03 kB │ gzip:   2.50 kB
dist/assets/ToggleButtonGroup-DCFXNDtg.js                  6.07 kB │ gzip:   1.98 kB
dist/assets/KizReprintDialog-XYlCuLph.js                   6.10 kB │ gzip:   2.51 kB
dist/assets/AccordionSummary-ONt9g2dk.js                   6.28 kB │ gzip:   2.17 kB
dist/assets/printBarcodeLabel-CwIYWETq.js                  6.37 kB │ gzip:   2.44 kB
dist/assets/TablePagination-B6ycVHyB.js                    6.50 kB │ gzip:   2.51 kB
dist/assets/invoicePrint-DJvoPkqJ.js                       6.91 kB │ gzip:   2.55 kB
dist/assets/reception-BJebPFM6.js                          6.96 kB │ gzip:   2.65 kB
dist/assets/WarehouseMapToolbar-CGhbGqDr.js                7.01 kB │ gzip:   2.89 kB
dist/assets/inboundReceivingHelpers-OVqQQbJk.js            7.09 kB │ gzip:   3.16 kB
dist/assets/CatalogScenes-DjdxweGi.js                      7.31 kB │ gzip:   2.90 kB
dist/assets/pickRows-oRPOQnSw.js                           7.39 kB │ gzip:   3.18 kB
dist/assets/products-D6CoDaAZ.js                           7.49 kB │ gzip:   2.91 kB
dist/assets/AuthedAppLayout-D2DfaEDc.js                    7.61 kB │ gzip:   2.11 kB
dist/assets/raschetyRazdely-DRNCn0B5.js                    7.70 kB │ gzip:   3.09 kB
dist/assets/fbsSpeed-BIqo-SNF.js                           7.91 kB │ gzip:   3.15 kB
dist/assets/fbsPick-jC3Fz2jq.js                            7.97 kB │ gzip:   3.37 kB
dist/assets/fromWarehouseMap-COKmM4mj.js                   7.97 kB │ gzip:   3.44 kB
dist/assets/stub-FSH0ngmt.js                               8.01 kB │ gzip:   2.83 kB
dist/assets/jsx-runtime-ATtabA9G.js                        8.39 kB │ gzip:   3.20 kB
dist/assets/kizWithdrawalDemo-D5dSJi9D.js                  9.15 kB │ gzip:   3.85 kB
dist/assets/ProductBarcodePrintButton-Bd-v3VRb.js         10.04 kB │ gzip:   4.00 kB
dist/assets/readApiErrorMessage-KL62ek90.js               11.01 kB │ gzip:   3.65 kB
dist/assets/FbsScenes-B_Vb0oUO.js                         11.95 kB │ gzip:   4.59 kB
dist/assets/WbProductPickerDialog-BMINUya4.js             11.99 kB │ gzip:   4.50 kB
dist/assets/fbsApi-BJkpAfDh.js                            12.48 kB │ gzip:   2.86 kB
dist/assets/moveLab-PJmjathN.js                           13.17 kB │ gzip:   5.18 kB
dist/assets/warehouseMapState-DSuF6xyg.js                 13.29 kB │ gzip:   4.81 kB
dist/assets/FfInboundQueuePage-CIQmDRW-.js                13.62 kB │ gzip:   4.82 kB
dist/assets/FfBillingTariffMatrixPanel-DCrhczAK.js        13.88 kB │ gzip:   5.13 kB
dist/assets/kbScenes-XQunNfGb.js                          13.95 kB │ gzip:   4.78 kB
dist/assets/theme-CbobMjxk.js                             15.03 kB │ gzip:   5.72 kB
dist/assets/FfInventoryListScreen-DxXeiQJs.js             15.32 kB │ gzip:   5.72 kB
dist/assets/unloadPick2-DBQkYnXy.js                       17.95 kB │ gzip:   6.35 kB
dist/assets/Tabs-DM0KIUk5.js                              18.99 kB │ gzip:   6.19 kB
dist/assets/UnloadPickScreen-Cr5XEQ2J.js                  21.33 kB │ gzip:   7.32 kB
dist/assets/fbsUx-CUOkX2EE.js                             21.34 kB │ gzip:   7.93 kB
dist/assets/Autocomplete-DZgyfVFA.js                      23.71 kB │ gzip:   8.31 kB
dist/assets/uiKit-djN5CT1q.js                             23.89 kB │ gzip:   6.41 kB
dist/assets/InventoryTree-BXjEeH9R.js                     28.40 kB │ gzip:  10.23 kB
dist/assets/ffPermissions-CsjbWrDQ.js                     30.82 kB │ gzip:  10.97 kB
dist/assets/Button-BTxtmNAJ.js                            32.70 kB │ gzip:   9.88 kB
dist/assets/SortingObjectsScreen-CpgM49O9.js              35.09 kB │ gzip:  12.31 kB
dist/assets/HonestSignScreen-BbHfKEmy.js                  36.50 kB │ gzip:  10.94 kB
dist/assets/ui-kit-B6u47qFe.js                            38.65 kB │ gzip:  14.34 kB
dist/assets/SellerKizWithdrawalScreen-Db30Qcaq.js         38.81 kB │ gzip:  12.87 kB
dist/assets/FbsStockDialogContainer-CsyUBdkP.js           41.50 kB │ gzip:  14.30 kB
dist/assets/FfPackagingPage-B7t5Co7z.js                   46.89 kB │ gzip:  13.35 kB
dist/assets/FfBillingScreen-BF44laPr.js                   48.01 kB │ gzip:  13.62 kB
dist/assets/api-S4YWLRK7.js                               50.99 kB │ gzip:  16.42 kB
dist/assets/WmsDatePickersProvider-CR2YYBU1.js            54.90 kB │ gzip:  17.43 kB
dist/assets/useMarkingCodePrint-iWzSaphN.js               61.73 kB │ gzip:  18.91 kB
dist/assets/renderBarcodeDataUrl-BAFzg3QL.js              64.98 kB │ gzip:  11.64 kB
dist/assets/Stack-BYQY1VmA.js                             84.98 kB │ gzip:  29.83 kB
dist/assets/FfProductsCatalogScreen-CWS-LJQR.js           85.83 kB │ gzip:  23.75 kB
dist/assets/FfInboundRequestView-Dttbtq5K.js             118.94 kB │ gzip:  33.30 kB
dist/assets/seller-ChhAtmXx.js                           141.24 kB │ gzip:  35.23 kB
dist/assets/WmsDateField-QrcXhKcN.js                     142.26 kB │ gzip:  41.62 kB
dist/assets/client-D7sNrb_R.js                           179.01 kB │ gzip:  56.61 kB
dist/assets/chunk-OE4NN4TA-BYB--HLj.js                   192.56 kB │ gzip:  59.72 kB
dist/assets/FfKnowledgeBaseScreen-CajNRq90.js            207.99 kB │ gzip:  54.42 kB
dist/assets/ff-CNJxqnAW.js                               323.38 kB │ gzip:  78.99 kB
dist/assets/FfFbsOrdersScreen-D9bxQNgY.js                690.23 kB │ gzip: 254.95 kB
dist/assets/bwip-js-C8TyeRgy.js                          932.62 kB │ gzip: 255.75 kB

✓ built in 1.94s
[plugin builtin:vite-reporter] 
(!) Some chunks are larger than 500 kB after minification. Consider:
- Using dynamic import() to code-split the application
- Use build.rolldownOptions.output.codeSplitting to improve chunking: https://rolldown.rs/reference/OutputOptions.codeSplitting
- Adjust chunk size limit for this warning via build.chunkSizeWarningLimit.
dist/vendor/cryptopro/cadesplugin_api.js: verified 3f9e438a166336220eed1d292e8b5f07e9a7f617260e98b2aa695fe6a97d4bbb
