✔ CDP1 exact observed Fetch-to-Network abort returns a distinct retired disposition with native diagnostic and no retry (3.682875ms)
✔ CDP2 actual callback collector excludes only proven canceled retirement and retains an identical unknown-ID error (1.872625ms)
✔ CDP3 unknown identity, incomplete evidence, completed tokens, other protocol errors and timeouts remain strict failures (9.794042ms)
ℹ never observed FetchID: strict refusal preserved
ℹ missing network mapping: strict refusal preserved
ℹ different network cancellation: strict refusal preserved
ℹ navigation and context clear alone: strict refusal preserved
ℹ canceled false even ERR_ABORTED: strict refusal preserved
ℹ different canceled failure text: strict refusal preserved
ℹ deliberate ConnectionClosed lost acknowledgment: strict refusal preserved
ℹ successful completed token cannot retire a duplicate: strict refusal preserved
ℹ matching abort with other error code: strict refusal preserved
ℹ matching abort with other error message: strict refusal preserved
ℹ matching abort for a different terminal method: strict refusal preserved
ℹ matching abort does not explain timeout: strict refusal preserved
✔ CDP4 native fulfillment success after navigation preserves the exact valid response and one command (1.039ms)
✔ CDP5 proven canceled retirement is consumed once; the same token duplicate stays a strict callback failure without retry (0.870541ms)
ℹ {"firstRetired":true,"duplicateKind":"rejected","nativeDiagnostic":"Error: {\"code\":-32602,\"message\":\"Invalid InterceptionId.\"}\n{}","commands":2,"callbackErrors":["Error: {\"code\":-32602,\"message\":\"Invalid InterceptionId.\"}"]}
✔ CDP6 reused observed FetchID after native send and before error reply remains a strict failure (0.769417ms)
ℹ {"observedFetchId":"interception-job-3.0","kind":"rejected","nativeDiagnostic":"Error: {\"code\":-32602,\"message\":\"Invalid InterceptionId.\"}\n{}","commands":1}
✔ CDP7 second observed FetchID owning the same NetworkID after native send and before error reply remains a strict failure (0.772208ms)
ℹ {"observedFetchId":"another-observed-interception","kind":"rejected","nativeDiagnostic":"Error: {\"code\":-32602,\"message\":\"Invalid InterceptionId.\"}\n{}","commands":1}
✖ case boundary waits for both observed post-pack reads to finish; earlier or merely fulfilled reads do not settle it (1.246ms)
ℹ tests 8
ℹ suites 0
ℹ pass 7
ℹ fail 1
ℹ cancelled 0
ℹ skipped 0
ℹ todo 0
ℹ duration_ms 218.850625

✖ failing tests:

test at frontend/tests-e2e/wms652-cdp-cancellation.test.mjs:231:1
✖ case boundary waits for both observed post-pack reads to finish; earlier or merely fulfilled reads do not settle it (1.246ms)
  evalmachine.<anonymous>:317
  settlePackingReadback
  ^
  
  ReferenceError: settlePackingReadback is not defined
      at evalmachine.<anonymous>:317:1
      at Script.runInContext (node:vm:149:12)
      at Script.runInNewContext (node:vm:154:17)
      at runInNewContext (node:vm:310:38)
      at TestContext.<anonymous> (file:///Users/deniscivkunov/Projects/WMS/.worktrees/wms666-prod-integration-1009/frontend/tests-e2e/wms652-cdp-cancellation.test.mjs:240:18)
      at Test.runInAsyncScope (node:async_hooks:214:14)
      at Test.run (node:internal/test_runner/test:1103:25)
      at Test.processPendingSubtests (node:internal/test_runner/test:785:18)
      at Test.postRun (node:internal/test_runner/test:1232:19)
      at Test.run (node:internal/test_runner/test:1160:12)
