Obtaining file:///home/runner/work/WMS/WMS/backend
  Installing build dependencies: started
  Installing build dependencies: finished with status 'done'
  Checking if build backend supports build_editable: started
  Checking if build backend supports build_editable: finished with status 'done'
  Getting requirements to build editable: started
  Getting requirements to build editable: finished with status 'done'
  Preparing editable metadata (pyproject.toml): started
  Preparing editable metadata (pyproject.toml): finished with status 'done'
Collecting fastapi>=0.110 (from wms-backend==0.1.0)
  Downloading fastapi-0.142.2-py3-none-any.whl.metadata (27 kB)
Collecting uvicorn>=0.27 (from uvicorn[standard]>=0.27->wms-backend==0.1.0)
  Downloading uvicorn-0.54.0-py3-none-any.whl.metadata (6.6 kB)
Collecting python-multipart>=0.0.9 (from wms-backend==0.1.0)
  Downloading python_multipart-0.0.32-py3-none-any.whl.metadata (2.1 kB)
Collecting pydantic>=2.6 (from wms-backend==0.1.0)
  Downloading pydantic-2.13.5-py3-none-any.whl.metadata (110 kB)
Collecting pydantic-settings>=2.2 (from wms-backend==0.1.0)
  Downloading pydantic_settings-2.15.0-py3-none-any.whl.metadata (3.9 kB)
Collecting sqlalchemy<2.1,>=2.0 (from wms-backend==0.1.0)
  Downloading sqlalchemy-2.0.54-cp311-cp311-manylinux2014_x86_64.manylinux_2_17_x86_64.manylinux_2_28_x86_64.whl.metadata (9.7 kB)
Collecting greenlet>=3.0 (from wms-backend==0.1.0)
  Downloading greenlet-3.5.6-cp311-cp311-manylinux_2_24_x86_64.manylinux_2_28_x86_64.whl.metadata (3.8 kB)
Collecting alembic>=1.13 (from wms-backend==0.1.0)
  Downloading alembic-1.20.0-py3-none-any.whl.metadata (7.3 kB)
Collecting psycopg>=3.1 (from psycopg[binary]>=3.1->wms-backend==0.1.0)
  Downloading psycopg-3.3.6-py3-none-any.whl.metadata (4.4 kB)
Collecting bcrypt>=4.1 (from wms-backend==0.1.0)
  Downloading bcrypt-5.0.0-cp39-abi3-manylinux_2_34_x86_64.whl.metadata (10 kB)
Collecting pyjwt>=2.8 (from wms-backend==0.1.0)
  Downloading pyjwt-2.15.1-py3-none-any.whl.metadata (3.5 kB)
Collecting email-validator>=2.1 (from wms-backend==0.1.0)
  Downloading email_validator-2.3.0-py3-none-any.whl.metadata (26 kB)
Collecting celery>=5.3 (from celery[redis]>=5.3->wms-backend==0.1.0)
  Downloading celery-5.6.3-py3-none-any.whl.metadata (23 kB)
Collecting httpx>=0.27 (from wms-backend==0.1.0)
  Downloading httpx-0.28.1-py3-none-any.whl.metadata (7.1 kB)
Collecting cryptography>=42.0 (from wms-backend==0.1.0)
  Downloading cryptography-50.0.2-cp311-abi3-manylinux_2_34_x86_64.whl.metadata (4.4 kB)
Collecting pymupdf>=1.24 (from wms-backend==0.1.0)
  Downloading pymupdf-1.28.2-cp310-abi3-manylinux_2_28_x86_64.whl.metadata (26 kB)
Collecting zxing-cpp>=3.0 (from wms-backend==0.1.0)
  Downloading zxing_cpp-3.1.1-cp311-cp311-manylinux_2_27_x86_64.manylinux_2_28_x86_64.whl.metadata (2.3 kB)
Collecting openpyxl>=3.1 (from wms-backend==0.1.0)
  Downloading openpyxl-3.1.5-py2.py3-none-any.whl.metadata (2.5 kB)
Collecting boto3>=1.34 (from wms-backend==0.1.0)
  Downloading boto3-1.43.108-py3-none-any.whl.metadata (6.6 kB)
Collecting ruff>=0.4 (from wms-backend==0.1.0)
  Downloading ruff-0.16.10-py3-none-manylinux_2_17_x86_64.manylinux2014_x86_64.whl.metadata (20 kB)
Collecting mypy>=1.10 (from wms-backend==0.1.0)
  Downloading mypy-2.4.0-cp311-cp311-manylinux2014_x86_64.manylinux_2_17_x86_64.manylinux_2_28_x86_64.whl.metadata (2.4 kB)
Collecting pytest>=8.0 (from wms-backend==0.1.0)
  Downloading pytest-9.1.1-py3-none-any.whl.metadata (7.6 kB)
Collecting pytest-asyncio>=0.23 (from wms-backend==0.1.0)
  Downloading pytest_asyncio-1.4.0-py3-none-any.whl.metadata (4.1 kB)
Collecting pytest-xdist>=3.5 (from wms-backend==0.1.0)
  Downloading pytest_xdist-3.8.0-py3-none-any.whl.metadata (3.0 kB)
Collecting types-requests>=2.32.0.20240622 (from wms-backend==0.1.0)
  Downloading types_requests-2.33.0.20261006-py3-none-any.whl.metadata (2.2 kB)
Collecting aiosqlite>=0.20 (from wms-backend==0.1.0)
  Downloading aiosqlite-0.22.1-py3-none-any.whl.metadata (4.3 kB)
Collecting qrcode>=7.4 (from qrcode[pil]>=7.4; extra == "dev"->wms-backend==0.1.0)
  Downloading qrcode-8.2-py3-none-any.whl.metadata (17 kB)
Collecting pypng>=0.20220615 (from wms-backend==0.1.0)
  Downloading pypng-0.20220715.0-py3-none-any.whl.metadata (13 kB)
Collecting python-barcode>=0.15 (from wms-backend==0.1.0)
  Downloading python_barcode-0.16.1-py3-none-any.whl.metadata (2.7 kB)
Collecting typing-extensions>=4.6.0 (from sqlalchemy<2.1,>=2.0->wms-backend==0.1.0)
  Downloading typing_extensions-4.16.0-py3-none-any.whl.metadata (3.3 kB)
Collecting Mako (from alembic>=1.13->wms-backend==0.1.0)
  Downloading mako-1.4.3-py3-none-any.whl.metadata (2.9 kB)
Collecting botocore<1.44.0,>=1.43.108 (from boto3>=1.34->wms-backend==0.1.0)
  Downloading botocore-1.43.108-py3-none-any.whl.metadata (5.6 kB)
Collecting jmespath<2.0.0,>=0.7.1 (from boto3>=1.34->wms-backend==0.1.0)
  Downloading jmespath-1.1.0-py3-none-any.whl.metadata (7.6 kB)
Collecting s3transfer<0.20.0,>=0.19.0 (from boto3>=1.34->wms-backend==0.1.0)
  Downloading s3transfer-0.19.2-py3-none-any.whl.metadata (1.7 kB)
Collecting python-dateutil<3.0.0,>=2.1 (from botocore<1.44.0,>=1.43.108->boto3>=1.34->wms-backend==0.1.0)
  Downloading python_dateutil-2.9.0.post0-py2.py3-none-any.whl.metadata (8.4 kB)
Collecting urllib3!=2.2.0,<3,>=1.25.4 (from botocore<1.44.0,>=1.43.108->boto3>=1.34->wms-backend==0.1.0)
  Downloading urllib3-2.8.0-py3-none-any.whl.metadata (7.4 kB)
Collecting six>=1.5 (from python-dateutil<3.0.0,>=2.1->botocore<1.44.0,>=1.43.108->boto3>=1.34->wms-backend==0.1.0)
  Downloading six-1.17.0-py2.py3-none-any.whl.metadata (1.7 kB)
Collecting billiard<5.0,>=4.2.1 (from celery>=5.3->celery[redis]>=5.3->wms-backend==0.1.0)
  Downloading billiard-4.3.1-py3-none-any.whl.metadata (5.0 kB)
Collecting kombu>=5.6.0 (from celery>=5.3->celery[redis]>=5.3->wms-backend==0.1.0)
  Downloading kombu-5.6.2-py3-none-any.whl.metadata (3.5 kB)
Collecting vine<6.0,>=5.1.0 (from celery>=5.3->celery[redis]>=5.3->wms-backend==0.1.0)
  Downloading vine-5.1.0-py3-none-any.whl.metadata (2.7 kB)
Collecting click<9.0,>=8.1.2 (from celery>=5.3->celery[redis]>=5.3->wms-backend==0.1.0)
  Downloading click-8.5.0-py3-none-any.whl.metadata (2.6 kB)
Collecting click-didyoumean>=0.3.0 (from celery>=5.3->celery[redis]>=5.3->wms-backend==0.1.0)
  Downloading click_didyoumean-0.3.1-py3-none-any.whl.metadata (3.9 kB)
Collecting click-repl>=0.2.0 (from celery>=5.3->celery[redis]>=5.3->wms-backend==0.1.0)
  Downloading click_repl-0.4.1-py3-none-any.whl.metadata (3.7 kB)
Collecting click-plugins>=1.1.1 (from celery>=5.3->celery[redis]>=5.3->wms-backend==0.1.0)
  Downloading click_plugins-1.1.1.2-py2.py3-none-any.whl.metadata (6.5 kB)
Collecting tzlocal (from celery>=5.3->celery[redis]>=5.3->wms-backend==0.1.0)
  Downloading tzlocal-5.4.4-py3-none-any.whl.metadata (7.7 kB)
Collecting prompt_toolkit>=3.0.36 (from click-repl>=0.2.0->celery>=5.3->celery[redis]>=5.3->wms-backend==0.1.0)
  Downloading prompt_toolkit-3.0.53-py3-none-any.whl.metadata (6.4 kB)
Collecting cffi>=2.0.0 (from cryptography>=42.0->wms-backend==0.1.0)
  Downloading cffi-2.1.1-cp311-cp311-manylinux2014_x86_64.manylinux_2_17_x86_64.whl.metadata (2.5 kB)
Collecting pycparser (from cffi>=2.0.0->cryptography>=42.0->wms-backend==0.1.0)
  Downloading pycparser-3.0-py3-none-any.whl.metadata (8.2 kB)
Collecting dnspython>=2.0.0 (from email-validator>=2.1->wms-backend==0.1.0)
  Downloading dnspython-2.8.0-py3-none-any.whl.metadata (5.7 kB)
Collecting idna>=2.0.0 (from email-validator>=2.1->wms-backend==0.1.0)
  Downloading idna-3.20-py3-none-any.whl.metadata (7.2 kB)
Collecting starlette>=0.46.0 (from fastapi>=0.110->wms-backend==0.1.0)
  Downloading starlette-1.7.0-py3-none-any.whl.metadata (6.6 kB)
Collecting typing-inspection>=0.4.2 (from fastapi>=0.110->wms-backend==0.1.0)
  Downloading typing_inspection-0.4.4-py3-none-any.whl.metadata (2.6 kB)
Collecting annotated-doc>=0.0.2 (from fastapi>=0.110->wms-backend==0.1.0)
  Downloading annotated_doc-0.0.5-py3-none-any.whl.metadata (6.5 kB)
Collecting opentelemetry-api>=1.44.0 (from fastapi>=0.110->wms-backend==0.1.0)
  Downloading opentelemetry_api-1.45.0-py3-none-any.whl.metadata (1.4 kB)
Collecting anyio (from httpx>=0.27->wms-backend==0.1.0)
  Downloading anyio-4.15.1-py3-none-any.whl.metadata (4.7 kB)
Collecting certifi (from httpx>=0.27->wms-backend==0.1.0)
  Downloading certifi-2026.7.22-py3-none-any.whl.metadata (2.5 kB)
Collecting httpcore==1.* (from httpx>=0.27->wms-backend==0.1.0)
  Downloading httpcore-1.0.9-py3-none-any.whl.metadata (21 kB)
Collecting h11>=0.16 (from httpcore==1.*->httpx>=0.27->wms-backend==0.1.0)
  Downloading h11-0.16.0-py3-none-any.whl.metadata (8.3 kB)
Collecting amqp<6.0.0,>=5.1.1 (from kombu>=5.6.0->celery>=5.3->celery[redis]>=5.3->wms-backend==0.1.0)
  Downloading amqp-5.4.1-py3-none-any.whl.metadata (9.4 kB)
Collecting tzdata>=2025.2 (from kombu>=5.6.0->celery>=5.3->celery[redis]>=5.3->wms-backend==0.1.0)
  Downloading tzdata-2026.5-py2.py3-none-any.whl.metadata (1.4 kB)
Collecting packaging (from kombu>=5.6.0->celery>=5.3->celery[redis]>=5.3->wms-backend==0.1.0)
  Downloading packaging-26.3-py3-none-any.whl.metadata (3.5 kB)
Collecting mypy_extensions>=1.0.0 (from mypy>=1.10->wms-backend==0.1.0)
  Downloading mypy_extensions-1.1.0-py3-none-any.whl.metadata (1.1 kB)
Collecting pathspec>=1.0.0 (from mypy>=1.10->wms-backend==0.1.0)
  Downloading pathspec-1.1.1-py3-none-any.whl.metadata (14 kB)
Collecting librt>=0.16.0 (from mypy>=1.10->wms-backend==0.1.0)
  Downloading librt-0.16.0-cp311-cp311-manylinux2014_x86_64.manylinux_2_17_x86_64.manylinux_2_28_x86_64.whl.metadata (1.3 kB)
Collecting ast-serialize<1.0.0,>=0.11.2 (from mypy>=1.10->wms-backend==0.1.0)
  Downloading ast_serialize-0.12.1-cp39-abi3-manylinux_2_17_x86_64.manylinux2014_x86_64.whl.metadata (1.4 kB)
Collecting et-xmlfile (from openpyxl>=3.1->wms-backend==0.1.0)
  Downloading et_xmlfile-2.0.0-py3-none-any.whl.metadata (2.7 kB)
Collecting wcwidth>=0.1.4 (from prompt_toolkit>=3.0.36->click-repl>=0.2.0->celery>=5.3->celery[redis]>=5.3->wms-backend==0.1.0)
  Downloading wcwidth-0.9.2-cp310-abi3-manylinux2014_x86_64.manylinux_2_17_x86_64.whl.metadata (23 kB)
Collecting psycopg-binary==3.3.6 (from psycopg[binary]>=3.1->wms-backend==0.1.0)
  Downloading psycopg_binary-3.3.6-cp311-cp311-manylinux2014_x86_64.manylinux_2_17_x86_64.whl.metadata (2.7 kB)
Collecting annotated-types>=0.6.0 (from pydantic>=2.6->wms-backend==0.1.0)
  Downloading annotated_types-0.8.0-py3-none-any.whl.metadata (15 kB)
Collecting pydantic-core==2.46.5 (from pydantic>=2.6->wms-backend==0.1.0)
  Downloading pydantic_core-2.46.5-cp311-cp311-manylinux_2_17_x86_64.manylinux2014_x86_64.whl.metadata (6.6 kB)
Collecting python-dotenv>=0.21.0 (from pydantic-settings>=2.2->wms-backend==0.1.0)
  Downloading python_dotenv-1.2.4-py3-none-any.whl.metadata (29 kB)
Collecting iniconfig>=1.0.1 (from pytest>=8.0->wms-backend==0.1.0)
  Downloading iniconfig-2.3.0-py3-none-any.whl.metadata (2.5 kB)
Collecting pluggy<2,>=1.5 (from pytest>=8.0->wms-backend==0.1.0)
  Downloading pluggy-1.6.0-py3-none-any.whl.metadata (4.8 kB)
Collecting pygments>=2.7.2 (from pytest>=8.0->wms-backend==0.1.0)
  Downloading pygments-2.21.0-py3-none-any.whl.metadata (2.5 kB)
Collecting execnet>=2.1 (from pytest-xdist>=3.5->wms-backend==0.1.0)
  Downloading execnet-2.1.2-py3-none-any.whl.metadata (2.9 kB)
Collecting pillow>=9.1.0 (from qrcode[pil]>=7.4; extra == "dev"->wms-backend==0.1.0)
  Downloading pillow-12.3.0-cp311-cp311-manylinux_2_27_x86_64.manylinux_2_28_x86_64.whl.metadata (9.1 kB)
Collecting httptools>=0.8.0 (from uvicorn[standard]>=0.27->wms-backend==0.1.0)
  Downloading httptools-0.8.0-cp311-cp311-manylinux1_x86_64.manylinux_2_28_x86_64.manylinux_2_5_x86_64.whl.metadata (3.5 kB)
Collecting pyyaml>=5.1 (from uvicorn[standard]>=0.27->wms-backend==0.1.0)
  Downloading pyyaml-6.0.3-cp311-cp311-manylinux2014_x86_64.manylinux_2_17_x86_64.manylinux_2_28_x86_64.whl.metadata (2.4 kB)
Collecting uvloop>=0.15.1 (from uvicorn[standard]>=0.27->wms-backend==0.1.0)
  Downloading uvloop-0.23.0-cp311-cp311-manylinux2014_x86_64.manylinux_2_17_x86_64.manylinux_2_28_x86_64.whl.metadata (5.1 kB)
Collecting watchfiles>=0.20 (from uvicorn[standard]>=0.27->wms-backend==0.1.0)
  Downloading watchfiles-1.3.0-cp310-abi3-manylinux_2_17_x86_64.manylinux2014_x86_64.whl.metadata (4.9 kB)
Collecting websockets>=13.0 (from uvicorn[standard]>=0.27->wms-backend==0.1.0)
  Downloading websockets-17.2-cp311-cp311-manylinux1_x86_64.manylinux_2_28_x86_64.manylinux_2_5_x86_64.whl.metadata (6.3 kB)
Collecting redis!=4.5.5,!=5.0.2,<6.5,>=4.5.2 (from kombu[redis]; extra == "redis"->celery[redis]>=5.3->wms-backend==0.1.0)
  Downloading redis-6.4.0-py3-none-any.whl.metadata (10 kB)
Collecting MarkupSafe>=2.0 (from Mako->alembic>=1.13->wms-backend==0.1.0)
  Downloading markupsafe-3.0.4-cp311-cp311-manylinux2014_x86_64.manylinux_2_17_x86_64.manylinux_2_28_x86_64.whl.metadata (2.7 kB)
Downloading sqlalchemy-2.0.54-cp311-cp311-manylinux2014_x86_64.manylinux_2_17_x86_64.manylinux_2_28_x86_64.whl (3.4 MB)
   ━━━━━━━━━━━━━━━━━━━━━━━━━━━━━━━━━━━━━━━━ 3.4/3.4 MB 228.5 MB/s  0:00:00
Downloading aiosqlite-0.22.1-py3-none-any.whl (17 kB)
Downloading alembic-1.20.0-py3-none-any.whl (268 kB)
Downloading bcrypt-5.0.0-cp39-abi3-manylinux_2_34_x86_64.whl (278 kB)
Downloading boto3-1.43.108-py3-none-any.whl (140 kB)
Downloading botocore-1.43.108-py3-none-any.whl (16.0 MB)
   ━━━━━━━━━━━━━━━━━━━━━━━━━━━━━━━━━━━━━━━━ 16.0/16.0 MB 306.9 MB/s  0:00:00
Downloading jmespath-1.1.0-py3-none-any.whl (20 kB)
Downloading python_dateutil-2.9.0.post0-py2.py3-none-any.whl (229 kB)
Downloading s3transfer-0.19.2-py3-none-any.whl (90 kB)
Downloading urllib3-2.8.0-py3-none-any.whl (135 kB)
Downloading celery-5.6.3-py3-none-any.whl (451 kB)
Downloading billiard-4.3.1-py3-none-any.whl (90 kB)
Downloading click-8.5.0-py3-none-any.whl (125 kB)
Downloading vine-5.1.0-py3-none-any.whl (9.6 kB)
Downloading click_didyoumean-0.3.1-py3-none-any.whl (3.6 kB)
Downloading click_plugins-1.1.1.2-py2.py3-none-any.whl (11 kB)
Downloading click_repl-0.4.1-py3-none-any.whl (14 kB)
Downloading cryptography-50.0.2-cp311-abi3-manylinux_2_34_x86_64.whl (4.8 MB)
   ━━━━━━━━━━━━━━━━━━━━━━━━━━━━━━━━━━━━━━━━ 4.8/4.8 MB 332.0 MB/s  0:00:00
Downloading cffi-2.1.1-cp311-cp311-manylinux2014_x86_64.manylinux_2_17_x86_64.whl (217 kB)
Downloading email_validator-2.3.0-py3-none-any.whl (35 kB)
Downloading dnspython-2.8.0-py3-none-any.whl (331 kB)
Downloading fastapi-0.142.2-py3-none-any.whl (144 kB)
Downloading annotated_doc-0.0.5-py3-none-any.whl (5.3 kB)
Downloading greenlet-3.5.6-cp311-cp311-manylinux_2_24_x86_64.manylinux_2_28_x86_64.whl (624 kB)
   ━━━━━━━━━━━━━━━━━━━━━━━━━━━━━━━━━━━━━━━━ 624.4/624.4 kB 136.1 MB/s  0:00:00
Downloading httpx-0.28.1-py3-none-any.whl (73 kB)
Downloading httpcore-1.0.9-py3-none-any.whl (78 kB)
Downloading h11-0.16.0-py3-none-any.whl (37 kB)
Downloading idna-3.20-py3-none-any.whl (69 kB)
Downloading kombu-5.6.2-py3-none-any.whl (214 kB)
Downloading amqp-5.4.1-py3-none-any.whl (51 kB)
Downloading mypy-2.4.0-cp311-cp311-manylinux2014_x86_64.manylinux_2_17_x86_64.manylinux_2_28_x86_64.whl (15.4 MB)
   ━━━━━━━━━━━━━━━━━━━━━━━━━━━━━━━━━━━━━━━━ 15.4/15.4 MB 334.7 MB/s  0:00:00
Downloading ast_serialize-0.12.1-cp39-abi3-manylinux_2_17_x86_64.manylinux2014_x86_64.whl (1.3 MB)
   ━━━━━━━━━━━━━━━━━━━━━━━━━━━━━━━━━━━━━━━━ 1.3/1.3 MB 232.7 MB/s  0:00:00
Downloading librt-0.16.0-cp311-cp311-manylinux2014_x86_64.manylinux_2_17_x86_64.manylinux_2_28_x86_64.whl (515 kB)
Downloading mypy_extensions-1.1.0-py3-none-any.whl (5.0 kB)
Downloading openpyxl-3.1.5-py2.py3-none-any.whl (250 kB)
Downloading opentelemetry_api-1.45.0-py3-none-any.whl (60 kB)
Downloading pathspec-1.1.1-py3-none-any.whl (57 kB)
Downloading prompt_toolkit-3.0.53-py3-none-any.whl (392 kB)
Downloading psycopg-3.3.6-py3-none-any.whl (215 kB)
Downloading psycopg_binary-3.3.6-cp311-cp311-manylinux2014_x86_64.manylinux_2_17_x86_64.whl (5.3 MB)
   ━━━━━━━━━━━━━━━━━━━━━━━━━━━━━━━━━━━━━━━━ 5.3/5.3 MB 183.8 MB/s  0:00:00
Downloading pydantic-2.13.5-py3-none-any.whl (472 kB)
Downloading pydantic_core-2.46.5-cp311-cp311-manylinux_2_17_x86_64.manylinux2014_x86_64.whl (2.1 MB)
   ━━━━━━━━━━━━━━━━━━━━━━━━━━━━━━━━━━━━━━━━ 2.1/2.1 MB 290.3 MB/s  0:00:00
Downloading annotated_types-0.8.0-py3-none-any.whl (13 kB)
Downloading pydantic_settings-2.15.0-py3-none-any.whl (69 kB)
Downloading pyjwt-2.15.1-py3-none-any.whl (33 kB)
Downloading pymupdf-1.28.2-cp310-abi3-manylinux_2_28_x86_64.whl (25.8 MB)
   ━━━━━━━━━━━━━━━━━━━━━━━━━━━━━━━━━━━━━━━━ 25.8/25.8 MB 334.0 MB/s  0:00:00
Downloading pypng-0.20220715.0-py3-none-any.whl (58 kB)
Downloading pytest-9.1.1-py3-none-any.whl (386 kB)
Downloading pluggy-1.6.0-py3-none-any.whl (20 kB)
Downloading iniconfig-2.3.0-py3-none-any.whl (7.5 kB)
Downloading packaging-26.3-py3-none-any.whl (129 kB)
Downloading pygments-2.21.0-py3-none-any.whl (1.3 MB)
   ━━━━━━━━━━━━━━━━━━━━━━━━━━━━━━━━━━━━━━━━ 1.3/1.3 MB 144.8 MB/s  0:00:00
Downloading pytest_asyncio-1.4.0-py3-none-any.whl (16 kB)
Downloading pytest_xdist-3.8.0-py3-none-any.whl (46 kB)
Downloading execnet-2.1.2-py3-none-any.whl (40 kB)
Downloading python_barcode-0.16.1-py3-none-any.whl (228 kB)
Downloading python_dotenv-1.2.4-py3-none-any.whl (23 kB)
Downloading python_multipart-0.0.32-py3-none-any.whl (30 kB)
Downloading qrcode-8.2-py3-none-any.whl (45 kB)
Downloading pillow-12.3.0-cp311-cp311-manylinux_2_27_x86_64.manylinux_2_28_x86_64.whl (6.9 MB)
   ━━━━━━━━━━━━━━━━━━━━━━━━━━━━━━━━━━━━━━━━ 6.9/6.9 MB 301.7 MB/s  0:00:00
Downloading ruff-0.16.10-py3-none-manylinux_2_17_x86_64.manylinux2014_x86_64.whl (10.4 MB)
   ━━━━━━━━━━━━━━━━━━━━━━━━━━━━━━━━━━━━━━━━ 10.4/10.4 MB 311.2 MB/s  0:00:00
Downloading six-1.17.0-py2.py3-none-any.whl (11 kB)
Downloading starlette-1.7.0-py3-none-any.whl (78 kB)
Downloading anyio-4.15.1-py3-none-any.whl (132 kB)
Downloading types_requests-2.33.0.20261006-py3-none-any.whl (21 kB)
Downloading typing_extensions-4.16.0-py3-none-any.whl (45 kB)
Downloading typing_inspection-0.4.4-py3-none-any.whl (14 kB)
Downloading tzdata-2026.5-py2.py3-none-any.whl (347 kB)
Downloading uvicorn-0.54.0-py3-none-any.whl (87 kB)
Downloading httptools-0.8.0-cp311-cp311-manylinux1_x86_64.manylinux_2_28_x86_64.manylinux_2_5_x86_64.whl (464 kB)
Downloading pyyaml-6.0.3-cp311-cp311-manylinux2014_x86_64.manylinux_2_17_x86_64.manylinux_2_28_x86_64.whl (806 kB)
   ━━━━━━━━━━━━━━━━━━━━━━━━━━━━━━━━━━━━━━━━ 806.6/806.6 kB 176.2 MB/s  0:00:00
Downloading uvloop-0.23.0-cp311-cp311-manylinux2014_x86_64.manylinux_2_17_x86_64.manylinux_2_28_x86_64.whl (4.0 MB)
   ━━━━━━━━━━━━━━━━━━━━━━━━━━━━━━━━━━━━━━━━ 4.0/4.0 MB 325.1 MB/s  0:00:00
Downloading watchfiles-1.3.0-cp310-abi3-manylinux_2_17_x86_64.manylinux2014_x86_64.whl (458 kB)
Downloading wcwidth-0.9.2-cp310-abi3-manylinux2014_x86_64.manylinux_2_17_x86_64.whl (769 kB)
   ━━━━━━━━━━━━━━━━━━━━━━━━━━━━━━━━━━━━━━━━ 769.8/769.8 kB 174.8 MB/s  0:00:00
Downloading websockets-17.2-cp311-cp311-manylinux1_x86_64.manylinux_2_28_x86_64.manylinux_2_5_x86_64.whl (225 kB)
Downloading zxing_cpp-3.1.1-cp311-cp311-manylinux_2_27_x86_64.manylinux_2_28_x86_64.whl (1.1 MB)
   ━━━━━━━━━━━━━━━━━━━━━━━━━━━━━━━━━━━━━━━━ 1.1/1.1 MB 225.3 MB/s  0:00:00
Downloading certifi-2026.7.22-py3-none-any.whl (136 kB)
Downloading et_xmlfile-2.0.0-py3-none-any.whl (18 kB)
Downloading redis-6.4.0-py3-none-any.whl (279 kB)
Downloading mako-1.4.3-py3-none-any.whl (80 kB)
Downloading markupsafe-3.0.4-cp311-cp311-manylinux2014_x86_64.manylinux_2_17_x86_64.manylinux_2_28_x86_64.whl (22 kB)
Downloading pycparser-3.0-py3-none-any.whl (48 kB)
Downloading tzlocal-5.4.4-py3-none-any.whl (18 kB)
Building wheels for collected packages: wms-backend
  Building editable for wms-backend (pyproject.toml): started
  Building editable for wms-backend (pyproject.toml): finished with status 'done'
  Created wheel for wms-backend: filename=wms_backend-0.1.0-0.editable-py3-none-any.whl size=3077 sha256=cb431bb78004bc2694af0dce3f911e97156fbf930cfdefc2e48b80a958858c92
  Stored in directory: /tmp/pip-ephem-wheel-cache-fehtwx60/wheels/26/11/5b/89ad3c9e29691b924ee9e05063c147a3e1befbcc743214281d
Successfully built wms-backend
Installing collected packages: pypng, zxing-cpp, websockets, wcwidth, vine, uvloop, urllib3, tzlocal, tzdata, typing-extensions, six, ruff, redis, qrcode, pyyaml, python-multipart, python-dotenv, python-barcode, pymupdf, pyjwt, pygments, pycparser, psycopg-binary, pluggy, pillow, pathspec, packaging, mypy_extensions, MarkupSafe, librt, jmespath, iniconfig, idna, httptools, h11, greenlet, execnet, et-xmlfile, dnspython, click, certifi, billiard, bcrypt, ast-serialize, annotated-types, annotated-doc, aiosqlite, uvicorn, typing-inspection, types-requests, sqlalchemy, python-dateutil, pytest, pydantic-core, psycopg, prompt_toolkit, opentelemetry-api, openpyxl, mypy, Mako, httpcore, email-validator, click-plugins, click-didyoumean, cffi, anyio, amqp, watchfiles, starlette, pytest-xdist, pytest-asyncio, pydantic, kombu, httpx, cryptography, click-repl, botocore, alembic, s3transfer, pydantic-settings, fastapi, celery, boto3, wms-backend

Successfully installed Mako-1.4.3 MarkupSafe-3.0.4 aiosqlite-0.22.1 alembic-1.20.0 amqp-5.4.1 annotated-doc-0.0.5 annotated-types-0.8.0 anyio-4.15.1 ast-serialize-0.12.1 bcrypt-5.0.0 billiard-4.3.1 boto3-1.43.108 botocore-1.43.108 celery-5.6.3 certifi-2026.7.22 cffi-2.1.1 click-8.5.0 click-didyoumean-0.3.1 click-plugins-1.1.1.2 click-repl-0.4.1 cryptography-50.0.2 dnspython-2.8.0 email-validator-2.3.0 et-xmlfile-2.0.0 execnet-2.1.2 fastapi-0.142.2 greenlet-3.5.6 h11-0.16.0 httpcore-1.0.9 httptools-0.8.0 httpx-0.28.1 idna-3.20 iniconfig-2.3.0 jmespath-1.1.0 kombu-5.6.2 librt-0.16.0 mypy-2.4.0 mypy_extensions-1.1.0 openpyxl-3.1.5 opentelemetry-api-1.45.0 packaging-26.3 pathspec-1.1.1 pillow-12.3.0 pluggy-1.6.0 prompt_toolkit-3.0.53 psycopg-3.3.6 psycopg-binary-3.3.6 pycparser-3.0 pydantic-2.13.5 pydantic-core-2.46.5 pydantic-settings-2.15.0 pygments-2.21.0 pyjwt-2.15.1 pymupdf-1.28.2 pypng-0.20220715.0 pytest-9.1.1 pytest-asyncio-1.4.0 pytest-xdist-3.8.0 python-barcode-0.16.1 python-dateutil-2.9.0.post0 python-dotenv-1.2.4 python-multipart-0.0.32 pyyaml-6.0.3 qrcode-8.2 redis-6.4.0 ruff-0.16.10 s3transfer-0.19.2 six-1.17.0 sqlalchemy-2.0.54 starlette-1.7.0 types-requests-2.33.0.20261006 typing-extensions-4.16.0 typing-inspection-0.4.4 tzdata-2026.5 tzlocal-5.4.4 urllib3-2.8.0 uvicorn-0.54.0 uvloop-0.23.0 vine-5.1.0 watchfiles-1.3.0 wcwidth-0.9.2 websockets-17.2 wms-backend-0.1.0 zxing-cpp-3.1.1
