✖ C10 remaining inbound: existing WMS659 bulk creation opens quantity dialog without printing (26626.088644ms)
✖ C10 remaining return: existing WMS659 bulk creation opens quantity dialog without printing (2150.467184ms)
ℹ tests 2
ℹ suites 0
ℹ pass 0
ℹ fail 2
ℹ cancelled 0
ℹ skipped 0
ℹ todo 0
ℹ duration_ms 29425.047435

✖ failing tests:

test at tests-e2e/wms672-remaining.test.mjs:205:2
✖ C10 remaining inbound: existing WMS659 bulk creation opens quantity dialog without printing (26626.088644ms)
  AssertionError [ERR_ASSERTION]: opening WMS659 creation must not immediately mutate
  
  1 !== 0
  
      at TestContext.<anonymous> (file:///home/runner/work/WMS/WMS/frontend/tests-e2e/wms672-remaining.test.mjs:212:11)
      at async Test.run (node:internal/test_runner/test:1409:7)
      at async startSubtestAfterBootstrap (node:internal/test_runner/harness:387:3) {
    generatedMessage: false,
    code: 'ERR_ASSERTION',
    actual: 1,
    expected: 0,
    operator: 'strictEqual',
    diff: 'simple'
  }

test at tests-e2e/wms672-remaining.test.mjs:205:2
✖ C10 remaining return: existing WMS659 bulk creation opens quantity dialog without printing (2150.467184ms)
  AssertionError [ERR_ASSERTION]: opening WMS659 creation must not immediately mutate
  
  1 !== 0
  
      at TestContext.<anonymous> (file:///home/runner/work/WMS/WMS/frontend/tests-e2e/wms672-remaining.test.mjs:212:11)
      at async Test.run (node:internal/test_runner/test:1409:7)
      at async Test.processPendingSubtests (node:internal/test_runner/test:974:7) {
    generatedMessage: false,
    code: 'ERR_ASSERTION',
    actual: 1,
    expected: 0,
    operator: 'strictEqual',
    diff: 'simple'
  }
