✖ C5 native iframe EncodingError 150 valid PNG source preserves reason and aborts entire tape (73.25625ms)
ℹ tests 1
ℹ suites 0
ℹ pass 0
ℹ fail 1
ℹ cancelled 0
ℹ skipped 0
ℹ todo 0
ℹ duration_ms 657.882583

✖ failing tests:

test at frontend/tests-e2e/.wms672-native-cause-diag.mjs:94:3
✖ C5 native iframe EncodingError 150 valid PNG source preserves reason and aborts entire tape (73.25625ms)
  AssertionError [ERR_ASSERTION]: actual utility constructs one complete iframe: formatHumanDocumentNumber is not defined
  
  0 !== 1
  
      at fixture (file:///Users/deniscivkunov/Projects/WMS/.worktrees/night1007-integration/frontend/tests-e2e/.wms672-native-cause-diag.mjs:63:10)
      at TestContext.<anonymous> (file:///Users/deniscivkunov/Projects/WMS/.worktrees/night1007-integration/frontend/tests-e2e/.wms672-native-cause-diag.mjs:95:19)
      at Test.runInAsyncScope (node:async_hooks:214:14)
      at Test.run (node:internal/test_runner/test:1103:25)
      at Test.start (node:internal/test_runner/test:1000:17)
      at startSubtestAfterBootstrap (node:internal/test_runner/harness:358:17) {
    generatedMessage: false,
    code: 'ERR_ASSERTION',
    actual: 0,
    expected: 1,
    operator: 'strictEqual',
    diff: 'simple'
  }
