{
  "pure_fixture_commit": "e2b9880d77ba2a073b325770d3e879833b02943e",
  "evidence_commit": "ca6d86bd994b87b87ab9ffd878008cbbdf251860",
  "parent": "72901301b8f6ef1f2735852009df4ca27c0e2886",
  "etalon": "4c532f0cccfb8f99b34d68d9630a3763038fbc5f",
  "preserved": [
    {
      "file": "frontend/tests-e2e/wms672-native-errors.test.mjs",
      "unchanged_test_calls": 3,
      "all_original_assertions": 38,
      "new_assertions": 1
    },
    {
      "file": "frontend/tests-e2e/wms672-peer-drain.test.mjs",
      "unchanged_test_calls": 1,
      "all_original_assertions": 34,
      "new_assertions": 1
    }
  ],
  "product_and_policy_bytes_unchanged": true,
  "raster_bytes_unchanged": true,
  "own_helper_probe": "PASS missing-global negative; actual exported helper identity; preferred/fallback/null; date UTC/Moscow/no-zone/invalid/null",
  "author_raw_tap": {
    "sha256": "6c0047337edb2eebc0a774e0fc7ab55ff27d74a09251c0b1357044b77f2aa7db",
    "passed": 12,
    "failed": 0,
    "skipped": 0,
    "exact_policy_ids": [
      "C5 native iframe EncodingError 150 valid PNG source preserves reason and aborts entire tape",
      "C5 native iframe EncodingError 299 valid PNG source preserves reason and aborts entire tape",
      "C5 native iframe EncodingError 150 invalid PNG preserves reason and aborts entire tape",
      "C5 blank message retains existing generic preparation error and zero external actions",
      "C5 nonstring message retains existing generic preparation error and zero external actions",
      "C5 no message retains existing generic preparation error and zero external actions",
      "C4/R4 300 held images overlap but complete readiness and source precede one transfer and all marks",
      "C5 first native EncodingError with a later peer rejection drains held active peers before cleanup and retry readiness",
      "C5 synchronous decode throw drains held active peers before cleanup and retry readiness",
      "RR1 R3/R4 decoded original cohorts raster-consume retained resources before later decode; all 300 precede one transfer",
      "RR2 R4/R6 stalled parent frames still complete 300 native decodes and restore exact original tape before one handoff",
      "RR3 R4/R6 native refusal drains every started peer and restores original styles/source before cleanup with same reason and zero handoff"
    ]
  },
  "limits": "Own focused Node VM helper probe and immutable audit only; author 12-case execution not duplicated; no browser/fullCI/SOURCE approval"
}
