
DevTools listening on ws://127.0.0.1:16687/devtools/browser/e33b6513-c0fb-4a78-965c-d0976b872f3f
Trying to load the allocator multiple times. This is *not* supported.
[42486:293911:1006/224227.205934:ERROR:ui/display/mac/cv_display_link_mac.mm:188] CVDisplayLinkCreateWithCGDisplay failed. CVReturn: -6670
[42486:293911:1006/224227.206381:ERROR:ui/display/mac/cv_display_link_mac.mm:188] CVDisplayLinkCreateWithCGDisplay failed. CVReturn: -6670
[42486:293911:1006/224227.206483:ERROR:ui/display/mac/cv_display_link_mac.mm:188] CVDisplayLinkCreateWithCGDisplay failed. CVReturn: -6670
[42486:293911:1006/224227.206559:ERROR:ui/display/mac/cv_display_link_mac.mm:188] CVDisplayLinkCreateWithCGDisplay failed. CVReturn: -6670
[42486:293911:1006/224227.206644:ERROR:ui/display/mac/cv_display_link_mac.mm:188] CVDisplayLinkCreateWithCGDisplay failed. CVReturn: -6670
[42486:293911:1006/224227.206714:ERROR:ui/display/mac/cv_display_link_mac.mm:188] CVDisplayLinkCreateWithCGDisplay failed. CVReturn: -6670
[42486:293911:1006/224229.066314:ERROR:ui/display/mac/cv_display_link_mac.mm:188] CVDisplayLinkCreateWithCGDisplay failed. CVReturn: -6670
[42486:293911:1006/224229.169789:ERROR:ui/display/mac/cv_display_link_mac.mm:188] CVDisplayLinkCreateWithCGDisplay failed. CVReturn: -6670
[42486:293911:1006/224229.229375:ERROR:ui/display/mac/cv_display_link_mac.mm:188] CVDisplayLinkCreateWithCGDisplay failed. CVReturn: -6670
[42486:293911:1006/224229.309697:ERROR:ui/display/mac/cv_display_link_mac.mm:188] CVDisplayLinkCreateWithCGDisplay failed. CVReturn: -6670
[42486:293911:1006/224229.367519:ERROR:ui/display/mac/cv_display_link_mac.mm:188] CVDisplayLinkCreateWithCGDisplay failed. CVReturn: -6670
[42502:294162:1006/224229.411519:ERROR:sandbox/mac/system_services.cc:31] SetApplicationIsDaemon: Error Domain=NSOSStatusErrorDomain Code=-50 "paramErr: error in user parameter list" (-50)
[42486:293911:1006/224229.443263:ERROR:ui/display/mac/cv_display_link_mac.mm:188] CVDisplayLinkCreateWithCGDisplay failed. CVReturn: -6670
[42486:293911:1006/224229.512531:ERROR:ui/display/mac/cv_display_link_mac.mm:188] CVDisplayLinkCreateWithCGDisplay failed. CVReturn: -6670
[42482:293864:1006/224230.113818:ERROR:google_apis/gcm/engine/registration_request.cc:291] Registration response error message: DEPRECATED_ENDPOINT
[42482:293864:1006/224230.167740:ERROR:google_apis/gcm/engine/registration_request.cc:291] Registration response error message: PHONE_REGISTRATION_ERROR
[42482:293864:1006/224230.185133:ERROR:google_apis/gcm/engine/registration_request.cc:291] Registration response error message: PHONE_REGISTRATION_ERROR
Created TensorFlow Lite XNNPACK delegate for CPU.
[42529:294658:1006/224245.882335:VERBOSE1:chrome/updater/updater.cc:364] Version: 156.0.8067.0, opt, ARM_64, command line: /Users/deniscivkunov/Library/Application Support/Google/GoogleUpdater/156.0.8067.0/GoogleUpdater.app/Contents/MacOS/GoogleUpdater --wake-all --enable-logging --vmodule=*/components/update_client/*=2,*/chrome/enterprise_companion/*=2,*/chrome/updater/*=2
[42529:294658:1006/224245.882979:VERBOSE1:chrome/updater/updater.cc:367] OS version: 26.3.0, arch: arm64, System uptime (seconds): 7959, parent pid: 42482
[42529:294658:1006/224245.884889:VERBOSE1:chrome/updater/updater.cc:372] Available disk space in install directory (/Users/deniscivkunov/Library/Application Support/Google/GoogleUpdater): 5792714752B (5.395GiB) / 245107195904B (228.274GiB)
[42529:294658:1006/224245.884920:VERBOSE1:chrome/updater/updater.cc:376] Available disk space in temporary directory (/var/folders/v2/zf9pcbpd4d50jvs85vz5jxhm0000gn/T/): 5792714752B (5.395GiB) / 245107195904B (228.274GiB)
[42529:294658:1006/224245.884987:VERBOSE2:chrome/updater/event_history.cc:266] Emitted a UPDATER_PROCESS START event to the history log
[42531:294662:1006/224245.895656:VERBOSE1:chrome/updater/updater.cc:364] Version: 156.0.8067.0, opt, ARM_64, command line: /Users/deniscivkunov/Library/Application Support/Google/GoogleUpdater/156.0.8067.0/GoogleUpdater.app/Contents/MacOS/GoogleUpdater --crash-handler --database=/Users/deniscivkunov/Library/Application Support/Google/GoogleUpdater/156.0.8067.0/Crashpad --url=https://clients2.google.com/cr/report --annotation=prod=Update4 --annotation=ver=156.0.8067.0 --handshake-fd=6 --enable-logging --vmodule=*/components/update_client/*=2,*/chrome/enterprise_companion/*=2,*/chrome/updater/*=2
[42531:294662:1006/224245.897203:VERBOSE1:chrome/updater/updater.cc:367] OS version: 26.3.0, arch: arm64, System uptime (seconds): 7959, parent pid: 1
[42531:294662:1006/224245.899396:VERBOSE1:chrome/updater/updater.cc:372] Available disk space in install directory (/Users/deniscivkunov/Library/Application Support/Google/GoogleUpdater): 5792739328B (5.395GiB) / 245107195904B (228.274GiB)
[42531:294662:1006/224245.899434:VERBOSE1:chrome/updater/updater.cc:376] Available disk space in temporary directory (/var/folders/v2/zf9pcbpd4d50jvs85vz5jxhm0000gn/T/): 5792739328B (5.395GiB) / 245107195904B (228.274GiB)
[42531:294662:1006/224245.899519:VERBOSE2:chrome/updater/event_history.cc:266] Emitted a UPDATER_PROCESS START event to the history log
[42529:294658:1006/224245.900153:VERBOSE1:chrome/updater/crash_reporter.cc:123] Crash handler launched and ready.
[42529:294658:1006/224245.900801:VERBOSE1:chrome/updater/crash_client.cc:108] Found 0 completed crash reports
[42529:294658:1006/224245.900877:VERBOSE1:chrome/updater/crash_client.cc:132] Found 0 pending crash reports
[42529:294658:1006/224245.900954:ERROR:third_party/crashpad/crashpad/util/file/file_io_posix.cc:145] open /Users/deniscivkunov/Library/Application Support/Google/RLZ/Crashpad/settings.dat: No such file or directory (2)
[42529:294658:1006/224245.901198:VERBOSE1:chrome/updater/updater.cc:105] Crash reporting initialized.
[42529:294670:1006/224245.901498:VERBOSE1:chrome/updater/app/app_wakeall.cc:58] Launching `/Users/deniscivkunov/Library/Application Support/Google/GoogleUpdater/156.0.8067.0/GoogleUpdater.app/Contents/MacOS/GoogleUpdater --wake`
[42532:294674:1006/224245.910319:VERBOSE1:chrome/updater/updater.cc:364] Version: 156.0.8067.0, opt, ARM_64, command line: /Users/deniscivkunov/Library/Application Support/Google/GoogleUpdater/156.0.8067.0/GoogleUpdater.app/Contents/MacOS/GoogleUpdater --wake --enable-logging --vmodule=*/components/update_client/*=2,*/chrome/enterprise_companion/*=2,*/chrome/updater/*=2
[42532:294674:1006/224245.910947:VERBOSE1:chrome/updater/updater.cc:367] OS version: 26.3.0, arch: arm64, System uptime (seconds): 7959, parent pid: 42529
[42532:294674:1006/224245.914278:VERBOSE1:chrome/updater/updater.cc:372] Available disk space in install directory (/Users/deniscivkunov/Library/Application Support/Google/GoogleUpdater): 5792722944B (5.395GiB) / 245107195904B (228.274GiB)
[42532:294674:1006/224245.914418:VERBOSE1:chrome/updater/updater.cc:376] Available disk space in temporary directory (/var/folders/v2/zf9pcbpd4d50jvs85vz5jxhm0000gn/T/): 5792722944B (5.395GiB) / 245107195904B (228.274GiB)
[42532:294674:1006/224245.914568:VERBOSE2:chrome/updater/event_history.cc:266] Emitted a UPDATER_PROCESS START event to the history log
[42534:294678:1006/224245.924403:VERBOSE1:chrome/updater/updater.cc:364] Version: 156.0.8067.0, opt, ARM_64, command line: /Users/deniscivkunov/Library/Application Support/Google/GoogleUpdater/156.0.8067.0/GoogleUpdater.app/Contents/MacOS/GoogleUpdater --crash-handler --database=/Users/deniscivkunov/Library/Application Support/Google/GoogleUpdater/156.0.8067.0/Crashpad --url=https://clients2.google.com/cr/report --annotation=prod=Update4 --annotation=ver=156.0.8067.0 --handshake-fd=6 --enable-logging --vmodule=*/components/update_client/*=2,*/chrome/enterprise_companion/*=2,*/chrome/updater/*=2
[42534:294678:1006/224245.925135:VERBOSE1:chrome/updater/updater.cc:367] OS version: 26.3.0, arch: arm64, System uptime (seconds): 7959, parent pid: 1
[42534:294678:1006/224245.927493:VERBOSE1:chrome/updater/updater.cc:372] Available disk space in install directory (/Users/deniscivkunov/Library/Application Support/Google/GoogleUpdater): 5792673792B (5.395GiB) / 245107195904B (228.274GiB)
[42534:294678:1006/224245.927585:VERBOSE1:chrome/updater/updater.cc:376] Available disk space in temporary directory (/var/folders/v2/zf9pcbpd4d50jvs85vz5jxhm0000gn/T/): 5792673792B (5.395GiB) / 245107195904B (228.274GiB)
[42534:294678:1006/224245.927671:VERBOSE2:chrome/updater/event_history.cc:266] Emitted a UPDATER_PROCESS START event to the history log
[42532:294674:1006/224245.928192:VERBOSE1:chrome/updater/crash_reporter.cc:123] Crash handler launched and ready.
[42532:294674:1006/224245.929674:VERBOSE1:chrome/updater/crash_client.cc:108] Found 0 completed crash reports
[42532:294674:1006/224245.929868:VERBOSE1:chrome/updater/crash_client.cc:132] Found 0 pending crash reports
[42532:294674:1006/224245.930009:ERROR:third_party/crashpad/crashpad/util/file/file_io_posix.cc:145] open /Users/deniscivkunov/Library/Application Support/Google/RLZ/Crashpad/settings.dat: No such file or directory (2)
[42532:294674:1006/224245.930554:VERBOSE1:chrome/updater/updater.cc:105] Crash reporting initialized.
[42532:294674:1006/224245.930791:VERBOSE1:chrome/updater/ipc/update_service_internal_proxy_mojo.cc:61] Run
[42482:293864:1006/224300.201522:ERROR:google_apis/gcm/engine/registration_request.cc:291] Registration response error message: DEPRECATED_ENDPOINT
[42532:294674:1006/224302.029344:VERBOSE1:chrome/updater/app/app.cc:52] Shutdown: 0
[42532:294674:1006/224302.029655:VERBOSE2:chrome/updater/event_history.cc:266] Emitted a UPDATER_PROCESS END event to the history log
[42532:294674:1006/224302.029671:VERBOSE1:chrome/updater/updater.cc:409] UpdaterMain (--wake) returned 0.
[42529:294670:1006/224302.190258:VERBOSE1:chrome/updater/app/app_wakeall.cc:68] `/Users/deniscivkunov/Library/Application Support/Google/GoogleUpdater/156.0.8067.0/GoogleUpdater.app/Contents/MacOS/GoogleUpdater --wake` exited 0
[42529:294658:1006/224302.190380:VERBOSE1:chrome/updater/app/app.cc:52] Shutdown: 0
[42529:294658:1006/224302.190651:VERBOSE2:chrome/updater/event_history.cc:266] Emitted a UPDATER_PROCESS END event to the history log
[42529:294658:1006/224302.190671:VERBOSE1:chrome/updater/updater.cc:409] UpdaterMain (--wake-all) returned 0.
[42534:294678:1006/224312.050298:VERBOSE2:chrome/updater/event_history.cc:266] Emitted a UPDATER_PROCESS END event to the history log
[42534:294678:1006/224312.050350:VERBOSE1:chrome/updater/updater.cc:409] UpdaterMain (--crash-handler) returned 0.
[42531:294662:1006/224312.053144:VERBOSE2:chrome/updater/event_history.cc:266] Emitted a UPDATER_PROCESS END event to the history log
[42531:294662:1006/224312.053248:VERBOSE1:chrome/updater/updater.cc:409] UpdaterMain (--crash-handler) returned 0.
