WMS652.realQr[supply_id=A]: AssertionError [ERR_ASSERTION]: Expected values to be strictly deep-equal:
+ actual - expected

  [
    {
      idempotency_key: 'scan-wb-a-order:packed',
      order_id: 'wb-a-order',
+     quantity: 2
-     quantity: 1
    },
    {
      idempotency_key: 'scan-wb-next-order:packed',
      order_id: 'wb-next-order',
+     quantity: 2
-     quantity: 1
    }
  ]

WMS652.realQr[supply_ids=A]: AssertionError [ERR_ASSERTION]: Expected values to be strictly deep-equal:
+ actual - expected

  [
    {
      idempotency_key: 'scan-wb-a-order:packed',
      order_id: 'wb-a-order',
+     quantity: 2
-     quantity: 1
    },
    {
      idempotency_key: 'scan-wb-next-order:packed',
      order_id: 'wb-next-order',
+     quantity: 2
-     quantity: 1
    }
  ]

WMS652.realQr[supply_ids=A,B]: AssertionError [ERR_ASSERTION]: Expected values to be strictly deep-equal:
+ actual - expected

  [
    {
      idempotency_key: 'scan-wb-a-order:packed',
      order_id: 'wb-a-order',
+     quantity: 2
-     quantity: 1
    },
    {
      idempotency_key: 'scan-wb-next-order:packed',
      order_id: 'wb-next-order',
+     quantity: 2
-     quantity: 1
    }
  ]

WMS652.selection[single-create]: PASS
WMS652.selection[seller-warehouse-group-retry]: PASS
WMS652.selection[add-existing-refusal-retry]: PASS
WMS652.realQrFlags[alloff;supply_id=A]: AssertionError [ERR_ASSERTION]: Expected values to be strictly deep-equal:
+ actual - expected

  [
    [
      '/operations/packaging-tasks/task-wb-a/lines/line-wb-a-order/pack',
+     2,
-     1,
      'wb-a-order'
    ],
    [
      '/operations/packaging-tasks/task-wb-a/lines/line-wb-next-order/pack',
+     2,
-     1,
      'wb-next-order'
    ]
  ]

WMS652.realQrFlags[alloff;supply_ids=A]: AssertionError [ERR_ASSERTION]: Expected values to be strictly deep-equal:
+ actual - expected

  [
    [
      '/operations/packaging-tasks/task-wb-a/lines/line-wb-a-order/pack',
+     2,
-     1,
      'wb-a-order'
    ],
    [
      '/operations/packaging-tasks/task-wb-a/lines/line-wb-next-order/pack',
+     2,
-     1,
      'wb-next-order'
    ]
  ]

WMS652.realQrFlags[alloff;supply_ids=A,B]: AssertionError [ERR_ASSERTION]: Expected values to be strictly deep-equal:
+ actual - expected

  [
    [
      '/operations/packaging-tasks/task-wb-a/lines/line-wb-a-order/pack',
+     2,
-     1,
      'wb-a-order'
    ],
    [
      '/operations/packaging-tasks/task-wb-b/lines/line-wb-next-order/pack',
+     2,
-     1,
      'wb-next-order'
    ]
  ]

WMS652.realQrFlags[qr;supply_id=A]: AssertionError [ERR_ASSERTION]: Expected values to be strictly deep-equal:
+ actual - expected

  [
    [
      '/operations/packaging-tasks/task-wb-a/lines/line-wb-a-order/pack',
+     2,
-     1,
      'wb-a-order'
    ],
    [
      '/operations/packaging-tasks/task-wb-a/lines/line-wb-next-order/pack',
+     2,
-     1,
      'wb-next-order'
    ]
  ]

WMS652.realQrFlags[qr;supply_ids=A]: AssertionError [ERR_ASSERTION]: Expected values to be strictly deep-equal:
+ actual - expected

  [
    [
      '/operations/packaging-tasks/task-wb-a/lines/line-wb-a-order/pack',
+     2,
-     1,
      'wb-a-order'
    ],
    [
      '/operations/packaging-tasks/task-wb-a/lines/line-wb-next-order/pack',
+     2,
-     1,
      'wb-next-order'
    ]
  ]

WMS652.realQrFlags[qr;supply_ids=A,B]: AssertionError [ERR_ASSERTION]: Expected values to be strictly deep-equal:
+ actual - expected

  [
    [
      '/operations/packaging-tasks/task-wb-a/lines/line-wb-a-order/pack',
+     2,
-     1,
      'wb-a-order'
    ],
    [
      '/operations/packaging-tasks/task-wb-b/lines/line-wb-next-order/pack',
+     2,
-     1,
      'wb-next-order'
    ]
  ]

WMS652.realQrFlags[reprint;supply_id=A]: AssertionError [ERR_ASSERTION]: Expected values to be strictly deep-equal:
+ actual - expected

  [
    [
      '/operations/packaging-tasks/task-wb-a/lines/line-wb-a-order/pack',
+     2,
-     1,
      'wb-a-order'
    ],
    [
      '/operations/packaging-tasks/task-wb-a/lines/line-wb-next-order/pack',
+     2,
-     1,
      'wb-next-order'
    ]
  ]

WMS652.realQrFlags[reprint;supply_ids=A]: AssertionError [ERR_ASSERTION]: Expected values to be strictly deep-equal:
+ actual - expected

  [
    [
      '/operations/packaging-tasks/task-wb-a/lines/line-wb-a-order/pack',
+     2,
-     1,
      'wb-a-order'
    ],
    [
      '/operations/packaging-tasks/task-wb-a/lines/line-wb-next-order/pack',
+     2,
-     1,
      'wb-next-order'
    ]
  ]

WMS652.realQrFlags[reprint;supply_ids=A,B]: AssertionError [ERR_ASSERTION]: Expected values to be strictly deep-equal:
+ actual - expected

  [
    [
      '/operations/packaging-tasks/task-wb-a/lines/line-wb-a-order/pack',
+     2,
-     1,
      'wb-a-order'
    ],
    [
      '/operations/packaging-tasks/task-wb-b/lines/line-wb-next-order/pack',
+     2,
-     1,
      'wb-next-order'
    ]
  ]

WMS652.realQrFlags[qr+reprint;supply_id=A]: AssertionError [ERR_ASSERTION]: Expected values to be strictly deep-equal:
+ actual - expected

  [
    [
      '/operations/packaging-tasks/task-wb-a/lines/line-wb-a-order/pack',
+     2,
-     1,
      'wb-a-order'
    ],
    [
      '/operations/packaging-tasks/task-wb-a/lines/line-wb-next-order/pack',
+     2,
-     1,
      'wb-next-order'
    ]
  ]

WMS652.realQrFlags[qr+reprint;supply_ids=A]: AssertionError [ERR_ASSERTION]: Expected values to be strictly deep-equal:
+ actual - expected

  [
    [
      '/operations/packaging-tasks/task-wb-a/lines/line-wb-a-order/pack',
+     2,
-     1,
      'wb-a-order'
    ],
    [
      '/operations/packaging-tasks/task-wb-a/lines/line-wb-next-order/pack',
+     2,
-     1,
      'wb-next-order'
    ]
  ]

WMS652.realQrFlags[qr+reprint;supply_ids=A,B]: AssertionError [ERR_ASSERTION]: Expected values to be strictly deep-equal:
+ actual - expected

  [
    [
      '/operations/packaging-tasks/task-wb-a/lines/line-wb-a-order/pack',
+     2,
-     1,
      'wb-a-order'
    ],
    [
      '/operations/packaging-tasks/task-wb-b/lines/line-wb-next-order/pack',
+     2,
-     1,
      'wb-next-order'
    ]
  ]

WMS652.realQrFlags[pool;supply_id=A]: AssertionError [ERR_ASSERTION]: Expected values to be strictly deep-equal:
+ actual - expected

  [
    [
      '/operations/packaging-tasks/task-wb-a/lines/line-wb-a-order/pack',
+     2,
-     1,
      'wb-a-order'
    ],
    [
      '/operations/packaging-tasks/task-wb-a/lines/line-wb-next-order/pack',
+     2,
-     1,
      'wb-next-order'
    ]
  ]

WMS652.realQrFlags[pool;supply_ids=A]: AssertionError [ERR_ASSERTION]: Expected values to be strictly deep-equal:
+ actual - expected

  [
    [
      '/operations/packaging-tasks/task-wb-a/lines/line-wb-a-order/pack',
+     2,
-     1,
      'wb-a-order'
    ],
    [
      '/operations/packaging-tasks/task-wb-a/lines/line-wb-next-order/pack',
+     2,
-     1,
      'wb-next-order'
    ]
  ]

WMS652.realQrFlags[pool;supply_ids=A,B]: AssertionError [ERR_ASSERTION]: Expected values to be strictly deep-equal:
+ actual - expected

  [
    [
      '/operations/packaging-tasks/task-wb-a/lines/line-wb-a-order/pack',
+     2,
-     1,
      'wb-a-order'
    ],
    [
      '/operations/packaging-tasks/task-wb-b/lines/line-wb-next-order/pack',
+     2,
-     1,
      'wb-next-order'
    ]
  ]

WMS652.realQrFlags[qr+pool;supply_id=A]: AssertionError [ERR_ASSERTION]: Expected values to be strictly deep-equal:
+ actual - expected

  [
    [
      '/operations/packaging-tasks/task-wb-a/lines/line-wb-a-order/pack',
+     2,
-     1,
      'wb-a-order'
    ],
    [
      '/operations/packaging-tasks/task-wb-a/lines/line-wb-next-order/pack',
+     2,
-     1,
      'wb-next-order'
    ]
  ]

WMS652.realQrFlags[qr+pool;supply_ids=A]: AssertionError [ERR_ASSERTION]: Expected values to be strictly deep-equal:
+ actual - expected

  [
    [
      '/operations/packaging-tasks/task-wb-a/lines/line-wb-a-order/pack',
+     2,
-     1,
      'wb-a-order'
    ],
    [
      '/operations/packaging-tasks/task-wb-a/lines/line-wb-next-order/pack',
+     2,
-     1,
      'wb-next-order'
    ]
  ]

WMS652.realQrFlags[qr+pool;supply_ids=A,B]: AssertionError [ERR_ASSERTION]: Expected values to be strictly deep-equal:
+ actual - expected

  [
    [
      '/operations/packaging-tasks/task-wb-a/lines/line-wb-a-order/pack',
+     2,
-     1,
      'wb-a-order'
    ],
    [
      '/operations/packaging-tasks/task-wb-b/lines/line-wb-next-order/pack',
+     2,
-     1,
      'wb-next-order'
    ]
  ]

WMS652.realQrFlags[held-receipt;supply_id=A]: AssertionError [ERR_ASSERTION]: Expected values to be strictly deep-equal:
+ actual - expected

  [
    [
      '/operations/packaging-tasks/task-wb-a/lines/line-wb-a-order/pack',
+     2,
-     1,
      'wb-a-order'
    ],
    [
      '/operations/packaging-tasks/task-wb-a/lines/line-wb-next-order/pack',
+     2,
-     1,
      'wb-next-order'
    ]
  ]

WMS652.realQrFlags[held-receipt;supply_ids=A]: AssertionError [ERR_ASSERTION]: Expected values to be strictly deep-equal:
+ actual - expected

  [
    [
      '/operations/packaging-tasks/task-wb-a/lines/line-wb-a-order/pack',
+     2,
-     1,
      'wb-a-order'
    ],
    [
      '/operations/packaging-tasks/task-wb-a/lines/line-wb-next-order/pack',
+     2,
-     1,
      'wb-next-order'
    ]
  ]

WMS652.realQrFlags[held-receipt;supply_ids=A,B]: AssertionError [ERR_ASSERTION]: Expected values to be strictly deep-equal:
+ actual - expected

  [
    [
      '/operations/packaging-tasks/task-wb-a/lines/line-wb-a-order/pack',
+     2,
-     1,
      'wb-a-order'
    ],
    [
      '/operations/packaging-tasks/task-wb-b/lines/line-wb-next-order/pack',
+     2,
-     1,
      'wb-next-order'
    ]
  ]

WMS652.realQrFlags[lost-accepted-ack;supply_id=A]: AssertionError [ERR_ASSERTION]: Expected values to be strictly deep-equal:
+ actual - expected

  [
    [
      '/operations/packaging-tasks/task-wb-a/lines/line-wb-a-order/pack',
+     2,
-     1,
      'wb-a-order'
    ],
    [
      '/operations/packaging-tasks/task-wb-a/lines/line-wb-next-order/pack',
+     2,
-     1,
      'wb-next-order'
    ]
  ]

WMS652.realQrFlags[lost-accepted-ack;supply_ids=A]: AssertionError [ERR_ASSERTION]: Expected values to be strictly deep-equal:
+ actual - expected

  [
    [
      '/operations/packaging-tasks/task-wb-a/lines/line-wb-a-order/pack',
+     2,
-     1,
      'wb-a-order'
    ],
    [
      '/operations/packaging-tasks/task-wb-a/lines/line-wb-next-order/pack',
+     2,
-     1,
      'wb-next-order'
    ]
  ]

WMS652.realQrFlags[lost-accepted-ack;supply_ids=A,B]: AssertionError [ERR_ASSERTION]: Expected values to be strictly deep-equal:
+ actual - expected

  [
    [
      '/operations/packaging-tasks/task-wb-a/lines/line-wb-a-order/pack',
+     2,
-     1,
      'wb-a-order'
    ],
    [
      '/operations/packaging-tasks/task-wb-b/lines/line-wb-next-order/pack',
+     2,
-     1,
      'wb-next-order'
    ]
  ]

WMS652.realQrFlags[remount-after-lost-ack;supply_id=A]: AssertionError [ERR_ASSERTION]: Expected values to be strictly deep-equal:
+ actual - expected

  [
    [
      '/operations/packaging-tasks/task-wb-a/lines/line-wb-a-order/pack',
+     2,
-     1,
      'wb-a-order'
    ],
    [
      '/operations/packaging-tasks/task-wb-a/lines/line-wb-next-order/pack',
+     2,
-     1,
      'wb-next-order'
    ]
  ]

WMS652.realQrFlags[remount-after-lost-ack;supply_ids=A]: AssertionError [ERR_ASSERTION]: Expected values to be strictly deep-equal:
+ actual - expected

  [
    [
      '/operations/packaging-tasks/task-wb-a/lines/line-wb-a-order/pack',
+     2,
-     1,
      'wb-a-order'
    ],
    [
      '/operations/packaging-tasks/task-wb-a/lines/line-wb-next-order/pack',
+     2,
-     1,
      'wb-next-order'
    ]
  ]

WMS652.realQrFlags[remount-after-lost-ack;supply_ids=A,B]: AssertionError [ERR_ASSERTION]: Expected values to be strictly deep-equal:
+ actual - expected

  [
    [
      '/operations/packaging-tasks/task-wb-a/lines/line-wb-a-order/pack',
+     2,
-     1,
      'wb-a-order'
    ],
    [
      '/operations/packaging-tasks/task-wb-b/lines/line-wb-next-order/pack',
+     2,
-     1,
      'wb-next-order'
    ]
  ]

AssertionError [ERR_ASSERTION]: one or more real-screen cases failed
    at file:///Users/deniscivkunov/Projects/WMS/.worktrees/wms652-critical-fbs-contracts/frontend/tests-e2e/wms652-critical/browser.mjs:214:3 {
  generatedMessage: false,
  code: 'ERR_ASSERTION',
  actual: false,
  expected: true,
  operator: '==',
  diff: 'simple'
}
