TAP version 13
# Subtest: C2: весь смешанный короб сохраняет собственный код, товары и КИЗ, повтор не удваивает состав
ok 1 - C2: весь смешанный короб сохраняет собственный код, товары и КИЗ, повтор не удваивает состав
  ---
  duration_ms: 1.427542
  type: 'test'
  ...
# Subtest: C3: частичный подбор переносит только выбранные конкретные КИЗ и сохраняет историю остальных
ok 2 - C3: частичный подбор переносит только выбранные конкретные КИЗ и сохраняет историю остальных
  ---
  duration_ms: 0.231667
  type: 'test'
  ...
# Subtest: C3: количество без конкретных КИЗ либо КИЗ другого товара не подтверждает уходящие единицы
ok 3 - C3: количество без конкретных КИЗ либо КИЗ другого товара не подтверждает уходящие единицы
  ---
  duration_ms: 0.209958
  type: 'test'
  ...
# Subtest: C4: вся ячейка переносит оба короба и смешанный состав без списания остатка
ok 4 - C4: вся ячейка переносит оба короба и смешанный состав без списания остатка
  ---
  duration_ms: 0.271959
  type: 'test'
  ...
# Subtest: C5/C6: добровольный перескан той же единицы в перенесённом коробе не требует переупаковки и не добавляет товар
ok 5 - C5/C6: добровольный перескан той же единицы в перенесённом коробе не требует переупаковки и не добавляет товар
  ---
  duration_ms: 0.165416
  type: 'test'
  ...
# Subtest: C6: КИЗ другого товара или другого короба не становится проверкой выбранной единицы
ok 6 - C6: КИЗ другого товара или другого короба не становится проверкой выбранной единицы
  ---
  duration_ms: 0.187125
  type: 'test'
  ...
# Subtest: C7: новый короб получает код, добавленная единица сохраняет КИЗ/приёмку, закрытие выбирает следующий короб
ok 7 - C7: новый короб получает код, добавленная единица сохраняет КИЗ/приёмку, закрытие выбирает следующий короб
  ---
  duration_ms: 0.254625
  type: 'test'
  ...
# Subtest: C6/C7: один КИЗ нельзя назначить второй единице, повтор той же единицы не дублирует короб
ok 8 - C6/C7: один КИЗ нельзя назначить второй единице, повтор той же единицы не дублирует короб
  ---
  duration_ms: 0.150833
  type: 'test'
  ...
# Subtest: C8: сброс демо полностью восстанавливает исходные короба, КИЗ и прогресс
ok 9 - C8: сброс демо полностью восстанавливает исходные короба, КИЗ и прогресс
  ---
  duration_ms: 0.161875
  type: 'test'
  ...
# Subtest: C8: сохранение и повторная загрузка восстанавливают точный прогресс и связи КИЗ
ok 10 - C8: сохранение и повторная загрузка восстанавливают точный прогресс и связи КИЗ
  ---
  duration_ms: 0.304542
  type: 'test'
  ...
# Subtest: C9: неизвестный API-маршрут явно отказывает без любого сетевого fallback
ok 11 - C9: неизвестный API-маршрут явно отказывает без любого сетевого fallback
  ---
  duration_ms: 15.985875
  type: 'test'
  ...
1..11
# tests 11
# suites 0
# pass 11
# fail 0
# cancelled 0
# skipped 0
# todo 0
# duration_ms 135.3325
