
DevTools listening on ws://127.0.0.1:16687/devtools/browser/61454630-1da4-48e1-bf95-f843b157ce2f
Trying to load the allocator multiple times. This is *not* supported.
[42594:295673:1006/224342.206729:ERROR:ui/display/mac/cv_display_link_mac.mm:188] CVDisplayLinkCreateWithCGDisplay failed. CVReturn: -6670
[42594:295673:1006/224342.207207:ERROR:ui/display/mac/cv_display_link_mac.mm:188] CVDisplayLinkCreateWithCGDisplay failed. CVReturn: -6670
[42594:295673:1006/224342.207534:ERROR:ui/display/mac/cv_display_link_mac.mm:188] CVDisplayLinkCreateWithCGDisplay failed. CVReturn: -6670
[42594:295673:1006/224342.207646:ERROR:ui/display/mac/cv_display_link_mac.mm:188] CVDisplayLinkCreateWithCGDisplay failed. CVReturn: -6670
[42594:295673:1006/224342.207735:ERROR:ui/display/mac/cv_display_link_mac.mm:188] CVDisplayLinkCreateWithCGDisplay failed. CVReturn: -6670
[42594:295673:1006/224342.207817:ERROR:ui/display/mac/cv_display_link_mac.mm:188] CVDisplayLinkCreateWithCGDisplay failed. CVReturn: -6670
[42594:295673:1006/224344.088516:ERROR:ui/display/mac/cv_display_link_mac.mm:188] CVDisplayLinkCreateWithCGDisplay failed. CVReturn: -6670
[42594:295673:1006/224344.255650:ERROR:ui/display/mac/cv_display_link_mac.mm:188] CVDisplayLinkCreateWithCGDisplay failed. CVReturn: -6670
[42594:295673:1006/224344.305902:ERROR:ui/display/mac/cv_display_link_mac.mm:188] CVDisplayLinkCreateWithCGDisplay failed. CVReturn: -6670
[42594:295673:1006/224344.389933:ERROR:ui/display/mac/cv_display_link_mac.mm:188] CVDisplayLinkCreateWithCGDisplay failed. CVReturn: -6670
[42594:295673:1006/224344.447821:ERROR:ui/display/mac/cv_display_link_mac.mm:188] CVDisplayLinkCreateWithCGDisplay failed. CVReturn: -6670
[42594:295673:1006/224344.522216:ERROR:ui/display/mac/cv_display_link_mac.mm:188] CVDisplayLinkCreateWithCGDisplay failed. CVReturn: -6670
[42594:295673:1006/224344.572199:ERROR:ui/display/mac/cv_display_link_mac.mm:188] CVDisplayLinkCreateWithCGDisplay failed. CVReturn: -6670
[42613:295926:1006/224344.591469:ERROR:sandbox/mac/system_services.cc:31] SetApplicationIsDaemon: Error Domain=NSOSStatusErrorDomain Code=-50 "paramErr: error in user parameter list" (-50)
[42586:295603:1006/224344.819046:ERROR:google_apis/gcm/engine/registration_request.cc:291] Registration response error message: PHONE_REGISTRATION_ERROR
[42586:295603:1006/224344.830467:ERROR:google_apis/gcm/engine/registration_request.cc:291] Registration response error message: PHONE_REGISTRATION_ERROR
Created TensorFlow Lite XNNPACK delegate for CPU.
[42638:296402:1006/224400.841257:VERBOSE1:chrome/updater/updater.cc:364] Version: 156.0.8067.0, opt, ARM_64, command line: /Users/deniscivkunov/Library/Application Support/Google/GoogleUpdater/156.0.8067.0/GoogleUpdater.app/Contents/MacOS/GoogleUpdater --wake-all --enable-logging --vmodule=*/components/update_client/*=2,*/chrome/enterprise_companion/*=2,*/chrome/updater/*=2
[42638:296402:1006/224400.842416:VERBOSE1:chrome/updater/updater.cc:367] OS version: 26.3.0, arch: arm64, System uptime (seconds): 8034, parent pid: 42586
[42638:296402:1006/224400.845630:VERBOSE1:chrome/updater/updater.cc:372] Available disk space in install directory (/Users/deniscivkunov/Library/Application Support/Google/GoogleUpdater): 5733343232B (5.340GiB) / 245107195904B (228.274GiB)
[42638:296402:1006/224400.845675:VERBOSE1:chrome/updater/updater.cc:376] Available disk space in temporary directory (/var/folders/v2/zf9pcbpd4d50jvs85vz5jxhm0000gn/T/): 5733343232B (5.340GiB) / 245107195904B (228.274GiB)
[42638:296402:1006/224400.845782:VERBOSE2:chrome/updater/event_history.cc:266] Emitted a UPDATER_PROCESS START event to the history log
[42640:296406:1006/224400.855945:VERBOSE1:chrome/updater/updater.cc:364] Version: 156.0.8067.0, opt, ARM_64, command line: /Users/deniscivkunov/Library/Application Support/Google/GoogleUpdater/156.0.8067.0/GoogleUpdater.app/Contents/MacOS/GoogleUpdater --crash-handler --database=/Users/deniscivkunov/Library/Application Support/Google/GoogleUpdater/156.0.8067.0/Crashpad --url=https://clients2.google.com/cr/report --annotation=prod=Update4 --annotation=ver=156.0.8067.0 --handshake-fd=6 --enable-logging --vmodule=*/components/update_client/*=2,*/chrome/enterprise_companion/*=2,*/chrome/updater/*=2
[42640:296406:1006/224400.856632:VERBOSE1:chrome/updater/updater.cc:367] OS version: 26.3.0, arch: arm64, System uptime (seconds): 8034, parent pid: 1
[42640:296406:1006/224400.859920:VERBOSE1:chrome/updater/updater.cc:372] Available disk space in install directory (/Users/deniscivkunov/Library/Application Support/Google/GoogleUpdater): 5733257216B (5.340GiB) / 245107195904B (228.274GiB)
[42640:296406:1006/224400.859994:VERBOSE1:chrome/updater/updater.cc:376] Available disk space in temporary directory (/var/folders/v2/zf9pcbpd4d50jvs85vz5jxhm0000gn/T/): 5733257216B (5.340GiB) / 245107195904B (228.274GiB)
[42640:296406:1006/224400.860133:VERBOSE2:chrome/updater/event_history.cc:266] Emitted a UPDATER_PROCESS START event to the history log
[42638:296402:1006/224400.860903:VERBOSE1:chrome/updater/crash_reporter.cc:123] Crash handler launched and ready.
[42638:296402:1006/224400.861735:VERBOSE1:chrome/updater/crash_client.cc:108] Found 0 completed crash reports
[42638:296402:1006/224400.861830:VERBOSE1:chrome/updater/crash_client.cc:132] Found 0 pending crash reports
[42638:296402:1006/224400.861964:ERROR:third_party/crashpad/crashpad/util/file/file_io_posix.cc:145] open /Users/deniscivkunov/Library/Application Support/Google/RLZ/Crashpad/settings.dat: No such file or directory (2)
[42638:296402:1006/224400.862206:VERBOSE1:chrome/updater/updater.cc:105] Crash reporting initialized.
[42638:296414:1006/224400.862548:VERBOSE1:chrome/updater/app/app_wakeall.cc:58] Launching `/Users/deniscivkunov/Library/Application Support/Google/GoogleUpdater/156.0.8067.0/GoogleUpdater.app/Contents/MacOS/GoogleUpdater --wake`
[42641:296418:1006/224400.871479:VERBOSE1:chrome/updater/updater.cc:364] Version: 156.0.8067.0, opt, ARM_64, command line: /Users/deniscivkunov/Library/Application Support/Google/GoogleUpdater/156.0.8067.0/GoogleUpdater.app/Contents/MacOS/GoogleUpdater --wake --enable-logging --vmodule=*/components/update_client/*=2,*/chrome/enterprise_companion/*=2,*/chrome/updater/*=2
[42641:296418:1006/224400.872193:VERBOSE1:chrome/updater/updater.cc:367] OS version: 26.3.0, arch: arm64, System uptime (seconds): 8034, parent pid: 42638
[42641:296418:1006/224400.874422:VERBOSE1:chrome/updater/updater.cc:372] Available disk space in install directory (/Users/deniscivkunov/Library/Application Support/Google/GoogleUpdater): 5733216256B (5.339GiB) / 245107195904B (228.274GiB)
[42641:296418:1006/224400.874465:VERBOSE1:chrome/updater/updater.cc:376] Available disk space in temporary directory (/var/folders/v2/zf9pcbpd4d50jvs85vz5jxhm0000gn/T/): 5733216256B (5.339GiB) / 245107195904B (228.274GiB)
[42641:296418:1006/224400.874549:VERBOSE2:chrome/updater/event_history.cc:266] Emitted a UPDATER_PROCESS START event to the history log
[42643:296422:1006/224400.885255:VERBOSE1:chrome/updater/updater.cc:364] Version: 156.0.8067.0, opt, ARM_64, command line: /Users/deniscivkunov/Library/Application Support/Google/GoogleUpdater/156.0.8067.0/GoogleUpdater.app/Contents/MacOS/GoogleUpdater --crash-handler --database=/Users/deniscivkunov/Library/Application Support/Google/GoogleUpdater/156.0.8067.0/Crashpad --url=https://clients2.google.com/cr/report --annotation=prod=Update4 --annotation=ver=156.0.8067.0 --handshake-fd=6 --enable-logging --vmodule=*/components/update_client/*=2,*/chrome/enterprise_companion/*=2,*/chrome/updater/*=2
[42643:296422:1006/224400.885840:VERBOSE1:chrome/updater/updater.cc:367] OS version: 26.3.0, arch: arm64, System uptime (seconds): 8034, parent pid: 1
[42643:296422:1006/224400.887989:VERBOSE1:chrome/updater/updater.cc:372] Available disk space in install directory (/Users/deniscivkunov/Library/Application Support/Google/GoogleUpdater): 5733216256B (5.339GiB) / 245107195904B (228.274GiB)
[42643:296422:1006/224400.888025:VERBOSE1:chrome/updater/updater.cc:376] Available disk space in temporary directory (/var/folders/v2/zf9pcbpd4d50jvs85vz5jxhm0000gn/T/): 5733216256B (5.339GiB) / 245107195904B (228.274GiB)
[42643:296422:1006/224400.888106:VERBOSE2:chrome/updater/event_history.cc:266] Emitted a UPDATER_PROCESS START event to the history log
[42641:296418:1006/224400.888641:VERBOSE1:chrome/updater/crash_reporter.cc:123] Crash handler launched and ready.
[42641:296418:1006/224400.889438:VERBOSE1:chrome/updater/crash_client.cc:108] Found 0 completed crash reports
[42641:296418:1006/224400.889536:VERBOSE1:chrome/updater/crash_client.cc:132] Found 0 pending crash reports
[42641:296418:1006/224400.889633:ERROR:third_party/crashpad/crashpad/util/file/file_io_posix.cc:145] open /Users/deniscivkunov/Library/Application Support/Google/RLZ/Crashpad/settings.dat: No such file or directory (2)
[42641:296418:1006/224400.889938:VERBOSE1:chrome/updater/updater.cc:105] Crash reporting initialized.
[42641:296418:1006/224400.890170:VERBOSE1:chrome/updater/ipc/update_service_internal_proxy_mojo.cc:61] Run
[42586:295603:1006/224412.718733:ERROR:google_apis/gcm/engine/registration_request.cc:291] Registration response error message: QUOTA_EXCEEDED
[42641:296418:1006/224418.262182:VERBOSE1:chrome/updater/app/app.cc:52] Shutdown: 0
[42641:296418:1006/224418.262483:VERBOSE2:chrome/updater/event_history.cc:266] Emitted a UPDATER_PROCESS END event to the history log
[42641:296418:1006/224418.262501:VERBOSE1:chrome/updater/updater.cc:409] UpdaterMain (--wake) returned 0.
[42638:296414:1006/224418.502182:VERBOSE1:chrome/updater/app/app_wakeall.cc:68] `/Users/deniscivkunov/Library/Application Support/Google/GoogleUpdater/156.0.8067.0/GoogleUpdater.app/Contents/MacOS/GoogleUpdater --wake` exited 0
[42638:296402:1006/224418.502301:VERBOSE1:chrome/updater/app/app.cc:52] Shutdown: 0
[42638:296402:1006/224418.502573:VERBOSE2:chrome/updater/event_history.cc:266] Emitted a UPDATER_PROCESS END event to the history log
[42638:296402:1006/224418.502591:VERBOSE1:chrome/updater/updater.cc:409] UpdaterMain (--wake-all) returned 0.
[42643:296422:1006/224428.270204:VERBOSE2:chrome/updater/event_history.cc:266] Emitted a UPDATER_PROCESS END event to the history log
[42643:296422:1006/224428.270226:VERBOSE1:chrome/updater/updater.cc:409] UpdaterMain (--crash-handler) returned 0.
[42640:296406:1006/224428.270880:VERBOSE2:chrome/updater/event_history.cc:266] Emitted a UPDATER_PROCESS END event to the history log
[42640:296406:1006/224428.270898:VERBOSE1:chrome/updater/updater.cc:409] UpdaterMain (--crash-handler) returned 0.
