
DevTools listening on ws://127.0.0.1:16687/devtools/browser/07f7d0d4-6be2-4865-be31-f991227e3a24
Trying to load the allocator multiple times. This is *not* supported.
[55307:392654:1006/233427.687359:ERROR:ui/display/mac/cv_display_link_mac.mm:188] CVDisplayLinkCreateWithCGDisplay failed. CVReturn: -6670
[55307:392654:1006/233427.687875:ERROR:ui/display/mac/cv_display_link_mac.mm:188] CVDisplayLinkCreateWithCGDisplay failed. CVReturn: -6670
[55307:392654:1006/233427.687974:ERROR:ui/display/mac/cv_display_link_mac.mm:188] CVDisplayLinkCreateWithCGDisplay failed. CVReturn: -6670
[55307:392654:1006/233427.688049:ERROR:ui/display/mac/cv_display_link_mac.mm:188] CVDisplayLinkCreateWithCGDisplay failed. CVReturn: -6670
[55307:392654:1006/233427.688125:ERROR:ui/display/mac/cv_display_link_mac.mm:188] CVDisplayLinkCreateWithCGDisplay failed. CVReturn: -6670
[55307:392654:1006/233427.688220:ERROR:ui/display/mac/cv_display_link_mac.mm:188] CVDisplayLinkCreateWithCGDisplay failed. CVReturn: -6670
[55307:392654:1006/233429.546810:ERROR:ui/display/mac/cv_display_link_mac.mm:188] CVDisplayLinkCreateWithCGDisplay failed. CVReturn: -6670
[55307:392654:1006/233429.717668:ERROR:ui/display/mac/cv_display_link_mac.mm:188] CVDisplayLinkCreateWithCGDisplay failed. CVReturn: -6670
[55307:392654:1006/233429.816712:ERROR:ui/display/mac/cv_display_link_mac.mm:188] CVDisplayLinkCreateWithCGDisplay failed. CVReturn: -6670
[55307:392654:1006/233429.899555:ERROR:ui/display/mac/cv_display_link_mac.mm:188] CVDisplayLinkCreateWithCGDisplay failed. CVReturn: -6670
[55307:392654:1006/233429.978372:ERROR:ui/display/mac/cv_display_link_mac.mm:188] CVDisplayLinkCreateWithCGDisplay failed. CVReturn: -6670
[55307:392654:1006/233430.165807:ERROR:ui/display/mac/cv_display_link_mac.mm:188] CVDisplayLinkCreateWithCGDisplay failed. CVReturn: -6670
[55307:392654:1006/233430.265386:ERROR:ui/display/mac/cv_display_link_mac.mm:188] CVDisplayLinkCreateWithCGDisplay failed. CVReturn: -6670
[55299:392601:1006/233430.354530:ERROR:google_apis/gcm/engine/registration_request.cc:291] Registration response error message: PHONE_REGISTRATION_ERROR
[55299:392601:1006/233430.359508:ERROR:google_apis/gcm/engine/registration_request.cc:291] Registration response error message: PHONE_REGISTRATION_ERROR
[55299:392601:1006/233430.360691:ERROR:google_apis/gcm/engine/registration_request.cc:291] Registration response error message: PHONE_REGISTRATION_ERROR
[55299:392601:1006/233430.489800:ERROR:google_apis/gcm/engine/mcs_client.cc:702]   Error code: 401  Error message: Authentication Failed: wrong_secret
[55299:392601:1006/233430.489834:ERROR:google_apis/gcm/engine/mcs_client.cc:704] Failed to log in to GCM, resetting connection.
[55345:393080:1006/233431.043746:ERROR:sandbox/mac/system_services.cc:31] SetApplicationIsDaemon: Error Domain=NSOSStatusErrorDomain Code=-50 "paramErr: error in user parameter list" (-50)
Created TensorFlow Lite XNNPACK delegate for CPU.
[55434:393818:1006/233446.395092:VERBOSE1:chrome/updater/updater.cc:364] Version: 156.0.8067.0, opt, ARM_64, command line: /Users/deniscivkunov/Library/Application Support/Google/GoogleUpdater/156.0.8067.0/GoogleUpdater.app/Contents/MacOS/GoogleUpdater --wake-all --enable-logging --vmodule=*/components/update_client/*=2,*/chrome/enterprise_companion/*=2,*/chrome/updater/*=2
[55434:393818:1006/233446.396803:VERBOSE1:chrome/updater/updater.cc:367] OS version: 26.3.0, arch: arm64, System uptime (seconds): 11079, parent pid: 55299
[55434:393818:1006/233446.400916:VERBOSE1:chrome/updater/updater.cc:372] Available disk space in install directory (/Users/deniscivkunov/Library/Application Support/Google/GoogleUpdater): 2360537088B (2.198GiB) / 245107195904B (228.274GiB)
[55434:393818:1006/233446.400987:VERBOSE1:chrome/updater/updater.cc:376] Available disk space in temporary directory (/var/folders/v2/zf9pcbpd4d50jvs85vz5jxhm0000gn/T/): 2360537088B (2.198GiB) / 245107195904B (228.274GiB)
[55434:393818:1006/233446.401191:VERBOSE2:chrome/updater/event_history.cc:266] Emitted a UPDATER_PROCESS START event to the history log
[55437:393823:1006/233446.421262:VERBOSE1:chrome/updater/updater.cc:364] Version: 156.0.8067.0, opt, ARM_64, command line: /Users/deniscivkunov/Library/Application Support/Google/GoogleUpdater/156.0.8067.0/GoogleUpdater.app/Contents/MacOS/GoogleUpdater --crash-handler --database=/Users/deniscivkunov/Library/Application Support/Google/GoogleUpdater/156.0.8067.0/Crashpad --url=https://clients2.google.com/cr/report --annotation=prod=Update4 --annotation=ver=156.0.8067.0 --handshake-fd=6 --enable-logging --vmodule=*/components/update_client/*=2,*/chrome/enterprise_companion/*=2,*/chrome/updater/*=2
[55437:393823:1006/233446.422804:VERBOSE1:chrome/updater/updater.cc:367] OS version: 26.3.0, arch: arm64, System uptime (seconds): 11079, parent pid: 1
[55437:393823:1006/233446.433078:VERBOSE1:chrome/updater/updater.cc:372] Available disk space in install directory (/Users/deniscivkunov/Library/Application Support/Google/GoogleUpdater): 2360172544B (2.198GiB) / 245107195904B (228.274GiB)
[55437:393823:1006/233446.433228:VERBOSE1:chrome/updater/updater.cc:376] Available disk space in temporary directory (/var/folders/v2/zf9pcbpd4d50jvs85vz5jxhm0000gn/T/): 2360172544B (2.198GiB) / 245107195904B (228.274GiB)
[55437:393823:1006/233446.433334:VERBOSE2:chrome/updater/event_history.cc:266] Emitted a UPDATER_PROCESS START event to the history log
[55434:393818:1006/233446.434083:VERBOSE1:chrome/updater/crash_reporter.cc:123] Crash handler launched and ready.
[55434:393818:1006/233446.435550:VERBOSE1:chrome/updater/crash_client.cc:108] Found 0 completed crash reports
[55434:393818:1006/233446.435822:VERBOSE1:chrome/updater/crash_client.cc:132] Found 0 pending crash reports
[55434:393818:1006/233446.435959:ERROR:third_party/crashpad/crashpad/util/file/file_io_posix.cc:145] open /Users/deniscivkunov/Library/Application Support/Google/RLZ/Crashpad/settings.dat: No such file or directory (2)
[55434:393818:1006/233446.436418:VERBOSE1:chrome/updater/updater.cc:105] Crash reporting initialized.
[55434:393839:1006/233446.437549:VERBOSE1:chrome/updater/app/app_wakeall.cc:58] Launching `/Users/deniscivkunov/Library/Application Support/Google/GoogleUpdater/156.0.8067.0/GoogleUpdater.app/Contents/MacOS/GoogleUpdater --wake`
[55438:393843:1006/233446.461236:VERBOSE1:chrome/updater/updater.cc:364] Version: 156.0.8067.0, opt, ARM_64, command line: /Users/deniscivkunov/Library/Application Support/Google/GoogleUpdater/156.0.8067.0/GoogleUpdater.app/Contents/MacOS/GoogleUpdater --wake --enable-logging --vmodule=*/components/update_client/*=2,*/chrome/enterprise_companion/*=2,*/chrome/updater/*=2
[55438:393843:1006/233446.462898:VERBOSE1:chrome/updater/updater.cc:367] OS version: 26.3.0, arch: arm64, System uptime (seconds): 11079, parent pid: 55434
[55438:393843:1006/233446.467951:VERBOSE1:chrome/updater/updater.cc:372] Available disk space in install directory (/Users/deniscivkunov/Library/Application Support/Google/GoogleUpdater): 2360082432B (2.198GiB) / 245107195904B (228.274GiB)
[55438:393843:1006/233446.468027:VERBOSE1:chrome/updater/updater.cc:376] Available disk space in temporary directory (/var/folders/v2/zf9pcbpd4d50jvs85vz5jxhm0000gn/T/): 2360082432B (2.198GiB) / 245107195904B (228.274GiB)
[55438:393843:1006/233446.468176:VERBOSE2:chrome/updater/event_history.cc:266] Emitted a UPDATER_PROCESS START event to the history log
[55440:393847:1006/233446.486064:VERBOSE1:chrome/updater/updater.cc:364] Version: 156.0.8067.0, opt, ARM_64, command line: /Users/deniscivkunov/Library/Application Support/Google/GoogleUpdater/156.0.8067.0/GoogleUpdater.app/Contents/MacOS/GoogleUpdater --crash-handler --database=/Users/deniscivkunov/Library/Application Support/Google/GoogleUpdater/156.0.8067.0/Crashpad --url=https://clients2.google.com/cr/report --annotation=prod=Update4 --annotation=ver=156.0.8067.0 --handshake-fd=6 --enable-logging --vmodule=*/components/update_client/*=2,*/chrome/enterprise_companion/*=2,*/chrome/updater/*=2
[55440:393847:1006/233446.487236:VERBOSE1:chrome/updater/updater.cc:367] OS version: 26.3.0, arch: arm64, System uptime (seconds): 11079, parent pid: 1
[55440:393847:1006/233446.491297:VERBOSE1:chrome/updater/updater.cc:372] Available disk space in install directory (/Users/deniscivkunov/Library/Application Support/Google/GoogleUpdater): 2359971840B (2.198GiB) / 245107195904B (228.274GiB)
[55440:393847:1006/233446.491371:VERBOSE1:chrome/updater/updater.cc:376] Available disk space in temporary directory (/var/folders/v2/zf9pcbpd4d50jvs85vz5jxhm0000gn/T/): 2359971840B (2.198GiB) / 245107195904B (228.274GiB)
[55440:393847:1006/233446.491607:VERBOSE2:chrome/updater/event_history.cc:266] Emitted a UPDATER_PROCESS START event to the history log
[55438:393843:1006/233446.493406:VERBOSE1:chrome/updater/crash_reporter.cc:123] Crash handler launched and ready.
[55438:393843:1006/233446.495405:VERBOSE1:chrome/updater/crash_client.cc:108] Found 0 completed crash reports
[55438:393843:1006/233446.495562:VERBOSE1:chrome/updater/crash_client.cc:132] Found 0 pending crash reports
[55438:393843:1006/233446.495685:ERROR:third_party/crashpad/crashpad/util/file/file_io_posix.cc:145] open /Users/deniscivkunov/Library/Application Support/Google/RLZ/Crashpad/settings.dat: No such file or directory (2)
[55438:393843:1006/233446.496303:VERBOSE1:chrome/updater/updater.cc:105] Crash reporting initialized.
[55438:393843:1006/233446.496714:VERBOSE1:chrome/updater/ipc/update_service_internal_proxy_mojo.cc:61] Run
[55299:392601:1006/233455.163226:ERROR:google_apis/gcm/engine/registration_request.cc:291] Registration response error message: DEPRECATED_ENDPOINT
[55438:393843:1006/233503.752482:VERBOSE1:chrome/updater/app/app.cc:52] Shutdown: 0
[55438:393843:1006/233503.753199:VERBOSE2:chrome/updater/event_history.cc:266] Emitted a UPDATER_PROCESS END event to the history log
[55438:393843:1006/233503.753229:VERBOSE1:chrome/updater/updater.cc:409] UpdaterMain (--wake) returned 0.
[55434:393839:1006/233503.761959:VERBOSE1:chrome/updater/app/app_wakeall.cc:68] `/Users/deniscivkunov/Library/Application Support/Google/GoogleUpdater/156.0.8067.0/GoogleUpdater.app/Contents/MacOS/GoogleUpdater --wake` exited 0
[55434:393818:1006/233503.762288:VERBOSE1:chrome/updater/app/app.cc:52] Shutdown: 0
[55434:393818:1006/233503.762616:VERBOSE2:chrome/updater/event_history.cc:266] Emitted a UPDATER_PROCESS END event to the history log
[55434:393818:1006/233503.762635:VERBOSE1:chrome/updater/updater.cc:409] UpdaterMain (--wake-all) returned 0.
[55440:393847:1006/233513.766860:VERBOSE2:chrome/updater/event_history.cc:266] Emitted a UPDATER_PROCESS END event to the history log
[55440:393847:1006/233513.766913:VERBOSE1:chrome/updater/updater.cc:409] UpdaterMain (--crash-handler) returned 0.
[55437:393823:1006/233513.768103:VERBOSE2:chrome/updater/event_history.cc:266] Emitted a UPDATER_PROCESS END event to the history log
[55437:393823:1006/233513.768152:VERBOSE1:chrome/updater/updater.cc:409] UpdaterMain (--crash-handler) returned 0.
[55299:392601:1006/233539.013346:ERROR:google_apis/gcm/engine/registration_request.cc:291] Registration response error message: DEPRECATED_ENDPOINT
