
 RUN  v3.2.6 /Users/deniscivkunov/Projects/WMS/.worktrees/wms652-printing-audit-mutants/frontend

 ✓ src/guards/scan-print/fbsSequentialPacking.test.ts (37 tests) 74ms
 ✓ src/guards/scan-print/fbsScanAutoPrint.test.ts (12 tests) 4ms
 ✓ src/guards/scan-print/fbsSequentialPacking.copies.test.ts (8 tests) 7ms
 ✓ src/guards/scan-print/fbsSequentialPacking.binding.test.ts (6 tests) 11ms
 ✓ src/guards/scan-print/fbsSequentialPacking.fullLabel.test.ts (6 tests) 6ms
 ✓ src/guards/scan-print/fbsSequentialPacking.recovery.test.ts (3 tests) 7ms
stderr | src/guards/scan-print/FbsScanPrintToggles.dom.test.tsx > WMS-633 · «− N +» counter never takes the scanner > +/− change N within 1…10 and leave the focus on the scan field
An update to ForwardRef(TouchRipple) inside a test was not wrapped in act(...).

When testing, code that causes React state updates should be wrapped into act(...):

act(() => {
  /* fire events that update state */
});
/* assert on the output */

This ensures that you're testing the behavior the user would see in the browser. Learn more at https://react.dev/link/wrap-tests-with-act
An update to ForwardRef(TouchRipple) inside a test was not wrapped in act(...).

When testing, code that causes React state updates should be wrapped into act(...):

act(() => {
  /* fire events that update state */
});
/* assert on the output */

This ensures that you're testing the behavior the user would see in the browser. Learn more at https://react.dev/link/wrap-tests-with-act

 ✓ src/guards/scan-print/FbsScanPrintToggles.dom.test.tsx (3 tests) 62ms

 Test Files  7 passed (7)
      Tests  75 passed (75)
   Start at  22:02:14
   Duration  2.61s (transform 238ms, setup 0ms, collect 1.04s, tests 171ms, environment 545ms, prepare 223ms)

