
DevTools listening on ws://127.0.0.1:16687/devtools/browser/c39fbdea-27cc-4e6c-8cd0-9ba6329c4f26
Trying to load the allocator multiple times. This is *not* supported.
[36236:243710:1006/222717.978858:ERROR:ui/display/mac/cv_display_link_mac.mm:188] CVDisplayLinkCreateWithCGDisplay failed. CVReturn: -6670
[36236:243710:1006/222717.979498:ERROR:ui/display/mac/cv_display_link_mac.mm:188] CVDisplayLinkCreateWithCGDisplay failed. CVReturn: -6670
[36236:243710:1006/222717.979660:ERROR:ui/display/mac/cv_display_link_mac.mm:188] CVDisplayLinkCreateWithCGDisplay failed. CVReturn: -6670
[36236:243710:1006/222717.979810:ERROR:ui/display/mac/cv_display_link_mac.mm:188] CVDisplayLinkCreateWithCGDisplay failed. CVReturn: -6670
[36236:243710:1006/222717.979932:ERROR:ui/display/mac/cv_display_link_mac.mm:188] CVDisplayLinkCreateWithCGDisplay failed. CVReturn: -6670
[36236:243710:1006/222717.980065:ERROR:ui/display/mac/cv_display_link_mac.mm:188] CVDisplayLinkCreateWithCGDisplay failed. CVReturn: -6670
[36236:243710:1006/222719.797350:ERROR:ui/display/mac/cv_display_link_mac.mm:188] CVDisplayLinkCreateWithCGDisplay failed. CVReturn: -6670
[36236:243710:1006/222719.984999:ERROR:ui/display/mac/cv_display_link_mac.mm:188] CVDisplayLinkCreateWithCGDisplay failed. CVReturn: -6670
[36236:243710:1006/222720.097547:ERROR:ui/display/mac/cv_display_link_mac.mm:188] CVDisplayLinkCreateWithCGDisplay failed. CVReturn: -6670
[36236:243710:1006/222720.237293:ERROR:ui/display/mac/cv_display_link_mac.mm:188] CVDisplayLinkCreateWithCGDisplay failed. CVReturn: -6670
[36236:243710:1006/222720.352900:ERROR:ui/display/mac/cv_display_link_mac.mm:188] CVDisplayLinkCreateWithCGDisplay failed. CVReturn: -6670
[36236:243710:1006/222720.488491:ERROR:ui/display/mac/cv_display_link_mac.mm:188] CVDisplayLinkCreateWithCGDisplay failed. CVReturn: -6670
[36236:243710:1006/222720.596586:ERROR:ui/display/mac/cv_display_link_mac.mm:188] CVDisplayLinkCreateWithCGDisplay failed. CVReturn: -6670
[36225:243650:1006/222720.667336:ERROR:google_apis/gcm/engine/registration_request.cc:291] Registration response error message: PHONE_REGISTRATION_ERROR
[36225:243650:1006/222720.667677:ERROR:google_apis/gcm/engine/registration_request.cc:291] Registration response error message: PHONE_REGISTRATION_ERROR
[36225:243650:1006/222720.685983:ERROR:google_apis/gcm/engine/registration_request.cc:291] Registration response error message: PHONE_REGISTRATION_ERROR
[36326:244484:1006/222722.413706:ERROR:sandbox/mac/system_services.cc:31] SetApplicationIsDaemon: Error Domain=NSOSStatusErrorDomain Code=-50 "paramErr: error in user parameter list" (-50)
Created TensorFlow Lite XNNPACK delegate for CPU.
[36593:246340:1006/222736.383904:VERBOSE1:chrome/updater/updater.cc:364] Version: 156.0.8067.0, opt, ARM_64, command line: /Users/deniscivkunov/Library/Application Support/Google/GoogleUpdater/156.0.8067.0/GoogleUpdater.app/Contents/MacOS/GoogleUpdater --wake-all --enable-logging --vmodule=*/components/update_client/*=2,*/chrome/enterprise_companion/*=2,*/chrome/updater/*=2
[36593:246340:1006/222736.385437:VERBOSE1:chrome/updater/updater.cc:367] OS version: 26.3.0, arch: arm64, System uptime (seconds): 7049, parent pid: 36225
[36593:246340:1006/222736.393798:VERBOSE1:chrome/updater/updater.cc:372] Available disk space in install directory (/Users/deniscivkunov/Library/Application Support/Google/GoogleUpdater): 9093005312B (8.469GiB) / 245107195904B (228.274GiB)
[36593:246340:1006/222736.393867:VERBOSE1:chrome/updater/updater.cc:376] Available disk space in temporary directory (/var/folders/v2/zf9pcbpd4d50jvs85vz5jxhm0000gn/T/): 9093005312B (8.469GiB) / 245107195904B (228.274GiB)
[36593:246340:1006/222736.394005:VERBOSE2:chrome/updater/event_history.cc:266] Emitted a UPDATER_PROCESS START event to the history log
[36596:246348:1006/222736.433641:VERBOSE1:chrome/updater/updater.cc:364] Version: 156.0.8067.0, opt, ARM_64, command line: /Users/deniscivkunov/Library/Application Support/Google/GoogleUpdater/156.0.8067.0/GoogleUpdater.app/Contents/MacOS/GoogleUpdater --crash-handler --database=/Users/deniscivkunov/Library/Application Support/Google/GoogleUpdater/156.0.8067.0/Crashpad --url=https://clients2.google.com/cr/report --annotation=prod=Update4 --annotation=ver=156.0.8067.0 --handshake-fd=6 --enable-logging --vmodule=*/components/update_client/*=2,*/chrome/enterprise_companion/*=2,*/chrome/updater/*=2
[36596:246348:1006/222736.435805:VERBOSE1:chrome/updater/updater.cc:367] OS version: 26.3.0, arch: arm64, System uptime (seconds): 7049, parent pid: 1
[36596:246348:1006/222736.441576:VERBOSE1:chrome/updater/updater.cc:372] Available disk space in install directory (/Users/deniscivkunov/Library/Application Support/Google/GoogleUpdater): 9092968448B (8.468GiB) / 245107195904B (228.274GiB)
[36596:246348:1006/222736.441644:VERBOSE1:chrome/updater/updater.cc:376] Available disk space in temporary directory (/var/folders/v2/zf9pcbpd4d50jvs85vz5jxhm0000gn/T/): 9092968448B (8.468GiB) / 245107195904B (228.274GiB)
[36596:246348:1006/222736.441816:VERBOSE2:chrome/updater/event_history.cc:266] Emitted a UPDATER_PROCESS START event to the history log
[36593:246340:1006/222736.442942:VERBOSE1:chrome/updater/crash_reporter.cc:123] Crash handler launched and ready.
[36593:246340:1006/222736.444863:VERBOSE1:chrome/updater/crash_client.cc:108] Found 0 completed crash reports
[36593:246340:1006/222736.445176:VERBOSE1:chrome/updater/crash_client.cc:132] Found 0 pending crash reports
[36593:246340:1006/222736.445348:ERROR:third_party/crashpad/crashpad/util/file/file_io_posix.cc:145] open /Users/deniscivkunov/Library/Application Support/Google/RLZ/Crashpad/settings.dat: No such file or directory (2)
[36593:246340:1006/222736.445773:VERBOSE1:chrome/updater/updater.cc:105] Crash reporting initialized.
[36593:246373:1006/222736.446632:VERBOSE1:chrome/updater/app/app_wakeall.cc:58] Launching `/Users/deniscivkunov/Library/Application Support/Google/GoogleUpdater/156.0.8067.0/GoogleUpdater.app/Contents/MacOS/GoogleUpdater --wake`
[36599:246377:1006/222736.473313:VERBOSE1:chrome/updater/updater.cc:364] Version: 156.0.8067.0, opt, ARM_64, command line: /Users/deniscivkunov/Library/Application Support/Google/GoogleUpdater/156.0.8067.0/GoogleUpdater.app/Contents/MacOS/GoogleUpdater --wake --enable-logging --vmodule=*/components/update_client/*=2,*/chrome/enterprise_companion/*=2,*/chrome/updater/*=2
[36599:246377:1006/222736.476515:VERBOSE1:chrome/updater/updater.cc:367] OS version: 26.3.0, arch: arm64, System uptime (seconds): 7049, parent pid: 36593
[36599:246377:1006/222736.482539:VERBOSE1:chrome/updater/updater.cc:372] Available disk space in install directory (/Users/deniscivkunov/Library/Application Support/Google/GoogleUpdater): 9092984832B (8.469GiB) / 245107195904B (228.274GiB)
[36599:246377:1006/222736.482699:VERBOSE1:chrome/updater/updater.cc:376] Available disk space in temporary directory (/var/folders/v2/zf9pcbpd4d50jvs85vz5jxhm0000gn/T/): 9092984832B (8.469GiB) / 245107195904B (228.274GiB)
[36599:246377:1006/222736.482863:VERBOSE2:chrome/updater/event_history.cc:266] Emitted a UPDATER_PROCESS START event to the history log
[36602:246386:1006/222736.518564:VERBOSE1:chrome/updater/updater.cc:364] Version: 156.0.8067.0, opt, ARM_64, command line: /Users/deniscivkunov/Library/Application Support/Google/GoogleUpdater/156.0.8067.0/GoogleUpdater.app/Contents/MacOS/GoogleUpdater --crash-handler --database=/Users/deniscivkunov/Library/Application Support/Google/GoogleUpdater/156.0.8067.0/Crashpad --url=https://clients2.google.com/cr/report --annotation=prod=Update4 --annotation=ver=156.0.8067.0 --handshake-fd=6 --enable-logging --vmodule=*/components/update_client/*=2,*/chrome/enterprise_companion/*=2,*/chrome/updater/*=2
[36602:246386:1006/222736.520020:VERBOSE1:chrome/updater/updater.cc:367] OS version: 26.3.0, arch: arm64, System uptime (seconds): 7049, parent pid: 1
[36602:246386:1006/222736.527922:VERBOSE1:chrome/updater/updater.cc:372] Available disk space in install directory (/Users/deniscivkunov/Library/Application Support/Google/GoogleUpdater): 9092984832B (8.469GiB) / 245107195904B (228.274GiB)
[36602:246386:1006/222736.528059:VERBOSE1:chrome/updater/updater.cc:376] Available disk space in temporary directory (/var/folders/v2/zf9pcbpd4d50jvs85vz5jxhm0000gn/T/): 9092984832B (8.469GiB) / 245107195904B (228.274GiB)
[36602:246386:1006/222736.528260:VERBOSE2:chrome/updater/event_history.cc:266] Emitted a UPDATER_PROCESS START event to the history log
[36599:246377:1006/222736.529471:VERBOSE1:chrome/updater/crash_reporter.cc:123] Crash handler launched and ready.
[36599:246377:1006/222736.533185:VERBOSE1:chrome/updater/crash_client.cc:108] Found 0 completed crash reports
[36599:246377:1006/222736.533812:VERBOSE1:chrome/updater/crash_client.cc:132] Found 0 pending crash reports
[36599:246377:1006/222736.534495:ERROR:third_party/crashpad/crashpad/util/file/file_io_posix.cc:145] open /Users/deniscivkunov/Library/Application Support/Google/RLZ/Crashpad/settings.dat: No such file or directory (2)
[36599:246377:1006/222736.535150:VERBOSE1:chrome/updater/updater.cc:105] Crash reporting initialized.
[36599:246377:1006/222736.535950:VERBOSE1:chrome/updater/ipc/update_service_internal_proxy_mojo.cc:61] Run
