WMS652.realQr[supply_id=A]: AssertionError [ERR_ASSERTION]: Expected values to be strictly deep-equal:
+ actual - expected

  [
-   'scan-wb-a-order',
    'scan-wb-a-order:copy',
    'scan-wb-a-order:copy:c2',
-   'scan-wb-next-order',
    'scan-wb-next-order:copy',
    'scan-wb-next-order:copy:c2'
  ]

WMS652.realQr[supply_ids=A]: AssertionError [ERR_ASSERTION]: Expected values to be strictly deep-equal:
+ actual - expected

  [
-   'scan-wb-a-order',
    'scan-wb-a-order:copy',
    'scan-wb-a-order:copy:c2',
-   'scan-wb-next-order',
    'scan-wb-next-order:copy',
    'scan-wb-next-order:copy:c2'
  ]

WMS652.realQr[supply_ids=A,B]: AssertionError [ERR_ASSERTION]: Expected values to be strictly deep-equal:
+ actual - expected

  [
-   'scan-wb-a-order',
    'scan-wb-a-order:copy',
    'scan-wb-a-order:copy:c2',
-   'scan-wb-next-order',
    'scan-wb-next-order:copy',
    'scan-wb-next-order:copy:c2'
  ]

WMS652.selection[single-create]: PASS
WMS652.selection[seller-warehouse-group-retry]: PASS
WMS652.selection[add-existing-refusal-retry]: PASS
AssertionError [ERR_ASSERTION]: one or more real-screen cases failed
    at file:///Users/deniscivkunov/Projects/WMS/.worktrees/wms652-critical-fbs-contracts/frontend/tests-e2e/wms652-critical/browser.mjs:195:3 {
  generatedMessage: false,
  code: 'ERR_ASSERTION',
  actual: false,
  expected: true,
  operator: '==',
  diff: 'simple'
}
