2026-10-06T23:56:58.6293768Z _____ test_all_seven_backup_variants_and_original_assertions_are_preserved _____
2026-10-06T23:56:58.6295948Z [gw1] linux -- Python 3.11.16 /opt/hostedtoolcache/Python/3.11.16/x64/bin/python
2026-10-06T23:56:58.6296692Z 
2026-10-06T23:56:58.6297830Z     def test_all_seven_backup_variants_and_original_assertions_are_preserved() -> None:
2026-10-06T23:56:58.6299042Z         tree = ast.parse(SOURCE.read_text())
2026-10-06T23:56:58.6300176Z         function = next(node for node in tree.body if isinstance(node, ast.FunctionDef)
2026-10-06T23:56:58.6301616Z                         and node.name == "test_deploy_requires_verified_backup_before_migration")
2026-10-06T23:56:58.6303045Z         parameters = next(node for node in function.decorator_list if isinstance(node, ast.Call))
2026-10-06T23:56:58.6304127Z         assert ast.literal_eval(parameters.args[1]) == [
2026-10-06T23:56:58.6305142Z             "", "dump", "archive", "listing", "empty", "network", "retry",
2026-10-06T23:56:58.6305762Z         ]
2026-10-06T23:56:58.6306279Z         assertions = [ast.dump(node, include_attributes=False) for node in ast.walk(function)
2026-10-06T23:56:58.6306909Z                       if isinstance(node, ast.Assert)]
2026-10-06T23:56:58.6307328Z         assert len(assertions) == 23
2026-10-06T23:56:58.6308034Z >       assert hashlib.sha256(json.dumps(assertions, ensure_ascii=False).encode()).hexdigest() == (
2026-10-06T23:56:58.6308807Z             "ddbfe3e8447dd54825fadf01f437a1adb6fa18f2ed583f58172cb1ed962fc3da"
2026-10-06T23:56:58.6309293Z         )
2026-10-06T23:56:58.6310092Z E       AssertionError: assert '0632023b3ebe...24da1d4d81408' == 'ddbfe3e8447d...cb1ed962fc3da'
2026-10-06T23:56:58.6310638Z E         
2026-10-06T23:56:58.6311128Z E         - ddbfe3e8447dd54825fadf01f437a1adb6fa18f2ed583f58172cb1ed962fc3da
2026-10-06T23:56:58.6311853Z E         + 0632023b3ebea0de566823f112e6a1eeca5b5222a3cfd538d5624da1d4d81408
2026-10-06T23:56:58.6312220Z 
2026-10-06T23:56:58.6312542Z tests/test_prod_deploy_backup_gate_boundary.py:29: AssertionError
