test_automated_class_requires_test_reference (scripts.ci.test_check_task_documents.DocumentTests.test_automated_class_requires_test_reference) ... ok
test_classified_checks_resolve_test_file_and_name (scripts.ci.test_check_task_documents.DocumentTests.test_classified_checks_resolve_test_file_and_name) ... ok
test_empty_conclusion_does_not_consume_next_section (scripts.ci.test_check_task_documents.DocumentTests.test_empty_conclusion_does_not_consume_next_section) ... ok
test_empty_table (scripts.ci.test_check_task_documents.DocumentTests.test_empty_table) ... ok
test_empty_verdict (scripts.ci.test_check_task_documents.DocumentTests.test_empty_verdict) ... ok
test_escaped_pipe_in_description (scripts.ci.test_check_task_documents.DocumentTests.test_escaped_pipe_in_description) ... ok
test_extra_columns_case_whitespace_and_aliases (scripts.ci.test_check_task_documents.DocumentTests.test_extra_columns_case_whitespace_and_aliases) ... ok
test_fenced_example_is_not_evidence (scripts.ci.test_check_task_documents.DocumentTests.test_fenced_example_is_not_evidence) ... ok
test_filled_failed_verdict_is_valid (scripts.ci.test_check_task_documents.DocumentTests.test_filled_failed_verdict_is_valid) ... ok
test_missing_cell (scripts.ci.test_check_task_documents.DocumentTests.test_missing_cell) ... ok
test_missing_separator_is_actionable_error (scripts.ci.test_check_task_documents.DocumentTests.test_missing_separator_is_actionable_error) ... ok
test_no_prose_checks (scripts.ci.test_check_task_documents.DocumentTests.test_no_prose_checks) ... ok
test_one_check_can_reference_several_tests_with_html_breaks (scripts.ci.test_check_task_documents.DocumentTests.test_one_check_can_reference_several_tests_with_html_breaks) ... ok
test_second_table_also_requires_verdicts (scripts.ci.test_check_task_documents.DocumentTests.test_second_table_also_requires_verdicts) ... ok
test_test_reference_requires_existing_file_and_test_name (scripts.ci.test_check_task_documents.DocumentTests.test_test_reference_requires_existing_file_and_test_name) ... ok
test_acceptance_verdicts_in_requirements_after_contract_are_allowed (scripts.ci.test_check_task_documents.GitTests.test_acceptance_verdicts_in_requirements_after_contract_are_allowed) ... ok
test_array_corrections_accept_sol_high_review (scripts.ci.test_check_task_documents.GitTests.test_array_corrections_accept_sol_high_review) ... ok
test_array_corrections_do_not_absorb_later_mutation_of_first_file (scripts.ci.test_check_task_documents.GitTests.test_array_corrections_do_not_absorb_later_mutation_of_first_file) ... ok
test_array_corrections_preserve_untouched_original_file (scripts.ci.test_check_task_documents.GitTests.test_array_corrections_preserve_untouched_original_file) ... ok
test_array_corrections_reject_ambiguous_legacy_fields (scripts.ci.test_check_task_documents.GitTests.test_array_corrections_reject_ambiguous_legacy_fields) ... ok
test_array_corrections_reject_correction_outside_head_history (scripts.ci.test_check_task_documents.GitTests.test_array_corrections_reject_correction_outside_head_history) ... ok
test_array_corrections_reject_empty_array (scripts.ci.test_check_task_documents.GitTests.test_array_corrections_reject_empty_array) ... ok
test_array_corrections_reject_extra_file_in_correction_commit (scripts.ci.test_check_task_documents.GitTests.test_array_corrections_reject_extra_file_in_correction_commit) ... ok
test_array_corrections_reject_low_effort_review (scripts.ci.test_check_task_documents.GitTests.test_array_corrections_reject_low_effort_review) ... ok
test_array_corrections_reject_non_contract_ancestor (scripts.ci.test_check_task_documents.GitTests.test_array_corrections_reject_non_contract_ancestor) ... ok
test_array_corrections_reject_non_frozen_file (scripts.ci.test_check_task_documents.GitTests.test_array_corrections_reject_non_frozen_file) ... ok
test_array_corrections_reject_non_object_entry (scripts.ci.test_check_task_documents.GitTests.test_array_corrections_reject_non_object_entry) ... ok
test_array_corrections_reject_non_pass_review (scripts.ci.test_check_task_documents.GitTests.test_array_corrections_reject_non_pass_review) ... ok
test_array_corrections_reject_original_commit_as_correction (scripts.ci.test_check_task_documents.GitTests.test_array_corrections_reject_original_commit_as_correction) ... ok
test_array_corrections_reject_overlapping_files (scripts.ci.test_check_task_documents.GitTests.test_array_corrections_reject_overlapping_files) ... ok
test_array_corrections_reject_unknown_model (scripts.ci.test_check_task_documents.GitTests.test_array_corrections_reject_unknown_model) ... ok
test_array_corrections_reject_unknown_original_contract (scripts.ci.test_check_task_documents.GitTests.test_array_corrections_reject_unknown_original_contract) ... ok
test_array_corrections_reject_wholesale_replacement_in_one_commit (scripts.ci.test_check_task_documents.GitTests.test_array_corrections_reject_wholesale_replacement_in_one_commit) ... ok
test_array_corrections_require_strict_subset_even_for_single_file_contract (scripts.ci.test_check_task_documents.GitTests.test_array_corrections_require_strict_subset_even_for_single_file_contract) ... ok
test_array_corrections_validate_entries_for_contract_before_base (scripts.ci.test_check_task_documents.GitTests.test_array_corrections_validate_entries_for_contract_before_base) ... ok
test_base_after_rollout_checks_only_new_commits (scripts.ci.test_check_task_documents.GitTests.test_base_after_rollout_checks_only_new_commits) ... ok
test_contract_commit_files_cannot_change_later (scripts.ci.test_check_task_documents.GitTests.test_contract_commit_files_cannot_change_later) ... ok
test_contract_correction_ledger_rejects_unreviewed_or_extra_files (scripts.ci.test_check_task_documents.GitTests.test_contract_correction_ledger_rejects_unreviewed_or_extra_files) ... ok
test_contract_correction_rejects_extra_file_with_valid_review (scripts.ci.test_check_task_documents.GitTests.test_contract_correction_rejects_extra_file_with_valid_review) ... ok
test_correction_cannot_replace_a_multi_file_contract_wholesale (scripts.ci.test_check_task_documents.GitTests.test_correction_cannot_replace_a_multi_file_contract_wholesale) ... ok
test_correction_does_not_absorb_an_earlier_change_to_another_frozen_file (scripts.ci.test_check_task_documents.GitTests.test_correction_does_not_absorb_an_earlier_change_to_another_frozen_file) ... ok
test_correction_ledger_rejects_missing_or_unknown_contract_commit (scripts.ci.test_check_task_documents.GitTests.test_correction_ledger_rejects_missing_or_unknown_contract_commit) ... ok
test_correction_must_be_a_strictly_later_commit (scripts.ci.test_check_task_documents.GitTests.test_correction_must_be_a_strictly_later_commit) ... ok
test_correction_targets_one_of_several_contract_commits_for_same_task (scripts.ci.test_check_task_documents.GitTests.test_correction_targets_one_of_several_contract_commits_for_same_task) ... ok
test_merge_commit_that_edits_contract_is_still_a_change (scripts.ci.test_check_task_documents.GitTests.test_merge_commit_that_edits_contract_is_still_a_change) ... Automatic merge went well; stopped before committing as requested
ok
test_merging_base_into_branch_after_contract_is_allowed (scripts.ci.test_check_task_documents.GitTests.test_merging_base_into_branch_after_contract_is_allowed) ... ok
test_multiple_tasks_and_missing_document (scripts.ci.test_check_task_documents.GitTests.test_multiple_tasks_and_missing_document) ... ok
test_non_object_contract_correction_ledger_is_actionable_error (scripts.ci.test_check_task_documents.GitTests.test_non_object_contract_correction_ledger_is_actionable_error) ... ok
test_old_task_referenced_again_needs_contract (scripts.ci.test_check_task_documents.GitTests.test_old_task_referenced_again_needs_contract) ... ok
test_pre_rollout_history_ignored_but_introduction_checked (scripts.ci.test_check_task_documents.GitTests.test_pre_rollout_history_ignored_but_introduction_checked) ... ok
test_prior_reviewed_contract_does_not_block_later_contract_for_same_task (scripts.ci.test_check_task_documents.GitTests.test_prior_reviewed_contract_does_not_block_later_contract_for_same_task) ... ok
test_pull_request_merge_commit_is_not_a_contract_change (scripts.ci.test_check_task_documents.GitTests.test_pull_request_merge_commit_is_not_a_contract_change) ... ok
test_renaming_frozen_contract_file_is_a_change (scripts.ci.test_check_task_documents.GitTests.test_renaming_frozen_contract_file_is_a_change) ... ok
test_reviewed_contract_correction_becomes_new_frozen_baseline (scripts.ci.test_check_task_documents.GitTests.test_reviewed_contract_correction_becomes_new_frozen_baseline) ... ok
test_rules_mismatch (scripts.ci.test_check_task_documents.GitTests.test_rules_mismatch) ... ok
test_similarly_named_commit_does_not_freeze_files (scripts.ci.test_check_task_documents.GitTests.test_similarly_named_commit_does_not_freeze_files) ... ok
test_sol61_high_review_accepts_corrected_contract (scripts.ci.test_check_task_documents.GitTests.test_sol61_high_review_accepts_corrected_contract) ... ok
test_sol61_low_review_cannot_accept_corrected_contract (scripts.ci.test_check_task_documents.GitTests.test_sol61_low_review_cannot_accept_corrected_contract) ... ok
test_two_disjoint_corrections_keep_independent_frozen_baselines (scripts.ci.test_check_task_documents.GitTests.test_two_disjoint_corrections_keep_independent_frozen_baselines) ... ok
test_uncommitted_checker_does_not_backfill_history (scripts.ci.test_check_task_documents.GitTests.test_uncommitted_checker_does_not_backfill_history) ... ok
test_uncommitted_contract_correction_ledger_is_ignored (scripts.ci.test_check_task_documents.GitTests.test_uncommitted_contract_correction_ledger_is_ignored) ... ok
test_wms687_correction_rejects_foreign_or_semantic_requirement_change (scripts.ci.test_check_task_documents.GitTests.test_wms687_correction_rejects_foreign_or_semantic_requirement_change) ... ok
test_wms687_correction_rejects_product_or_other_task_test_companion (scripts.ci.test_check_task_documents.GitTests.test_wms687_correction_rejects_product_or_other_task_test_companion) ... ok
test_wms687_correction_rejects_undeclared_or_deleted_frozen_test (scripts.ci.test_check_task_documents.GitTests.test_wms687_correction_rejects_undeclared_or_deleted_frozen_test) ... ok
test_wms687_reviewed_correction_allows_only_new_task_tests_and_own_test_links (scripts.ci.test_check_task_documents.GitTests.test_wms687_reviewed_correction_allows_only_new_task_tests_and_own_test_links) ... ok

----------------------------------------------------------------------
Ran 65 tests in 65.741s

OK
