TAP version 13
# Subtest: C5 native iframe EncodingError 150 valid PNG source preserves reason and aborts entire tape
not ok 1 - C5 native iframe EncodingError 150 valid PNG source preserves reason and aborts entire tape
  ---
  duration_ms: 429.253084
  type: 'test'
  location: '/Users/deniscivkunov/Projects/WMS/.worktrees/wms652-ci-two-shards/frontend/tests-e2e/wms672-native-errors.test.mjs:94:3'
  failureType: 'testCodeFailure'
  error: |-
    screen must retain available native error reason
    + actual - expected
    
    + 'Не удалось напечатать этикетки.'
    - 'The source image cannot be decoded.'
    
  code: 'ERR_ASSERTION'
  name: 'AssertionError'
  expected: 'The source image cannot be decoded.'
  actual: 'Не удалось напечатать этикетки.'
  operator: 'strictEqual'
  stack: |-
    TestContext.<anonymous> (file:///Users/deniscivkunov/Projects/WMS/.worktrees/wms652-ci-two-shards/frontend/tests-e2e/wms672-native-errors.test.mjs:106:14)
    async Test.run (node:internal/test_runner/test:1110:7)
    async startSubtestAfterBootstrap (node:internal/test_runner/harness:358:3)
  ...
# Subtest: C5 native iframe EncodingError 299 valid PNG source preserves reason and aborts entire tape
not ok 2 - C5 native iframe EncodingError 299 valid PNG source preserves reason and aborts entire tape
  ---
  duration_ms: 403.70275
  type: 'test'
  location: '/Users/deniscivkunov/Projects/WMS/.worktrees/wms652-ci-two-shards/frontend/tests-e2e/wms672-native-errors.test.mjs:94:3'
  failureType: 'testCodeFailure'
  error: |-
    screen must retain available native error reason
    + actual - expected
    
    + 'Не удалось напечатать этикетки.'
    - 'The source image cannot be decoded.'
    
  code: 'ERR_ASSERTION'
  name: 'AssertionError'
  expected: 'The source image cannot be decoded.'
  actual: 'Не удалось напечатать этикетки.'
  operator: 'strictEqual'
  stack: |-
    TestContext.<anonymous> (file:///Users/deniscivkunov/Projects/WMS/.worktrees/wms652-ci-two-shards/frontend/tests-e2e/wms672-native-errors.test.mjs:106:14)
    async Test.run (node:internal/test_runner/test:1110:7)
    async Test.processPendingSubtests (node:internal/test_runner/test:785:7)
  ...
# Subtest: C5 native iframe EncodingError 150 invalid PNG preserves reason and aborts entire tape
not ok 3 - C5 native iframe EncodingError 150 invalid PNG preserves reason and aborts entire tape
  ---
  duration_ms: 226.303875
  type: 'test'
  location: '/Users/deniscivkunov/Projects/WMS/.worktrees/wms652-ci-two-shards/frontend/tests-e2e/wms672-native-errors.test.mjs:94:3'
  failureType: 'testCodeFailure'
  error: |-
    screen must retain available native error reason
    + actual - expected
    
    + 'Не удалось напечатать этикетки.'
    - 'The source image cannot be decoded.'
    
  code: 'ERR_ASSERTION'
  name: 'AssertionError'
  expected: 'The source image cannot be decoded.'
  actual: 'Не удалось напечатать этикетки.'
  operator: 'strictEqual'
  stack: |-
    TestContext.<anonymous> (file:///Users/deniscivkunov/Projects/WMS/.worktrees/wms652-ci-two-shards/frontend/tests-e2e/wms672-native-errors.test.mjs:106:14)
    async Test.run (node:internal/test_runner/test:1110:7)
    async Test.processPendingSubtests (node:internal/test_runner/test:785:7)
  ...
# Subtest: C5 blank message retains existing generic preparation error and zero external actions
ok 4 - C5 blank message retains existing generic preparation error and zero external actions
  ---
  duration_ms: 118.930084
  type: 'test'
  ...
# Subtest: C5 nonstring message retains existing generic preparation error and zero external actions
ok 5 - C5 nonstring message retains existing generic preparation error and zero external actions
  ---
  duration_ms: 97.714
  type: 'test'
  ...
# Subtest: C5 no message retains existing generic preparation error and zero external actions
ok 6 - C5 no message retains existing generic preparation error and zero external actions
  ---
  duration_ms: 87.9805
  type: 'test'
  ...
# Subtest: C4/R4 300 held images overlap but complete readiness and source precede one transfer and all marks
ok 7 - C4/R4 300 held images overlap but complete readiness and source precede one transfer and all marks
  ---
  duration_ms: 549.5765
  type: 'test'
  ...
1..7
# tests 7
# suites 0
# pass 4
# fail 3
# cancelled 0
# skipped 0
# todo 0
# duration_ms 2780.276334
