tests/test_wms658_marking_import_contract.py::test_c1_auto_import_finds_unmarked_product_and_enables_it_atomically
tests/test_wms658_marking_import_contract.py::test_c2_manual_import_enables_unmarked_selected_product
tests/test_wms658_marking_import_contract.py::test_c3_assign_import_accepts_unmarked_product_and_enables_it
tests/test_wms658_marking_import_contract.py::test_c5_auto_match_preserves_existing_article_size_and_gtin_rules
tests/test_wms658_marking_import_contract.py::test_c6_auto_match_rejects_missing_size_conflict_and_ambiguity
tests/test_wms658_marking_import_contract.py::test_c7_duplicates_create_no_pool_and_do_not_enable_product
tests/test_wms658_marking_import_contract.py::test_c8_each_import_path_rolls_back_code_pool_link_and_flag_on_commit_failure[auto]
tests/test_wms658_marking_import_contract.py::test_c8_each_import_path_rolls_back_code_pool_link_and_flag_on_commit_failure[manual]
tests/test_wms658_marking_import_contract.py::test_c8_each_import_path_rolls_back_code_pool_link_and_flag_on_commit_failure[assign]
tests/test_wms658_marking_import_contract.py::test_c9_retry_and_concurrent_attempts_have_one_code_one_link_and_true_flag
tests/test_wms658_marking_import_contract.py::test_c10_import_keeps_exact_tenant_and_seller_boundaries
tests/test_wms658_marking_import_contract.py::test_c11_pdf_keeps_full_payload_artifact_and_import_identity
tests/test_wms658_marking_import_contract.py::test_c12_text_import_prints_full_saved_payload_not_gtin_or_barcode[csv]
tests/test_wms658_marking_import_contract.py::test_c12_text_import_prints_full_saved_payload_not_gtin_or_barcode[txt]
tests/test_wms658_marking_import_contract.py::test_c13_print_result_uses_only_selected_ids_in_requested_order
tests/test_wms658_marking_import_contract.py::test_c14_missing_artifact_or_foreign_id_fails_without_substitution
tests/test_wms658_marking_import_contract.py::test_c15_print_result_preserves_order_copies_payloads_and_nonempty_pages
tests/test_wms658_marking_import_contract.py::test_c21_exact_import_print_leaves_existing_pool_and_neighbor_processes_unchanged
tests/test_wms658_marking_import_contract.py::test_c22_incident_audit_is_read_only_and_reports_first_divergence
tests/test_wms658_marking_import_contract.py::test_c22_audit_reports_source_to_saved_label_substitution
tests/test_wms658_marking_import_contract.py::test_c22_audit_reports_raster_final_label_substitution
tests/test_wms658_marking_import_contract.py::test_c22_audit_accepts_unchanged_label_cropped_from_supplier_page
tests/test_wms658_marking_import_contract.py::test_c22_audit_reports_ambiguous_layouts_for_same_cis_in_one_source_pdf
tests/test_wms658_normalized_identity_regression.py::test_lookup_fallback_finds_exact_import_with_python_edge_whitespace[gs-tab]
tests/test_wms658_normalized_identity_regression.py::test_lookup_fallback_finds_exact_import_with_python_edge_whitespace[nbsp]
tests/test_wms658_normalized_identity_regression.py::test_lookup_fallback_finds_exact_import_with_python_edge_whitespace[record-separator]
tests/test_wms658_normalized_identity_regression.py::test_three_import_paths_reject_normalized_repeat_without_new_pool_or_flag[gs-tab-manual]
tests/test_wms658_normalized_identity_regression.py::test_three_import_paths_reject_normalized_repeat_without_new_pool_or_flag[gs-tab-auto]
tests/test_wms658_normalized_identity_regression.py::test_three_import_paths_reject_normalized_repeat_without_new_pool_or_flag[gs-tab-assign]
tests/test_wms658_normalized_identity_regression.py::test_three_import_paths_reject_normalized_repeat_without_new_pool_or_flag[nbsp-manual]
tests/test_wms658_normalized_identity_regression.py::test_three_import_paths_reject_normalized_repeat_without_new_pool_or_flag[nbsp-auto]
tests/test_wms658_normalized_identity_regression.py::test_three_import_paths_reject_normalized_repeat_without_new_pool_or_flag[nbsp-assign]
tests/test_wms658_normalized_identity_regression.py::test_three_import_paths_reject_normalized_repeat_without_new_pool_or_flag[record-separator-manual]
tests/test_wms658_normalized_identity_regression.py::test_three_import_paths_reject_normalized_repeat_without_new_pool_or_flag[record-separator-auto]
tests/test_wms658_normalized_identity_regression.py::test_three_import_paths_reject_normalized_repeat_without_new_pool_or_flag[record-separator-assign]
tests/test_wms658_normalized_identity_regression.py::test_fallback_does_not_collapse_internal_whitespace_or_cross_tenant_collision[tab-manual]
tests/test_wms658_normalized_identity_regression.py::test_fallback_does_not_collapse_internal_whitespace_or_cross_tenant_collision[tab-auto]
tests/test_wms658_normalized_identity_regression.py::test_fallback_does_not_collapse_internal_whitespace_or_cross_tenant_collision[tab-assign]
tests/test_wms658_normalized_identity_regression.py::test_fallback_does_not_collapse_internal_whitespace_or_cross_tenant_collision[nbsp-manual]
tests/test_wms658_normalized_identity_regression.py::test_fallback_does_not_collapse_internal_whitespace_or_cross_tenant_collision[nbsp-auto]
tests/test_wms658_normalized_identity_regression.py::test_fallback_does_not_collapse_internal_whitespace_or_cross_tenant_collision[nbsp-assign]
tests/test_wms658_normalized_identity_regression.py::test_fallback_does_not_collapse_internal_whitespace_or_cross_tenant_collision[rs-manual]
tests/test_wms658_normalized_identity_regression.py::test_fallback_does_not_collapse_internal_whitespace_or_cross_tenant_collision[rs-auto]
tests/test_wms658_normalized_identity_regression.py::test_fallback_does_not_collapse_internal_whitespace_or_cross_tenant_collision[rs-assign]
tests/test_wms658_normalized_identity_regression.py::test_lookup_fallback_selects_true_identity_among_similar_payloads[tab]
tests/test_wms658_normalized_identity_regression.py::test_lookup_fallback_selects_true_identity_among_similar_payloads[nbsp]
tests/test_wms658_normalized_identity_regression.py::test_lookup_fallback_selects_true_identity_among_similar_payloads[rs]
tests/test_wms658_normalized_identity_regression.py::test_postgresql_workers_share_one_code_pool_and_link_for_identity_variants[gs-tab-manual-auto]
tests/test_wms658_normalized_identity_regression.py::test_postgresql_workers_share_one_code_pool_and_link_for_identity_variants[gs-tab-manual-assign]
tests/test_wms658_normalized_identity_regression.py::test_postgresql_workers_share_one_code_pool_and_link_for_identity_variants[gs-tab-auto-assign]
tests/test_wms658_normalized_identity_regression.py::test_postgresql_workers_share_one_code_pool_and_link_for_identity_variants[nbsp-manual-auto]
tests/test_wms658_normalized_identity_regression.py::test_postgresql_workers_share_one_code_pool_and_link_for_identity_variants[nbsp-manual-assign]
tests/test_wms658_normalized_identity_regression.py::test_postgresql_workers_share_one_code_pool_and_link_for_identity_variants[nbsp-auto-assign]
tests/test_wms658_normalized_identity_regression.py::test_postgresql_workers_share_one_code_pool_and_link_for_identity_variants[record-separator-manual-auto]
tests/test_wms658_normalized_identity_regression.py::test_postgresql_workers_share_one_code_pool_and_link_for_identity_variants[record-separator-manual-assign]
tests/test_wms658_normalized_identity_regression.py::test_postgresql_workers_share_one_code_pool_and_link_for_identity_variants[record-separator-auto-assign]
tests/test_wms658_wb_honest_sign_contract.py::test_c16_only_need_kiz_or_official_clothing_parent_enables_flag
tests/test_wms658_wb_honest_sign_contract.py::test_c17_new_clothing_variants_and_need_kiz_card_are_marked_without_new_identity
tests/test_wms658_wb_honest_sign_contract.py::test_c18_sync_is_monotonic_and_category_failure_is_diagnostic_not_fatal
tests/test_wms658_wb_honest_sign_contract.py::test_c19_backfill_dry_run_reports_evidence_and_missing_data_without_writes
tests/test_wms658_wb_honest_sign_contract.py::test_c20_backfill_apply_rejects_stale_plan_and_changes_only_false_to_true
tests/test_wms658_wb_honest_sign_contract.py::test_c19_c20_backfill_rejects_raw_nmid_that_does_not_belong_to_product
tests/test_wms679_wb_fbw_export_contract.py::test_c1_c2_c3_c4_c6_wb_export_is_exact_string_xlsx_from_existing_boxes
tests/test_wms679_wb_fbw_export_contract.py::test_c5_invalid_box_or_ambiguous_variant_returns_actionable_error_without_partial_file
tests/test_wms679_wb_fbw_export_contract.py::test_c7_c8_repeated_exports_are_read_only_and_each_file_is_a_complete_snapshot
tests/test_wms679_wb_fbw_export_contract.py::test_c11_c12_export_is_wb_only_and_cannot_cross_tenant_boundary
tests/test_wms679_wb_fbw_export_contract.py::test_c14_anonymized_official_template_is_the_only_excel_fixture
tests/test_wms679_review_regressions.py::test_review_f1_actual_export_rejects_box_from_foreign_tenant_or_warehouse
tests/test_wms679_review_regressions.py::test_review_f2_actual_repeated_export_keeps_xlsx_row_order_when_sql_scan_reverses
tests/test_wms679_review_regressions.py::test_review_f3_actual_empty_wb_request_keeps_wb_context_without_false_marketplace_error
tests/test_wms680_print_payload_contract.py::test_c680_03_and_c680_07_document_line_payloads_expose_own_variant_size_and_color
tests/test_wms680_fbs_print_regressions.py::test_c680_05_and_c680_07_whitespace_saved_size_falls_back_to_own_card_variant
tests/test_wms687_existing_stock_publication_contract.py::test_wms687_first_enable_dispatches_after_commit_once_but_identical_replay_does_not
tests/test_wms687_existing_stock_publication_contract.py::test_wms687_completed_document_dispatches_existing_publisher_after_commit[inbound]
tests/test_wms687_existing_stock_publication_contract.py::test_wms687_completed_document_dispatches_existing_publisher_after_commit[return]
tests/test_wms586_acceptance_act_contract.py::test_plan_fact_text_and_totals[xlsx]
tests/test_wms586_acceptance_act_contract.py::test_plan_fact_text_and_totals[pdf]
tests/test_wms586_acceptance_act_contract.py::test_zero_none_and_alternative_counters[xlsx]
tests/test_wms586_acceptance_act_contract.py::test_zero_none_and_alternative_counters[pdf]
tests/test_wms586_acceptance_act_contract.py::test_closed_statuses_and_empty_act[sorting-xlsx]
tests/test_wms586_acceptance_act_contract.py::test_closed_statuses_and_empty_act[sorting-pdf]
tests/test_wms586_acceptance_act_contract.py::test_closed_statuses_and_empty_act[verified-xlsx]
tests/test_wms586_acceptance_act_contract.py::test_closed_statuses_and_empty_act[verified-pdf]
tests/test_wms586_acceptance_act_contract.py::test_closed_statuses_and_empty_act[done-xlsx]
tests/test_wms586_acceptance_act_contract.py::test_closed_statuses_and_empty_act[done-pdf]
tests/test_wms586_acceptance_act_contract.py::test_closed_statuses_and_empty_act[posted-xlsx]
tests/test_wms586_acceptance_act_contract.py::test_closed_statuses_and_empty_act[posted-pdf]
tests/test_wms586_acceptance_act_contract.py::test_closed_statuses_and_empty_act[draft-xlsx]
tests/test_wms586_acceptance_act_contract.py::test_closed_statuses_and_empty_act[draft-pdf]
tests/test_wms586_acceptance_act_contract.py::test_closed_statuses_and_empty_act[submitted-xlsx]
tests/test_wms586_acceptance_act_contract.py::test_closed_statuses_and_empty_act[submitted-pdf]
tests/test_wms586_acceptance_act_contract.py::test_closed_statuses_and_empty_act[receiving-xlsx]
tests/test_wms586_acceptance_act_contract.py::test_closed_statuses_and_empty_act[receiving-pdf]
tests/test_wms586_acceptance_act_contract.py::test_identity_dates_return_and_fallbacks[moscow_boundary-xlsx]
tests/test_wms586_acceptance_act_contract.py::test_identity_dates_return_and_fallbacks[moscow_boundary-pdf]
tests/test_wms586_acceptance_act_contract.py::test_identity_dates_return_and_fallbacks[other_document-xlsx]
tests/test_wms586_acceptance_act_contract.py::test_identity_dates_return_and_fallbacks[other_document-pdf]
tests/test_wms586_acceptance_act_contract.py::test_identity_dates_return_and_fallbacks[return_document_number-xlsx]
tests/test_wms586_acceptance_act_contract.py::test_identity_dates_return_and_fallbacks[return_document_number-pdf]
tests/test_wms586_acceptance_act_contract.py::test_identity_dates_return_and_fallbacks[uuid_fallback-xlsx]
tests/test_wms586_acceptance_act_contract.py::test_identity_dates_return_and_fallbacks[uuid_fallback-pdf]
tests/test_wms586_acceptance_act_contract.py::test_tenant_seller_and_missing_scope[xlsx]
tests/test_wms586_acceptance_act_contract.py::test_tenant_seller_and_missing_scope[pdf]
tests/test_wms586_acceptance_act_contract.py::test_repeated_concurrent_download_is_read_only[xlsx]
tests/test_wms586_acceptance_act_contract.py::test_repeated_concurrent_download_is_read_only[pdf]
tests/test_wms586_acceptance_act_contract.py::test_321_long_rows_no_loss_or_empty_tail[xlsx]
tests/test_wms586_acceptance_act_contract.py::test_321_long_rows_no_loss_or_empty_tail[pdf]
tests/test_wms586_review_regression_contract.py::test_pdf_preserves_every_explicit_line_of_a_valid_product_name
tests/test_wms586_review_regression_contract.py::test_pdf_exports_valid_255_character_name_across_page_boundaries
tests/test_wms586_review_regression_contract.py::test_paginated_valid_255_name_does_not_overlap_following_product
tests/test_wms586_review_regression_contract.py::test_valid_255_name_with_empty_lines_does_not_add_blank_pdf_pages
tests/test_wms684_586_scope_contract.py::test_protected_waybill_and_existing_settings_are_unchanged
tests/test_wms684_586_scope_contract.py::test_task_sources_and_lane_boundaries_preserved
tests/test_wms469_stock_dialog_backend.py::test_c7_c8_c10_c14_binding_rules_clamp_and_publish_independently
tests/test_wms469_stock_dialog_backend.py::test_c22_identical_repeat_is_idempotent_without_duplicate_pools
tests/test_wms469_stock_dialog_backend.py::test_partial_save_materializes_legacy_same_everywhere_neighbour
tests/test_wms469_stock_dialog_backend.py::test_partial_save_materializes_legacy_by_warehouse_neighbour
tests/test_wms469_stock_dialog_backend.py::test_partial_save_preserves_explicit_neighbour_while_transport_is_off
tests/test_wms469_stock_dialog_backend.py::test_ozon_transport_stays_off_without_applicable_product
tests/test_wms469_stock_dialog_backend.py::test_explicit_empty_by_binding_payload_changes_nothing
tests/test_wms469_stock_dialog_backend.py::test_wms483_units_configured_distinguishes_blank_from_explicit_zero
tests/test_wms469_stock_dialog_backend.py::test_wms469_legacy_units_payload_defaults_to_configured
tests/test_wms469_stock_dialog_backend.py::test_c31_off_on_preserves_manual_cap_after_stock_drop
tests/test_wms469_stock_dialog_backend.py::test_c24_parallel_complete_saves_never_mix_rules
tests/test_wms469_stock_dialog_backend.py::test_c23_parallel_same_binding_create_keeps_one_row
tests/test_wms469_stock_dialog_backend.py::test_c16_r20_event_publish_starts_within_five_and_confirms_within_ten_seconds
tests/test_wms469_stock_dialog_backend.py::test_c13_unserved_binding_remains_a_publication_target
tests/test_wms469_stock_dialog_backend.py::test_c20_c21_busy_provider_retries_while_other_provider_proceeds
tests/test_wms469_stock_dialog_backend.py::test_busy_provider_stops_after_bounded_attempts
tests/test_wms469_stock_dialog_backend.py::test_five_events_coalesce_into_one_follow_up_publish
tests/test_wms469_stock_dialog_backend.py::test_event_during_follow_up_pass_gets_its_own_publish
tests/test_wms469_stock_dialog_backend.py::test_cross_process_follow_up_waits_for_long_running_lock_holder
tests/test_wms469_stock_dialog_backend.py::test_permanent_publish_error_is_not_retried
tests/test_wms469_stock_dialog_backend.py::test_rate_limit_retry_respects_provider_backoff
tests/test_wms469_stock_dialog_backend.py::test_c26_seller_reads_own_bindings_but_cannot_write_them
tests/test_wms469_stock_dialog_backend.py::test_c25_foreign_seller_and_tenant_cannot_read_any_warehouse_endpoint
tests/test_wms469_stock_dialog_backend.py::test_c8_http_bulk_save_returns_saved_clamp_and_binding_state

=============================== warnings summary ===============================
app/main.py:19
  /Users/deniscivkunov/Projects/WMS/.worktrees/night1007-integration/backend/app/main.py:19: StarletteDeprecationWarning: 'HTTP_422_UNPROCESSABLE_ENTITY' is deprecated. Use 'HTTP_422_UNPROCESSABLE_CONTENT' instead.
    from app.api.billing_profile_marketplace import router as billing_profile_marketplace_router

<frozen importlib._bootstrap>:491
<frozen importlib._bootstrap>:491
  <frozen importlib._bootstrap>:491: DeprecationWarning: builtin type SwigPyPacked has no __module__ attribute

<frozen importlib._bootstrap>:491
<frozen importlib._bootstrap>:491
  <frozen importlib._bootstrap>:491: DeprecationWarning: builtin type SwigPyObject has no __module__ attribute

<frozen importlib._bootstrap>:491
  <frozen importlib._bootstrap>:491: DeprecationWarning: builtin type swigvarlink has no __module__ attribute

-- Docs: https://docs.pytest.org/en/stable/how-to/capture-warnings.html
137 tests collected in 0.53s
