tests/test_fbs_packing_box.py::test_warehouse_boxes_get_cargo_places_and_orders_are_exclusive
tests/test_fbs_packing_box.py::test_wb_box_readiness_never_depends_on_pack_status
tests/test_fbs_packing_box.py::test_box_creation_key_is_idempotent_and_rejects_different_count
tests/test_fbs_packing_box.py::test_box_creation_wb_rejection_cleans_local_boxes_and_same_key_can_retry[404]
tests/test_fbs_packing_box.py::test_box_creation_wb_rejection_cleans_local_boxes_and_same_key_can_retry[409]
tests/test_fbs_packing_box.py::test_box_retry_after_409_reconciles_timeout_with_same_operator_key
tests/test_fbs_packing_box.py::test_wms681_qr_recovers_original_five_box_group_without_recreating_physical_boxes[False]
tests/test_fbs_packing_box.py::test_wms681_qr_recovers_original_five_box_group_without_recreating_physical_boxes[True]
tests/test_fbs_packing_box.py::test_wms681_qr_concurrent_group_recovery_creates_once_and_excludes_other_group
tests/test_fbs_packing_box.py::test_wms681_qr_pending_readback_does_not_take_trbx_owned_by_other_physical_group
tests/test_fbs_packing_box.py::test_wms681_qr_reconciles_timeout_without_blind_external_create[exact]
tests/test_fbs_packing_box.py::test_wms681_qr_reconciles_timeout_without_blind_external_create[empty]
tests/test_fbs_packing_box.py::test_wms681_qr_reconciles_timeout_without_blind_external_create[ambiguous]
tests/test_fbs_packing_box.py::test_wms681_qr_reconciles_timeout_without_blind_external_create[read_error]
tests/test_fbs_packing_box.py::test_wms681_qr_retries_confirmed_readback_after_qr_failure_without_create
tests/test_fbs_packing_box.py::test_wms681_qr_partial_wb_sticker_success_is_durable_after_next_sticker_failure
tests/test_fbs_packing_box.py::test_wms681_qr_legacy_marker_recovers_with_scoped_original_raw_key[no-distribution:]
tests/test_fbs_packing_box.py::test_wms681_qr_legacy_marker_recovers_with_scoped_original_raw_key[retired-no-dist:]
tests/test_fbs_packing_box.py::test_wms681_qr_refusal_preserves_old_group_and_next_explicit_retry[404]
tests/test_fbs_packing_box.py::test_wms681_qr_refusal_preserves_old_group_and_next_explicit_retry[409]
tests/test_fbs_packing_box.py::test_wms681_qr_failed_group_does_not_duplicate_unattributable_remote_ids
tests/test_fbs_packing_box.py::test_wms681_qr_recovery_preserves_fbs_business_state
tests/test_fbs_packing_box.py::test_wms681_qr_foreign_tenant_cannot_start_recovery
tests/test_fbs_packing_box.py::test_without_distribution_boxes_do_not_accept_order_assignment
tests/test_fbs_packing_box.py::test_legacy_create_boxes_toggle_rejects_existing_assignment
tests/test_fbs_packing_box.py::test_legacy_without_distribution_marker_still_blocks_assignment
tests/test_fbs_packing_box.py::test_legacy_without_distribution_create_retry_returns_existing_box[no-distribution:]
tests/test_fbs_packing_box.py::test_legacy_without_distribution_create_retry_returns_existing_box[retired-no-dist:]
tests/test_fbs_packing_box.py::test_truncated_legacy_key_does_not_capture_distinct_long_key[no-distribution:]
tests/test_fbs_packing_box.py::test_truncated_legacy_key_does_not_capture_distinct_long_key[retired-no-dist:]
tests/test_fbs_packing_box.py::test_truncated_legacy_key_retry_returns_existing_box[no-distribution:]
tests/test_fbs_packing_box.py::test_truncated_legacy_key_retry_returns_existing_box[retired-no-dist:]
tests/test_fbs_packing_box.py::test_without_distribution_mode_depends_on_assignments_not_box_count
tests/test_fbs_packing_box.py::test_without_distribution_toggle_preserves_full_key_for_create_retry
tests/test_fbs_packing_box.py::test_without_distribution_keeps_distinct_max_length_idempotency_keys
tests/test_fbs_packing_box.py::test_boxes_without_distribution_api_persists_mode_across_empty_box_lifecycle
tests/test_fbs_packing_box.py::test_migration_moves_provable_legacy_marker_to_supply_before_empty_box_lifecycle
tests/test_fbs_packing_box.py::test_client_key_with_legacy_prefix_is_not_mode_marker_and_stays_idempotent
tests/test_fbs_packing_box.py::test_boxes_without_distribution_api_conflicts_when_order_is_assigned
tests/test_fbs_packing_box.py::test_workspace_wb_distribution_does_not_publish_navigation_blockers
tests/test_fbs_packing_box.py::test_workspace_opens_boxes_without_sticker_navigation_blocker
tests/test_fbs_packing_box.py::test_workspace_active_wb_starts_with_optional_picking
tests/test_fbs_packing_box.py::test_workspace_active_wb_stage_does_not_consult_packaging_progress
tests/test_fbs_packing_box.py::test_workspace_completed_wb_assembling_never_returns_to_picking
tests/test_fbs_packing_box.py::test_workspace_wb_never_exposes_navigation_blockers
tests/test_fbs_packing_box.py::test_workspace_fresh_ozon_supply_starts_with_picking_not_boxes
tests/test_fbs_packing_box.py::test_workspace_ozon_never_exposes_navigation_blockers
tests/test_fbs_packing_box.py::test_workspace_completed_ozon_assembling_never_returns_to_picking
tests/test_fbs_packing_box.py::test_workspace_without_distribution_skips_assignment_gate

=============================== warnings summary ===============================
app/main.py:19
  /Users/deniscivkunov/Projects/WMS/.worktrees/night1007-integration/backend/app/main.py:19: StarletteDeprecationWarning: 'HTTP_422_UNPROCESSABLE_ENTITY' is deprecated. Use 'HTTP_422_UNPROCESSABLE_CONTENT' instead.
    from app.api.billing_profile_marketplace import router as billing_profile_marketplace_router

<frozen importlib._bootstrap>:491
<frozen importlib._bootstrap>:491
  <frozen importlib._bootstrap>:491: DeprecationWarning: builtin type SwigPyPacked has no __module__ attribute

<frozen importlib._bootstrap>:491
<frozen importlib._bootstrap>:491
  <frozen importlib._bootstrap>:491: DeprecationWarning: builtin type SwigPyObject has no __module__ attribute

<frozen importlib._bootstrap>:491
  <frozen importlib._bootstrap>:491: DeprecationWarning: builtin type swigvarlink has no __module__ attribute

-- Docs: https://docs.pytest.org/en/stable/how-to/capture-warnings.html
49 tests collected in 0.19s
