scripts/ci/tests/test_backend_shards.py::BackendShardContracts::test_actual_pytest_xdist_receipts_use_exact_full_collection_and_junit_nodeids
scripts/ci/tests/test_backend_shards.py::BackendShardContracts::test_duplicate_empty_or_bad_shard_collection_refuses
scripts/ci/tests/test_backend_shards.py::BackendShardContracts::test_exact_two_shards_merge_all_cases_and_receipt_identity
scripts/ci/tests/test_backend_shards.py::BackendShardContracts::test_merge_preserves_failure_error_skip_details_and_cannot_report_success
scripts/ci/tests/test_backend_shards.py::BackendShardContracts::test_missing_duplicate_extra_or_unidentified_junit_case_refuses
scripts/ci/tests/test_backend_shards.py::BackendShardContracts::test_missing_duplicate_shard_wrong_index_collection_or_selection_refuses
scripts/ci/tests/test_backend_shards.py::BackendShardContracts::test_nonzero_pytest_exit_never_reports_success_even_with_all_green_cases
scripts/ci/tests/test_backend_shards.py::BackendShardContracts::test_real_full_collection_partition_exact_union_once_and_balanced
scripts/ci/tests/test_backend_shards.py::BackendShardContracts::test_required_skipped_case_never_counts_as_pass
scripts/ci/tests/test_backend_shards.py::BackendShardContracts::test_wrong_sha_run_or_attempt_and_missing_metadata_refuse
scripts/ci/tests/test_backend_shards.py::BackendWorkflowContracts::test_frontend_runs_parallel_print_and_process_proof_requires_both
scripts/ci/tests/test_backend_shards.py::BackendWorkflowContracts::test_guard_installs_pytest_before_discovery_and_uploads_real_product_scope_junit
scripts/ci/tests/test_backend_shards.py::BackendWorkflowContracts::test_required_backend_aggregates_checks_and_both_shards_and_preserves_pg_steps
scripts/ci/tests/test_backend_shard_failclosed.py::BackendFailClosedContracts::test_actual_aggregator_shell_refuses_any_missing_skipped_or_failed_producer
scripts/ci/tests/test_backend_shard_failclosed.py::BackendFailClosedContracts::test_collection_setup_error_outside_case_is_preserved_and_cannot_be_green
scripts/ci/tests/test_backend_shard_failclosed.py::BackendFailClosedContracts::test_worker_collection_drift_fails_before_any_body_runs
scripts/ci/tests/test_ci_release_additions.py::ReleaseCommandContracts::test_actual_candidate_product_scope_uses_fixed_independently_reviewed_reference
scripts/ci/tests/test_ci_release_additions.py::ReleaseCommandContracts::test_actual_workflow_requires_wms686_raw_tap_receipt_and_exact_attempt_artifact
scripts/ci/tests/test_ci_release_additions.py::ReleaseCommandContracts::test_all_three_mac_test_files_run_after_npm_ci_and_tap_is_in_frontend_artifact
scripts/ci/tests/test_ci_release_additions.py::ReleaseCommandContracts::test_controlled_accepted_final_freeze_accepts_only_its_exact_reference
scripts/ci/tests/test_ci_release_additions.py::ReleaseCommandContracts::test_existing_517_pg_run_produces_report_without_duplicate_run
scripts/ci/tests/test_ci_release_additions.py::ReleaseCommandContracts::test_source_binding_keeps_one_active_exact_reference_during_or_after_freeze
scripts/ci/tests/test_ci_release_additions.py::ReleaseCommandContracts::test_wms686_raw_receipt_contract_rejects_missing_tap_upload_download_or_required_job
scripts/ci/tests/test_backend_shard_redis_setup.py::RedisDependencyContract::test_actual_setup_installs_missing_binary_and_preserves_present_binary
scripts/ci/tests/test_promote_guards.py::PromoteGuardsTests::test_dangling_saved_protected_policy_refuses_legacy_move
scripts/ci/tests/test_promote_guards.py::PromoteGuardsTests::test_empty_active_permanent_reference_still_refuses_promotion
scripts/ci/tests/test_promote_guards.py::PromoteGuardsTests::test_missing_saved_protected_policy_refuses_legacy_move
scripts/ci/tests/test_promote_guards.py::PromoteGuardsTests::test_parses_every_br_and_semicolon_separated_permanent_reference
scripts/ci/tests/test_promote_guards.py::PromoteGuardsTests::test_promotes_only_permanent_tests_and_updates_references
scripts/ci/tests/test_promote_guards.py::PromoteGuardsTests::test_protected_ci_shards_junit_rejects_a_different_policy_source_path
scripts/ci/tests/test_promote_guards.py::PromoteGuardsTests::test_protected_ci_shards_junit_rejects_changed_source_hash
scripts/ci/tests/test_promote_guards.py::PromoteGuardsTests::test_protected_ci_shards_junit_rejects_missing_exact_case
scripts/ci/tests/test_promote_guards.py::PromoteGuardsTests::test_protected_ci_shards_junit_rejects_wrong_report
scripts/ci/tests/test_promote_guards.py::PromoteGuardsTests::test_protected_ci_shards_junit_uses_the_full_scripts_module_name
scripts/ci/tests/test_promote_guards.py::PromoteGuardsTests::test_protected_original_stays_registered_and_second_promotion_is_idempotent
scripts/ci/tests/test_promote_guards.py::PromoteGuardsTests::test_protected_wms654_templates_bind_every_real_case_in_fixed_vitest_report
scripts/ci/tests/test_promote_guards.py::PromoteGuardsTests::test_protected_wms654_templates_reject_changed_source_hash
scripts/ci/tests/test_promote_guards.py::PromoteGuardsTests::test_protected_wms654_templates_reject_unbound_expanded_case
scripts/ci/tests/test_promote_guards.py::PromoteGuardsTests::test_protected_wms654_templates_reject_wrong_case_file
scripts/ci/tests/test_promote_guards.py::PromoteGuardsTests::test_protected_wms654_templates_reject_wrong_expanded_case_or_source
scripts/ci/tests/test_promote_guards.py::PromoteGuardsTests::test_protected_wms654_templates_reject_wrong_vitest_report
scripts/ci/tests/test_promote_guards.py::PromoteGuardsTests::test_protected_wms663_c10_copy_rejects_changed_source_hash
scripts/ci/tests/test_promote_guards.py::PromoteGuardsTests::test_protected_wms663_c10_copy_rejects_wrong_generated_module_case
scripts/ci/tests/test_promote_guards.py::PromoteGuardsTests::test_protected_wms663_c10_copy_rejects_wrong_postgres_report
scripts/ci/tests/test_promote_guards.py::PromoteGuardsTests::test_protected_wms663_c10_copy_uses_only_the_real_generated_module_and_report
scripts/ci/tests/test_promote_guards.py::PromoteGuardsTests::test_protected_wms687_each_rejects_arbitrary_describe_group_prefix
scripts/ci/tests/test_promote_guards.py::PromoteGuardsTests::test_protected_wms687_each_rejects_changed_source_hash
scripts/ci/tests/test_promote_guards.py::PromoteGuardsTests::test_protected_wms687_each_rejects_missing_exact_case
scripts/ci/tests/test_promote_guards.py::PromoteGuardsTests::test_protected_wms687_each_rejects_wrong_report
scripts/ci/tests/test_promote_guards.py::PromoteGuardsTests::test_protected_wms687_each_uses_the_two_exact_executed_case_ids
scripts/ci/tests/test_promote_guards.py::PromoteGuardsTests::test_rejects_test_outside_supported_trees
scripts/ci/tests/test_promote_guards.py::PromoteGuardsTests::test_unprotected_legacy_each_reference_still_requires_a_literal_source_name
scripts/ci/tests/test_process_contracts.py::ProcessContractTests::test_browser_report_is_exact_named_actual_sha_not_old_green
scripts/ci/tests/test_process_contracts.py::ProcessContractTests::test_duplicate_cannot_replace_missing_case
scripts/ci/tests/test_process_contracts.py::ProcessContractTests::test_every_nonpass_and_collection_error_refuse
scripts/ci/tests/test_process_contracts.py::ProcessContractTests::test_freeze_rejects_source_helper_runner_and_self_updated_hash
scripts/ci/tests/test_process_contracts.py::ProcessContractTests::test_no_external_paths_or_empty_policy
scripts/ci/tests/test_process_contracts.py::ProcessContractTests::test_real_named_cases_green
scripts/ci/tests/test_process_contracts.py::ProcessContractTests::test_same_count_other_case_cannot_replace_required_case
scripts/ci/tests/test_process_contracts.py::ProcessContractTests::test_subset_allows_unrelated_skip_but_never_protected_skip
scripts/ci/tests/test_process_contracts.py::ProcessContractTests::test_unavailable_empty_malformed_or_symlink_report_refuses
scripts/ci/tests/test_process_contracts.py::ProcessContractTests::test_vitest_requires_file_and_full_parameterized_name_not_summary
scripts/ci/tests/test_process_deploy_gate.py::ProcessDeployGateTests::test_archive_duplicate_members_and_traversal_refuse
scripts/ci/tests/test_process_deploy_gate.py::ProcessDeployGateTests::test_artifact_api_identity_not_self_declared_metadata
scripts/ci/tests/test_process_deploy_gate.py::ProcessDeployGateTests::test_exact_named_evidence_then_one_action
scripts/ci/tests/test_process_deploy_gate.py::ProcessDeployGateTests::test_green_jobs_without_evidence_never_deploy
scripts/ci/tests/test_process_deploy_gate.py::ProcessDeployGateTests::test_inaccessible_archive_never_deploy
scripts/ci/tests/test_process_deploy_gate.py::ProcessDeployGateTests::test_invalid_or_self_base_does_not_pass_as_trusted_baseline
scripts/ci/tests/test_process_deploy_gate.py::ProcessDeployGateTests::test_missing_failed_skipped_or_pending_proof_job_never_deploy
scripts/ci/tests/test_process_deploy_gate.py::ProcessDeployGateTests::test_new_attempt_after_download_invalidates_old_receipt
scripts/ci/tests/test_process_deploy_gate.py::ProcessDeployGateTests::test_skipped_required_case_or_same_count_replacement_never_deploy
scripts/ci/tests/test_process_deploy_gate.py::ProcessDeployGateTests::test_wrong_sha_attempt_policy_or_run_never_deploy
scripts/ci/tests/test_server_process_gate.py::ServerGateTests::test_attempt_changed_after_artifact_refuses
scripts/ci/tests/test_server_process_gate.py::ServerGateTests::test_cli_uses_verified_repository_not_env_override
scripts/ci/tests/test_server_process_gate.py::ServerGateTests::test_current_attempt_artifact_missing_expired_duplicate_wrong_sha_run_or_attempt_refuses
scripts/ci/tests/test_server_process_gate.py::ServerGateTests::test_every_required_extra_job_missing_failed_skipped_neutral_or_pending_refuses
scripts/ci/tests/test_server_process_gate.py::ServerGateTests::test_exact_push_sha_jobs_and_current_proof_metadata_accept
scripts/ci/tests/test_server_process_gate.py::ServerGateTests::test_extra_job_other_sha_run_or_duplicate_refuses
scripts/ci/tests/test_server_process_gate.py::ServerGateTests::test_public_reader_is_get_only_no_authorization_and_bounded
scripts/ci/tests/test_server_process_gate.py::ServerGateTests::test_red_latest_run_wrong_sha_or_non_push_etalon_refuses
scripts/ci/tests/test_server_process_gate.py::ServerScriptTests::test_read_only_guard_only_exit_never_builds_or_checks_external_ci
scripts/ci/tests/test_server_process_gate.py::ServerScriptTests::test_successful_server_verification_precedes_first_build
scripts/ci/tests/test_server_process_gate.py::ServerScriptTests::test_unverified_server_stops_before_every_docker_action_even_with_verified_env_flags
scripts/ci/test_check_task_documents.py::DocumentTests::test_automated_class_requires_test_reference
scripts/ci/test_check_task_documents.py::DocumentTests::test_classified_checks_resolve_test_file_and_name
scripts/ci/test_check_task_documents.py::DocumentTests::test_empty_conclusion_does_not_consume_next_section
scripts/ci/test_check_task_documents.py::DocumentTests::test_empty_table
scripts/ci/test_check_task_documents.py::DocumentTests::test_empty_verdict
scripts/ci/test_check_task_documents.py::DocumentTests::test_escaped_pipe_in_description
scripts/ci/test_check_task_documents.py::DocumentTests::test_extra_columns_case_whitespace_and_aliases
scripts/ci/test_check_task_documents.py::DocumentTests::test_fenced_example_is_not_evidence
scripts/ci/test_check_task_documents.py::DocumentTests::test_filled_failed_verdict_is_valid
scripts/ci/test_check_task_documents.py::DocumentTests::test_missing_cell
scripts/ci/test_check_task_documents.py::DocumentTests::test_missing_separator_is_actionable_error
scripts/ci/test_check_task_documents.py::DocumentTests::test_no_prose_checks
scripts/ci/test_check_task_documents.py::DocumentTests::test_one_check_can_reference_several_tests_with_html_breaks
scripts/ci/test_check_task_documents.py::DocumentTests::test_second_table_also_requires_verdicts
scripts/ci/test_check_task_documents.py::DocumentTests::test_test_reference_requires_existing_file_and_test_name
scripts/ci/test_check_task_documents.py::GitTests::test_acceptance_verdicts_in_requirements_after_contract_are_allowed
scripts/ci/test_check_task_documents.py::GitTests::test_array_corrections_accept_sol_high_review
scripts/ci/test_check_task_documents.py::GitTests::test_array_corrections_do_not_absorb_later_mutation_of_first_file
scripts/ci/test_check_task_documents.py::GitTests::test_array_corrections_preserve_untouched_original_file
scripts/ci/test_check_task_documents.py::GitTests::test_array_corrections_reject_ambiguous_legacy_fields
scripts/ci/test_check_task_documents.py::GitTests::test_array_corrections_reject_correction_outside_head_history
scripts/ci/test_check_task_documents.py::GitTests::test_array_corrections_reject_empty_array
scripts/ci/test_check_task_documents.py::GitTests::test_array_corrections_reject_extra_file_in_correction_commit
scripts/ci/test_check_task_documents.py::GitTests::test_array_corrections_reject_low_effort_review
scripts/ci/test_check_task_documents.py::GitTests::test_array_corrections_reject_non_contract_ancestor
scripts/ci/test_check_task_documents.py::GitTests::test_array_corrections_reject_non_frozen_file
scripts/ci/test_check_task_documents.py::GitTests::test_array_corrections_reject_non_object_entry
scripts/ci/test_check_task_documents.py::GitTests::test_array_corrections_reject_non_pass_review
scripts/ci/test_check_task_documents.py::GitTests::test_array_corrections_reject_original_commit_as_correction
scripts/ci/test_check_task_documents.py::GitTests::test_array_corrections_reject_overlapping_files
scripts/ci/test_check_task_documents.py::GitTests::test_array_corrections_reject_unknown_model
scripts/ci/test_check_task_documents.py::GitTests::test_array_corrections_reject_unknown_original_contract
scripts/ci/test_check_task_documents.py::GitTests::test_array_corrections_reject_wholesale_replacement_in_one_commit
scripts/ci/test_check_task_documents.py::GitTests::test_array_corrections_require_strict_subset_even_for_single_file_contract
scripts/ci/test_check_task_documents.py::GitTests::test_array_corrections_validate_entries_for_contract_before_base
scripts/ci/test_check_task_documents.py::GitTests::test_base_after_rollout_checks_only_new_commits
scripts/ci/test_check_task_documents.py::GitTests::test_contract_commit_files_cannot_change_later
scripts/ci/test_check_task_documents.py::GitTests::test_contract_correction_ledger_rejects_unreviewed_or_extra_files
scripts/ci/test_check_task_documents.py::GitTests::test_contract_correction_rejects_extra_file_with_valid_review
scripts/ci/test_check_task_documents.py::GitTests::test_correction_cannot_replace_a_multi_file_contract_wholesale
scripts/ci/test_check_task_documents.py::GitTests::test_correction_does_not_absorb_an_earlier_change_to_another_frozen_file
scripts/ci/test_check_task_documents.py::GitTests::test_correction_ledger_rejects_missing_or_unknown_contract_commit
scripts/ci/test_check_task_documents.py::GitTests::test_correction_must_be_a_strictly_later_commit
scripts/ci/test_check_task_documents.py::GitTests::test_correction_targets_one_of_several_contract_commits_for_same_task
scripts/ci/test_check_task_documents.py::GitTests::test_exact_chain_records_match_published_parent_blobs_and_report
scripts/ci/test_check_task_documents.py::GitTests::test_exact_chain_records_pin_the_two_published_review_artifacts
scripts/ci/test_check_task_documents.py::GitTests::test_legacy_wms654_exact_files_ledger_keeps_accepted_report_without_report_commit
scripts/ci/test_check_task_documents.py::GitTests::test_merge_commit_that_edits_contract_is_still_a_change
scripts/ci/test_check_task_documents.py::GitTests::test_merging_base_into_branch_after_contract_is_allowed
scripts/ci/test_check_task_documents.py::GitTests::test_multiple_tasks_and_missing_document
scripts/ci/test_check_task_documents.py::GitTests::test_non_object_contract_correction_ledger_is_actionable_error
scripts/ci/test_check_task_documents.py::GitTests::test_old_task_referenced_again_needs_contract
scripts/ci/test_check_task_documents.py::GitTests::test_pre_rollout_history_ignored_but_introduction_checked
scripts/ci/test_check_task_documents.py::GitTests::test_prior_reviewed_contract_does_not_block_later_contract_for_same_task
scripts/ci/test_check_task_documents.py::GitTests::test_protected_wms687_expanded_inbound_reference_uses_exact_receipt_case
scripts/ci/test_check_task_documents.py::GitTests::test_protected_wms687_expanded_reference_rejects_unbound_or_changed_proof
scripts/ci/test_check_task_documents.py::GitTests::test_protected_wms687_expanded_return_reference_uses_exact_receipt_case
scripts/ci/test_check_task_documents.py::GitTests::test_pull_request_merge_commit_is_not_a_contract_change
scripts/ci/test_check_task_documents.py::GitTests::test_renaming_frozen_contract_file_is_a_change
scripts/ci/test_check_task_documents.py::GitTests::test_reviewed_658_and_681_exact_chain_rejects_every_binding_canary
scripts/ci/test_check_task_documents.py::GitTests::test_reviewed_contract_correction_becomes_new_frozen_baseline
scripts/ci/test_check_task_documents.py::GitTests::test_rules_mismatch
scripts/ci/test_check_task_documents.py::GitTests::test_similarly_named_commit_does_not_freeze_files
scripts/ci/test_check_task_documents.py::GitTests::test_sol61_high_review_accepts_corrected_contract
scripts/ci/test_check_task_documents.py::GitTests::test_sol61_low_review_cannot_accept_corrected_contract
scripts/ci/test_check_task_documents.py::GitTests::test_two_disjoint_corrections_keep_independent_frozen_baselines
scripts/ci/test_check_task_documents.py::GitTests::test_uncommitted_checker_does_not_backfill_history
scripts/ci/test_check_task_documents.py::GitTests::test_uncommitted_contract_correction_ledger_is_ignored
scripts/ci/test_check_task_documents.py::GitTests::test_unprotected_legacy_test_reference_stays_literal
scripts/ci/test_check_task_documents.py::GitTests::test_wms658_published_exact_chain_with_own_test_links_is_accepted
scripts/ci/test_check_task_documents.py::GitTests::test_wms680_closed_matrix_rejects_owner_report_assertion_and_scope_canaries
scripts/ci/test_check_task_documents.py::GitTests::test_wms680_manifest_matches_owner_evidence_all_frontiers_and_report
scripts/ci/test_check_task_documents.py::GitTests::test_wms680_owner_semantic_and_fixture_matrix_is_registered_exactly
scripts/ci/test_check_task_documents.py::GitTests::test_wms680_real_gate_accepts_later_5739_and_739_frozen_bases
scripts/ci/test_check_task_documents.py::GitTests::test_wms681_integration_fixture_exact_pair_is_accepted_after_registration
scripts/ci/test_check_task_documents.py::GitTests::test_wms681_integration_fixture_keeps_review_identity_but_uses_descendant_publication
scripts/ci/test_check_task_documents.py::GitTests::test_wms681_integration_fixture_rejects_every_exact_binding_canary
scripts/ci/test_check_task_documents.py::GitTests::test_wms681_published_two_by_two_exact_chain_is_accepted
scripts/ci/test_check_task_documents.py::GitTests::test_wms687_ancillary_correction_with_report_still_requires_report_commit
scripts/ci/test_check_task_documents.py::GitTests::test_wms687_correction_rejects_foreign_or_semantic_requirement_change
scripts/ci/test_check_task_documents.py::GitTests::test_wms687_correction_rejects_product_or_other_task_test_companion
scripts/ci/test_check_task_documents.py::GitTests::test_wms687_correction_rejects_undeclared_or_deleted_frozen_test
scripts/ci/test_check_task_documents.py::GitTests::test_wms687_reviewed_correction_allows_only_new_task_tests_and_own_test_links

166 tests collected in 0.06s
