
DevTools listening on ws://127.0.0.1:16687/devtools/browser/fe378027-61d8-429b-8576-c54185104397
Trying to load the allocator multiple times. This is *not* supported.
[46399:324901:1006/225748.957814:ERROR:ui/display/mac/cv_display_link_mac.mm:188] CVDisplayLinkCreateWithCGDisplay failed. CVReturn: -6670
[46399:324901:1006/225748.958229:ERROR:ui/display/mac/cv_display_link_mac.mm:188] CVDisplayLinkCreateWithCGDisplay failed. CVReturn: -6670
[46399:324901:1006/225748.958293:ERROR:ui/display/mac/cv_display_link_mac.mm:188] CVDisplayLinkCreateWithCGDisplay failed. CVReturn: -6670
[46399:324901:1006/225748.958371:ERROR:ui/display/mac/cv_display_link_mac.mm:188] CVDisplayLinkCreateWithCGDisplay failed. CVReturn: -6670
[46399:324901:1006/225748.958443:ERROR:ui/display/mac/cv_display_link_mac.mm:188] CVDisplayLinkCreateWithCGDisplay failed. CVReturn: -6670
[46399:324901:1006/225748.958513:ERROR:ui/display/mac/cv_display_link_mac.mm:188] CVDisplayLinkCreateWithCGDisplay failed. CVReturn: -6670
[46399:324901:1006/225751.072370:ERROR:ui/display/mac/cv_display_link_mac.mm:188] CVDisplayLinkCreateWithCGDisplay failed. CVReturn: -6670
[46399:324901:1006/225751.163326:ERROR:ui/display/mac/cv_display_link_mac.mm:188] CVDisplayLinkCreateWithCGDisplay failed. CVReturn: -6670
[46399:324901:1006/225751.204905:ERROR:ui/display/mac/cv_display_link_mac.mm:188] CVDisplayLinkCreateWithCGDisplay failed. CVReturn: -6670
[46399:324901:1006/225751.263777:ERROR:ui/display/mac/cv_display_link_mac.mm:188] CVDisplayLinkCreateWithCGDisplay failed. CVReturn: -6670
[46399:324901:1006/225751.301426:ERROR:ui/display/mac/cv_display_link_mac.mm:188] CVDisplayLinkCreateWithCGDisplay failed. CVReturn: -6670
[46418:325195:1006/225751.322770:ERROR:sandbox/mac/system_services.cc:31] SetApplicationIsDaemon: Error Domain=NSOSStatusErrorDomain Code=-50 "paramErr: error in user parameter list" (-50)
[46399:324901:1006/225751.364694:ERROR:ui/display/mac/cv_display_link_mac.mm:188] CVDisplayLinkCreateWithCGDisplay failed. CVReturn: -6670
[46399:324901:1006/225751.421514:ERROR:ui/display/mac/cv_display_link_mac.mm:188] CVDisplayLinkCreateWithCGDisplay failed. CVReturn: -6670
[46393:324853:1006/225751.857356:ERROR:google_apis/gcm/engine/registration_request.cc:291] Registration response error message: PHONE_REGISTRATION_ERROR
[46393:324853:1006/225751.857436:ERROR:google_apis/gcm/engine/registration_request.cc:291] Registration response error message: PHONE_REGISTRATION_ERROR
[46393:324853:1006/225751.857545:ERROR:google_apis/gcm/engine/registration_request.cc:291] Registration response error message: PHONE_REGISTRATION_ERROR
[46393:324853:1006/225751.946230:ERROR:google_apis/gcm/engine/mcs_client.cc:702]   Error code: 401  Error message: Authentication Failed: wrong_secret
[46393:324853:1006/225751.946242:ERROR:google_apis/gcm/engine/mcs_client.cc:704] Failed to log in to GCM, resetting connection.
Created TensorFlow Lite XNNPACK delegate for CPU.
[46519:326076:1006/225807.648560:VERBOSE1:chrome/updater/updater.cc:364] Version: 156.0.8067.0, opt, ARM_64, command line: /Users/deniscivkunov/Library/Application Support/Google/GoogleUpdater/156.0.8067.0/GoogleUpdater.app/Contents/MacOS/GoogleUpdater --wake-all --enable-logging --vmodule=*/components/update_client/*=2,*/chrome/enterprise_companion/*=2,*/chrome/updater/*=2
[46519:326076:1006/225807.649041:VERBOSE1:chrome/updater/updater.cc:367] OS version: 26.3.0, arch: arm64, System uptime (seconds): 8880, parent pid: 46393
[46519:326076:1006/225807.650917:VERBOSE1:chrome/updater/updater.cc:372] Available disk space in install directory (/Users/deniscivkunov/Library/Application Support/Google/GoogleUpdater): 4917682176B (4.580GiB) / 245107195904B (228.274GiB)
[46519:326076:1006/225807.651052:VERBOSE1:chrome/updater/updater.cc:376] Available disk space in temporary directory (/var/folders/v2/zf9pcbpd4d50jvs85vz5jxhm0000gn/T/): 4917682176B (4.580GiB) / 245107195904B (228.274GiB)
[46519:326076:1006/225807.651178:VERBOSE2:chrome/updater/event_history.cc:266] Emitted a UPDATER_PROCESS START event to the history log
[46521:326080:1006/225807.660324:VERBOSE1:chrome/updater/updater.cc:364] Version: 156.0.8067.0, opt, ARM_64, command line: /Users/deniscivkunov/Library/Application Support/Google/GoogleUpdater/156.0.8067.0/GoogleUpdater.app/Contents/MacOS/GoogleUpdater --crash-handler --database=/Users/deniscivkunov/Library/Application Support/Google/GoogleUpdater/156.0.8067.0/Crashpad --url=https://clients2.google.com/cr/report --annotation=prod=Update4 --annotation=ver=156.0.8067.0 --handshake-fd=6 --enable-logging --vmodule=*/components/update_client/*=2,*/chrome/enterprise_companion/*=2,*/chrome/updater/*=2
[46521:326080:1006/225807.660876:VERBOSE1:chrome/updater/updater.cc:367] OS version: 26.3.0, arch: arm64, System uptime (seconds): 8880, parent pid: 1
[46521:326080:1006/225807.662799:VERBOSE1:chrome/updater/updater.cc:372] Available disk space in install directory (/Users/deniscivkunov/Library/Application Support/Google/GoogleUpdater): 4917682176B (4.580GiB) / 245107195904B (228.274GiB)
[46521:326080:1006/225807.662826:VERBOSE1:chrome/updater/updater.cc:376] Available disk space in temporary directory (/var/folders/v2/zf9pcbpd4d50jvs85vz5jxhm0000gn/T/): 4917682176B (4.580GiB) / 245107195904B (228.274GiB)
[46521:326080:1006/225807.662895:VERBOSE2:chrome/updater/event_history.cc:266] Emitted a UPDATER_PROCESS START event to the history log
[46519:326076:1006/225807.663280:VERBOSE1:chrome/updater/crash_reporter.cc:123] Crash handler launched and ready.
[46519:326076:1006/225807.663921:VERBOSE1:chrome/updater/crash_client.cc:108] Found 0 completed crash reports
[46519:326076:1006/225807.664035:VERBOSE1:chrome/updater/crash_client.cc:132] Found 0 pending crash reports
[46519:326076:1006/225807.664118:ERROR:third_party/crashpad/crashpad/util/file/file_io_posix.cc:145] open /Users/deniscivkunov/Library/Application Support/Google/RLZ/Crashpad/settings.dat: No such file or directory (2)
[46519:326076:1006/225807.664315:VERBOSE1:chrome/updater/updater.cc:105] Crash reporting initialized.
[46519:326088:1006/225807.664583:VERBOSE1:chrome/updater/app/app_wakeall.cc:58] Launching `/Users/deniscivkunov/Library/Application Support/Google/GoogleUpdater/156.0.8067.0/GoogleUpdater.app/Contents/MacOS/GoogleUpdater --wake`
[46522:326092:1006/225807.672313:VERBOSE1:chrome/updater/updater.cc:364] Version: 156.0.8067.0, opt, ARM_64, command line: /Users/deniscivkunov/Library/Application Support/Google/GoogleUpdater/156.0.8067.0/GoogleUpdater.app/Contents/MacOS/GoogleUpdater --wake --enable-logging --vmodule=*/components/update_client/*=2,*/chrome/enterprise_companion/*=2,*/chrome/updater/*=2
[46522:326092:1006/225807.672840:VERBOSE1:chrome/updater/updater.cc:367] OS version: 26.3.0, arch: arm64, System uptime (seconds): 8880, parent pid: 46519
[46522:326092:1006/225807.674870:VERBOSE1:chrome/updater/updater.cc:372] Available disk space in install directory (/Users/deniscivkunov/Library/Application Support/Google/GoogleUpdater): 4917678080B (4.580GiB) / 245107195904B (228.274GiB)
[46522:326092:1006/225807.674898:VERBOSE1:chrome/updater/updater.cc:376] Available disk space in temporary directory (/var/folders/v2/zf9pcbpd4d50jvs85vz5jxhm0000gn/T/): 4917678080B (4.580GiB) / 245107195904B (228.274GiB)
[46522:326092:1006/225807.674963:VERBOSE2:chrome/updater/event_history.cc:266] Emitted a UPDATER_PROCESS START event to the history log
[46524:326096:1006/225807.684513:VERBOSE1:chrome/updater/updater.cc:364] Version: 156.0.8067.0, opt, ARM_64, command line: /Users/deniscivkunov/Library/Application Support/Google/GoogleUpdater/156.0.8067.0/GoogleUpdater.app/Contents/MacOS/GoogleUpdater --crash-handler --database=/Users/deniscivkunov/Library/Application Support/Google/GoogleUpdater/156.0.8067.0/Crashpad --url=https://clients2.google.com/cr/report --annotation=prod=Update4 --annotation=ver=156.0.8067.0 --handshake-fd=6 --enable-logging --vmodule=*/components/update_client/*=2,*/chrome/enterprise_companion/*=2,*/chrome/updater/*=2
[46524:326096:1006/225807.685162:VERBOSE1:chrome/updater/updater.cc:367] OS version: 26.3.0, arch: arm64, System uptime (seconds): 8880, parent pid: 1
[46524:326096:1006/225807.687260:VERBOSE1:chrome/updater/updater.cc:372] Available disk space in install directory (/Users/deniscivkunov/Library/Application Support/Google/GoogleUpdater): 4917678080B (4.580GiB) / 245107195904B (228.274GiB)
[46524:326096:1006/225807.687304:VERBOSE1:chrome/updater/updater.cc:376] Available disk space in temporary directory (/var/folders/v2/zf9pcbpd4d50jvs85vz5jxhm0000gn/T/): 4917678080B (4.580GiB) / 245107195904B (228.274GiB)
[46524:326096:1006/225807.687449:VERBOSE2:chrome/updater/event_history.cc:266] Emitted a UPDATER_PROCESS START event to the history log
[46522:326092:1006/225807.687951:VERBOSE1:chrome/updater/crash_reporter.cc:123] Crash handler launched and ready.
[46522:326092:1006/225807.688588:VERBOSE1:chrome/updater/crash_client.cc:108] Found 0 completed crash reports
[46522:326092:1006/225807.688672:VERBOSE1:chrome/updater/crash_client.cc:132] Found 0 pending crash reports
[46522:326092:1006/225807.688757:ERROR:third_party/crashpad/crashpad/util/file/file_io_posix.cc:145] open /Users/deniscivkunov/Library/Application Support/Google/RLZ/Crashpad/settings.dat: No such file or directory (2)
[46522:326092:1006/225807.688975:VERBOSE1:chrome/updater/updater.cc:105] Crash reporting initialized.
[46522:326092:1006/225807.689136:VERBOSE1:chrome/updater/ipc/update_service_internal_proxy_mojo.cc:61] Run
[46393:324853:1006/225817.026305:ERROR:google_apis/gcm/engine/registration_request.cc:291] Registration response error message: DEPRECATED_ENDPOINT
[46522:326092:1006/225823.470990:VERBOSE1:chrome/updater/app/app.cc:52] Shutdown: 0
[46522:326092:1006/225823.471285:VERBOSE2:chrome/updater/event_history.cc:266] Emitted a UPDATER_PROCESS END event to the history log
[46522:326092:1006/225823.471303:VERBOSE1:chrome/updater/updater.cc:409] UpdaterMain (--wake) returned 0.
[46519:326088:1006/225823.692317:VERBOSE1:chrome/updater/app/app_wakeall.cc:68] `/Users/deniscivkunov/Library/Application Support/Google/GoogleUpdater/156.0.8067.0/GoogleUpdater.app/Contents/MacOS/GoogleUpdater --wake` exited 0
[46519:326076:1006/225823.692487:VERBOSE1:chrome/updater/app/app.cc:52] Shutdown: 0
[46519:326076:1006/225823.692898:VERBOSE2:chrome/updater/event_history.cc:266] Emitted a UPDATER_PROCESS END event to the history log
[46519:326076:1006/225823.692935:VERBOSE1:chrome/updater/updater.cc:409] UpdaterMain (--wake-all) returned 0.
[46524:326096:1006/225833.479153:VERBOSE2:chrome/updater/event_history.cc:266] Emitted a UPDATER_PROCESS END event to the history log
[46524:326096:1006/225833.479184:VERBOSE1:chrome/updater/updater.cc:409] UpdaterMain (--crash-handler) returned 0.
[46521:326080:1006/225833.480140:VERBOSE2:chrome/updater/event_history.cc:266] Emitted a UPDATER_PROCESS END event to the history log
[46521:326080:1006/225833.480169:VERBOSE1:chrome/updater/updater.cc:409] UpdaterMain (--crash-handler) returned 0.
