WMS652.realQr[supply_id=A]: PASS
WMS652.realQr[supply_ids=A]: PASS
WMS652.realQr[supply_ids=A,B]: PASS
WMS652.selection[single-create]: PASS
WMS652.selection[seller-warehouse-group-retry]: PASS
WMS652.selection[add-existing-refusal-retry]: PASS
WMS652.realQrFlags[alloff;supply_id=A]: PASS
WMS652.realQrFlags[alloff;supply_ids=A]: PASS
WMS652.realQrFlags[alloff;supply_ids=A,B]: PASS
WMS652.realQrFlags[qr;supply_id=A]: PASS
WMS652.realQrFlags[qr;supply_ids=A]: PASS
WMS652.realQrFlags[qr;supply_ids=A,B]: PASS
WMS652.realQrFlags[reprint;supply_id=A]: PASS
WMS652.realQrFlags[reprint;supply_ids=A]: PASS
WMS652.realQrFlags[reprint;supply_ids=A,B]: PASS
WMS652.realQrFlags[qr+reprint;supply_id=A]: PASS
WMS652.realQrFlags[qr+reprint;supply_ids=A]: PASS
WMS652.realQrFlags[qr+reprint;supply_ids=A,B]: PASS
WMS652.realQrFlags[pool;supply_id=A]: PASS
WMS652.realQrFlags[pool;supply_ids=A]: PASS
WMS652.realQrFlags[pool;supply_ids=A,B]: PASS
WMS652.realQrFlags[qr+pool;supply_id=A]: PASS
WMS652.realQrFlags[qr+pool;supply_ids=A]: PASS
WMS652.realQrFlags[qr+pool;supply_ids=A,B]: PASS
WMS652.realQrFlags[held-receipt;supply_id=A]: PASS
WMS652.realQrFlags[held-receipt;supply_ids=A]: PASS
WMS652.realQrFlags[held-receipt;supply_ids=A,B]: PASS
WMS652.realQrFlags[lost-accepted-ack;supply_id=A]: PASS
WMS652.realQrFlags[lost-accepted-ack;supply_ids=A]: PASS
WMS652.realQrFlags[lost-accepted-ack;supply_ids=A,B]: PASS
WMS652.realQrFlags[remount-after-lost-ack;supply_id=A]: AssertionError [ERR_ASSERTION]: restored explicit selection must reuse initial idempotency key
+ actual - expected

+ '35006ca7-de83-4a6c-bbca-510c51865b3f'
- 'd45e8361-0c9d-40b8-b8e3-64d254a4207c'

WMS652.realQrFlags[remount-after-lost-ack;supply_ids=A]: AssertionError [ERR_ASSERTION]: restored explicit selection must reuse initial idempotency key
+ actual - expected

+ 'f4819e04-672c-4ea8-a6bd-4c05bd016a16'
- '95165647-01d9-43fa-b52a-c840afc6ba6e'

WMS652.realQrFlags[remount-after-lost-ack;supply_ids=A,B]: AssertionError [ERR_ASSERTION]: restored explicit selection must reuse initial idempotency key
+ actual - expected

+ '9094857e-9aa0-4008-b988-111de331db1f'
- 'ae1911a4-e00f-449c-a4d8-976b7d7e2b93'

AssertionError [ERR_ASSERTION]: one or more real-screen cases failed
    at file:///Users/deniscivkunov/Projects/WMS/.worktrees/wms652-critical-fbs-contracts/frontend/tests-e2e/wms652-critical/browser.mjs:214:3 {
  generatedMessage: false,
  code: 'ERR_ASSERTION',
  actual: false,
  expected: true,
  operator: '==',
  diff: 'simple'
}
