
DevTools listening on ws://127.0.0.1:16687/devtools/browser/91e08c52-3467-4061-9fec-b9da9b1b74da
Trying to load the allocator multiple times. This is *not* supported.
[42682:297240:1006/224454.973505:ERROR:ui/display/mac/cv_display_link_mac.mm:188] CVDisplayLinkCreateWithCGDisplay failed. CVReturn: -6670
[42682:297240:1006/224454.974251:ERROR:ui/display/mac/cv_display_link_mac.mm:188] CVDisplayLinkCreateWithCGDisplay failed. CVReturn: -6670
[42682:297240:1006/224454.974480:ERROR:ui/display/mac/cv_display_link_mac.mm:188] CVDisplayLinkCreateWithCGDisplay failed. CVReturn: -6670
[42682:297240:1006/224454.974594:ERROR:ui/display/mac/cv_display_link_mac.mm:188] CVDisplayLinkCreateWithCGDisplay failed. CVReturn: -6670
[42682:297240:1006/224454.974785:ERROR:ui/display/mac/cv_display_link_mac.mm:188] CVDisplayLinkCreateWithCGDisplay failed. CVReturn: -6670
[42682:297240:1006/224454.974959:ERROR:ui/display/mac/cv_display_link_mac.mm:188] CVDisplayLinkCreateWithCGDisplay failed. CVReturn: -6670
[42682:297240:1006/224456.885817:ERROR:ui/display/mac/cv_display_link_mac.mm:188] CVDisplayLinkCreateWithCGDisplay failed. CVReturn: -6670
[42682:297240:1006/224456.988201:ERROR:ui/display/mac/cv_display_link_mac.mm:188] CVDisplayLinkCreateWithCGDisplay failed. CVReturn: -6670
[42682:297240:1006/224457.045191:ERROR:ui/display/mac/cv_display_link_mac.mm:188] CVDisplayLinkCreateWithCGDisplay failed. CVReturn: -6670
[42682:297240:1006/224457.129526:ERROR:ui/display/mac/cv_display_link_mac.mm:188] CVDisplayLinkCreateWithCGDisplay failed. CVReturn: -6670
[42682:297240:1006/224457.171744:ERROR:ui/display/mac/cv_display_link_mac.mm:188] CVDisplayLinkCreateWithCGDisplay failed. CVReturn: -6670
[42682:297240:1006/224457.252242:ERROR:ui/display/mac/cv_display_link_mac.mm:188] CVDisplayLinkCreateWithCGDisplay failed. CVReturn: -6670
[42698:297494:1006/224457.254908:ERROR:sandbox/mac/system_services.cc:31] SetApplicationIsDaemon: Error Domain=NSOSStatusErrorDomain Code=-50 "paramErr: error in user parameter list" (-50)
[42682:297240:1006/224457.303770:ERROR:ui/display/mac/cv_display_link_mac.mm:188] CVDisplayLinkCreateWithCGDisplay failed. CVReturn: -6670
[42676:297180:1006/224457.662266:ERROR:google_apis/gcm/engine/registration_request.cc:291] Registration response error message: DEPRECATED_ENDPOINT
[42676:297180:1006/224457.691203:ERROR:google_apis/gcm/engine/registration_request.cc:291] Registration response error message: PHONE_REGISTRATION_ERROR
[42676:297180:1006/224457.716456:ERROR:google_apis/gcm/engine/registration_request.cc:291] Registration response error message: PHONE_REGISTRATION_ERROR
[42676:297180:1006/224457.757556:ERROR:google_apis/gcm/engine/mcs_client.cc:702]   Error code: 401  Error message: Authentication Failed: wrong_secret
[42676:297180:1006/224457.757570:ERROR:google_apis/gcm/engine/mcs_client.cc:704] Failed to log in to GCM, resetting connection.
Created TensorFlow Lite XNNPACK delegate for CPU.
[42734:297950:1006/224513.730561:VERBOSE1:chrome/updater/updater.cc:364] Version: 156.0.8067.0, opt, ARM_64, command line: /Users/deniscivkunov/Library/Application Support/Google/GoogleUpdater/156.0.8067.0/GoogleUpdater.app/Contents/MacOS/GoogleUpdater --wake-all --enable-logging --vmodule=*/components/update_client/*=2,*/chrome/enterprise_companion/*=2,*/chrome/updater/*=2
[42734:297950:1006/224513.731150:VERBOSE1:chrome/updater/updater.cc:367] OS version: 26.3.0, arch: arm64, System uptime (seconds): 8106, parent pid: 42676
[42734:297950:1006/224513.733123:VERBOSE1:chrome/updater/updater.cc:372] Available disk space in install directory (/Users/deniscivkunov/Library/Application Support/Google/GoogleUpdater): 5651509248B (5.263GiB) / 245107195904B (228.274GiB)
[42734:297950:1006/224513.733161:VERBOSE1:chrome/updater/updater.cc:376] Available disk space in temporary directory (/var/folders/v2/zf9pcbpd4d50jvs85vz5jxhm0000gn/T/): 5651509248B (5.263GiB) / 245107195904B (228.274GiB)
[42734:297950:1006/224513.733232:VERBOSE2:chrome/updater/event_history.cc:266] Emitted a UPDATER_PROCESS START event to the history log
[42736:297954:1006/224513.745404:VERBOSE1:chrome/updater/updater.cc:364] Version: 156.0.8067.0, opt, ARM_64, command line: /Users/deniscivkunov/Library/Application Support/Google/GoogleUpdater/156.0.8067.0/GoogleUpdater.app/Contents/MacOS/GoogleUpdater --crash-handler --database=/Users/deniscivkunov/Library/Application Support/Google/GoogleUpdater/156.0.8067.0/Crashpad --url=https://clients2.google.com/cr/report --annotation=prod=Update4 --annotation=ver=156.0.8067.0 --handshake-fd=6 --enable-logging --vmodule=*/components/update_client/*=2,*/chrome/enterprise_companion/*=2,*/chrome/updater/*=2
[42736:297954:1006/224513.749246:VERBOSE1:chrome/updater/updater.cc:367] OS version: 26.3.0, arch: arm64, System uptime (seconds): 8106, parent pid: 1
[42736:297954:1006/224513.751679:VERBOSE1:chrome/updater/updater.cc:372] Available disk space in install directory (/Users/deniscivkunov/Library/Application Support/Google/GoogleUpdater): 5651447808B (5.263GiB) / 245107195904B (228.274GiB)
[42736:297954:1006/224513.751713:VERBOSE1:chrome/updater/updater.cc:376] Available disk space in temporary directory (/var/folders/v2/zf9pcbpd4d50jvs85vz5jxhm0000gn/T/): 5651447808B (5.263GiB) / 245107195904B (228.274GiB)
[42736:297954:1006/224513.751834:VERBOSE2:chrome/updater/event_history.cc:266] Emitted a UPDATER_PROCESS START event to the history log
[42734:297950:1006/224513.752502:VERBOSE1:chrome/updater/crash_reporter.cc:123] Crash handler launched and ready.
[42734:297950:1006/224513.753258:VERBOSE1:chrome/updater/crash_client.cc:108] Found 0 completed crash reports
[42734:297950:1006/224513.753346:VERBOSE1:chrome/updater/crash_client.cc:132] Found 0 pending crash reports
[42734:297950:1006/224513.753434:ERROR:third_party/crashpad/crashpad/util/file/file_io_posix.cc:145] open /Users/deniscivkunov/Library/Application Support/Google/RLZ/Crashpad/settings.dat: No such file or directory (2)
[42734:297950:1006/224513.757193:VERBOSE1:chrome/updater/updater.cc:105] Crash reporting initialized.
[42734:297963:1006/224513.757740:VERBOSE1:chrome/updater/app/app_wakeall.cc:58] Launching `/Users/deniscivkunov/Library/Application Support/Google/GoogleUpdater/156.0.8067.0/GoogleUpdater.app/Contents/MacOS/GoogleUpdater --wake`
[42737:297967:1006/224513.767612:VERBOSE1:chrome/updater/updater.cc:364] Version: 156.0.8067.0, opt, ARM_64, command line: /Users/deniscivkunov/Library/Application Support/Google/GoogleUpdater/156.0.8067.0/GoogleUpdater.app/Contents/MacOS/GoogleUpdater --wake --enable-logging --vmodule=*/components/update_client/*=2,*/chrome/enterprise_companion/*=2,*/chrome/updater/*=2
[42737:297967:1006/224513.768276:VERBOSE1:chrome/updater/updater.cc:367] OS version: 26.3.0, arch: arm64, System uptime (seconds): 8107, parent pid: 42734
[42737:297967:1006/224513.771007:VERBOSE1:chrome/updater/updater.cc:372] Available disk space in install directory (/Users/deniscivkunov/Library/Application Support/Google/GoogleUpdater): 5651365888B (5.263GiB) / 245107195904B (228.274GiB)
[42737:297967:1006/224513.771065:VERBOSE1:chrome/updater/updater.cc:376] Available disk space in temporary directory (/var/folders/v2/zf9pcbpd4d50jvs85vz5jxhm0000gn/T/): 5651365888B (5.263GiB) / 245107195904B (228.274GiB)
[42737:297967:1006/224513.771156:VERBOSE2:chrome/updater/event_history.cc:266] Emitted a UPDATER_PROCESS START event to the history log
[42739:297971:1006/224513.782509:VERBOSE1:chrome/updater/updater.cc:364] Version: 156.0.8067.0, opt, ARM_64, command line: /Users/deniscivkunov/Library/Application Support/Google/GoogleUpdater/156.0.8067.0/GoogleUpdater.app/Contents/MacOS/GoogleUpdater --crash-handler --database=/Users/deniscivkunov/Library/Application Support/Google/GoogleUpdater/156.0.8067.0/Crashpad --url=https://clients2.google.com/cr/report --annotation=prod=Update4 --annotation=ver=156.0.8067.0 --handshake-fd=6 --enable-logging --vmodule=*/components/update_client/*=2,*/chrome/enterprise_companion/*=2,*/chrome/updater/*=2
[42739:297971:1006/224513.783304:VERBOSE1:chrome/updater/updater.cc:367] OS version: 26.3.0, arch: arm64, System uptime (seconds): 8107, parent pid: 1
[42739:297971:1006/224513.786203:VERBOSE1:chrome/updater/updater.cc:372] Available disk space in install directory (/Users/deniscivkunov/Library/Application Support/Google/GoogleUpdater): 5651251200B (5.263GiB) / 245107195904B (228.274GiB)
[42739:297971:1006/224513.789567:VERBOSE1:chrome/updater/updater.cc:376] Available disk space in temporary directory (/var/folders/v2/zf9pcbpd4d50jvs85vz5jxhm0000gn/T/): 5651251200B (5.263GiB) / 245107195904B (228.274GiB)
[42739:297971:1006/224513.789767:VERBOSE2:chrome/updater/event_history.cc:266] Emitted a UPDATER_PROCESS START event to the history log
[42737:297967:1006/224513.791045:VERBOSE1:chrome/updater/crash_reporter.cc:123] Crash handler launched and ready.
[42737:297967:1006/224513.792098:VERBOSE1:chrome/updater/crash_client.cc:108] Found 0 completed crash reports
[42737:297967:1006/224513.792213:VERBOSE1:chrome/updater/crash_client.cc:132] Found 0 pending crash reports
[42737:297967:1006/224513.792395:ERROR:third_party/crashpad/crashpad/util/file/file_io_posix.cc:145] open /Users/deniscivkunov/Library/Application Support/Google/RLZ/Crashpad/settings.dat: No such file or directory (2)
[42737:297967:1006/224513.792710:VERBOSE1:chrome/updater/updater.cc:105] Crash reporting initialized.
[42737:297967:1006/224513.792899:VERBOSE1:chrome/updater/ipc/update_service_internal_proxy_mojo.cc:61] Run
[42676:297180:1006/224518.960632:ERROR:google_apis/gcm/engine/registration_request.cc:291] Registration response error message: DEPRECATED_ENDPOINT
[42737:297967:1006/224531.862912:VERBOSE1:chrome/updater/app/app.cc:52] Shutdown: 0
[42737:297967:1006/224531.863158:VERBOSE2:chrome/updater/event_history.cc:266] Emitted a UPDATER_PROCESS END event to the history log
[42737:297967:1006/224531.863173:VERBOSE1:chrome/updater/updater.cc:409] UpdaterMain (--wake) returned 0.
[42734:297963:1006/224531.887718:VERBOSE1:chrome/updater/app/app_wakeall.cc:68] `/Users/deniscivkunov/Library/Application Support/Google/GoogleUpdater/156.0.8067.0/GoogleUpdater.app/Contents/MacOS/GoogleUpdater --wake` exited 0
[42734:297950:1006/224531.887922:VERBOSE1:chrome/updater/app/app.cc:52] Shutdown: 0
[42734:297950:1006/224531.888224:VERBOSE2:chrome/updater/event_history.cc:266] Emitted a UPDATER_PROCESS END event to the history log
[42734:297950:1006/224531.888275:VERBOSE1:chrome/updater/updater.cc:409] UpdaterMain (--wake-all) returned 0.
[42739:297971:1006/224541.869944:VERBOSE2:chrome/updater/event_history.cc:266] Emitted a UPDATER_PROCESS END event to the history log
[42739:297971:1006/224541.869968:VERBOSE1:chrome/updater/updater.cc:409] UpdaterMain (--crash-handler) returned 0.
[42736:297954:1006/224541.870694:VERBOSE2:chrome/updater/event_history.cc:266] Emitted a UPDATER_PROCESS END event to the history log
[42736:297954:1006/224541.870740:VERBOSE1:chrome/updater/updater.cc:409] UpdaterMain (--crash-handler) returned 0.
[42676:297180:1006/224600.690318:ERROR:google_apis/gcm/engine/registration_request.cc:291] Registration response error message: QUOTA_EXCEEDED
