TAP version 13
# Subtest: C5 first native EncodingError with a later peer rejection drains held active peers before cleanup and retry readiness
ok 1 - C5 first native EncodingError with a later peer rejection drains held active peers before cleanup and retry readiness
  ---
  duration_ms: 324.677087
  type: 'test'
  ...
# {"held":{"connected":true,"finished":false,"busy":true,"active":true,"cleanup":[],"started":16},"afterRelease":{"pending":0,"ready":14,"cleanup":[{"pending":0,"ready":14}],"finished":true}}
# Subtest: C5 synchronous decode throw drains held active peers before cleanup and retry readiness
ok 2 - C5 synchronous decode throw drains held active peers before cleanup and retry readiness
  ---
  duration_ms: 122.124446
  type: 'test'
  ...
# {"held":{"connected":true,"finished":false,"busy":true,"active":true,"cleanup":[],"started":16},"afterRelease":{"pending":0,"ready":15,"cleanup":[{"pending":0,"ready":15}],"finished":true}}
1..2
# tests 2
# suites 0
# pass 2
# fail 0
# cancelled 0
# skipped 0
# todo 0
# duration_ms 1094.70656
