F.                                                                       [100%]
=================================== FAILURES ===================================
____ test_first_proven_wait_writer_snapshot_survives_later_pooled_pid_reuse ____

    @pytest.mark.asyncio
    async def test_first_proven_wait_writer_snapshot_survives_later_pooled_pid_reuse():
        observer = ObserverBoundary()
        schedule, role = actual_schedule(observer)
        writer(schedule, role, "batch", 101, locked_select=True)
        writer(schedule, role, "ordinary", 202)
        at_release = []
        native_release = schedule.release.set
    
        def record_release():
            if not at_release:
                at_release.append(dict(schedule.pids))
            native_release()
    
        schedule.release.set = record_release
    
        def advance_before_real_wait():
            if observer.poll == 1:
                assert not schedule.wait_seen and not schedule.release.is_set()
                writer(schedule, role, "batch", 219)
                writer(schedule, role, "ordinary", 209)
    
        observer.before_poll = advance_before_real_wait
        observer.reply = lambda: ([(101, [], "initial batch"), (202, [], "initial ordinary")]
                                  if observer.poll == 0 else
                                  [(219, [], "seller lock"), (209, [219], "reversal-ledger INSERT")])
        task = asyncio.create_task(schedule.observe())
        try:
            await await_release(schedule, task)
            assert schedule.wait_seen
            assert observer.parameters[:2] == [
                {"batch": 101, "ordinary": 202}, {"batch": 219, "ordinary": 209},
            ]
            assert at_release == [{"batch": 219, "ordinary": 209}], (
                "the writer evidence must be captured at the first proven wait, before release"
            )
            assert schedule.wait_queries == [
                (219, [], "seller lock"), (209, [219], "reversal-ledger INSERT"),
            ]
            writer(schedule, role, "ordinary", 219)
            print(f"First wait={at_release}; later exposed pids={schedule.pids}")
>           assert schedule.pids == at_release[0], (
                "first proven concurrent writer snapshot must survive later pooled PID reuse"
            )
E           AssertionError: first proven concurrent writer snapshot must survive later pooled PID reuse
E           assert {'batch': 219...rdinary': 219} == {'batch': 219...rdinary': 209}
E             
E             Omitting 1 identical items, use -vv to show
E             Differing items:
E             {'ordinary': 219} != {'ordinary': 209}
E             Use -v to get more diff

tests/test_wms662_batch_pid_snapshot_contract.py:130: AssertionError
----------------------------- Captured stdout call -----------------------------
First wait=[{'batch': 219, 'ordinary': 209}]; later exposed pids={'batch': 219, 'ordinary': 219}
=============================== warnings summary ===============================
app/main.py:19
  /Users/deniscivkunov/Projects/WMS/.worktrees/wms652-ci-two-shards/backend/app/main.py:19: StarletteDeprecationWarning: 'HTTP_422_UNPROCESSABLE_ENTITY' is deprecated. Use 'HTTP_422_UNPROCESSABLE_CONTENT' instead.
    from app.api.billing_profile_marketplace import router as billing_profile_marketplace_router

<frozen importlib._bootstrap>:491
<frozen importlib._bootstrap>:491
  <frozen importlib._bootstrap>:491: DeprecationWarning: builtin type SwigPyPacked has no __module__ attribute

<frozen importlib._bootstrap>:491
<frozen importlib._bootstrap>:491
  <frozen importlib._bootstrap>:491: DeprecationWarning: builtin type SwigPyObject has no __module__ attribute

<frozen importlib._bootstrap>:491
  <frozen importlib._bootstrap>:491: DeprecationWarning: builtin type swigvarlink has no __module__ attribute

-- Docs: https://docs.pytest.org/en/stable/how-to/capture-warnings.html
=========================== short test summary info ============================
FAILED tests/test_wms662_batch_pid_snapshot_contract.py::test_first_proven_wait_writer_snapshot_survives_later_pooled_pid_reuse
1 failed, 1 passed, 6 warnings in 0.14s
