
DevTools listening on ws://127.0.0.1:16687/devtools/browser/29bffc66-e368-4322-9455-e0d87d6c6378
Trying to load the allocator multiple times. This is *not* supported.
[43739:307217:1006/224926.024134:ERROR:ui/display/mac/cv_display_link_mac.mm:188] CVDisplayLinkCreateWithCGDisplay failed. CVReturn: -6670
[43739:307217:1006/224926.024533:ERROR:ui/display/mac/cv_display_link_mac.mm:188] CVDisplayLinkCreateWithCGDisplay failed. CVReturn: -6670
[43739:307217:1006/224926.024622:ERROR:ui/display/mac/cv_display_link_mac.mm:188] CVDisplayLinkCreateWithCGDisplay failed. CVReturn: -6670
[43739:307217:1006/224926.024690:ERROR:ui/display/mac/cv_display_link_mac.mm:188] CVDisplayLinkCreateWithCGDisplay failed. CVReturn: -6670
[43739:307217:1006/224926.024755:ERROR:ui/display/mac/cv_display_link_mac.mm:188] CVDisplayLinkCreateWithCGDisplay failed. CVReturn: -6670
[43739:307217:1006/224926.024844:ERROR:ui/display/mac/cv_display_link_mac.mm:188] CVDisplayLinkCreateWithCGDisplay failed. CVReturn: -6670
[43797:307473:1006/224928.002350:ERROR:sandbox/mac/system_services.cc:31] SetApplicationIsDaemon: Error Domain=NSOSStatusErrorDomain Code=-50 "paramErr: error in user parameter list" (-50)
[43739:307217:1006/224928.101762:ERROR:ui/display/mac/cv_display_link_mac.mm:188] CVDisplayLinkCreateWithCGDisplay failed. CVReturn: -6670
[43739:307217:1006/224928.210379:ERROR:ui/display/mac/cv_display_link_mac.mm:188] CVDisplayLinkCreateWithCGDisplay failed. CVReturn: -6670
[43739:307217:1006/224928.257894:ERROR:ui/display/mac/cv_display_link_mac.mm:188] CVDisplayLinkCreateWithCGDisplay failed. CVReturn: -6670
[43739:307217:1006/224928.329524:ERROR:ui/display/mac/cv_display_link_mac.mm:188] CVDisplayLinkCreateWithCGDisplay failed. CVReturn: -6670
[43739:307217:1006/224928.379750:ERROR:ui/display/mac/cv_display_link_mac.mm:188] CVDisplayLinkCreateWithCGDisplay failed. CVReturn: -6670
[43739:307217:1006/224928.447259:ERROR:ui/display/mac/cv_display_link_mac.mm:188] CVDisplayLinkCreateWithCGDisplay failed. CVReturn: -6670
[43739:307217:1006/224928.485929:ERROR:ui/display/mac/cv_display_link_mac.mm:188] CVDisplayLinkCreateWithCGDisplay failed. CVReturn: -6670
[43696:307136:1006/224928.801416:ERROR:google_apis/gcm/engine/registration_request.cc:291] Registration response error message: PHONE_REGISTRATION_ERROR
[43696:307136:1006/224928.870494:ERROR:google_apis/gcm/engine/registration_request.cc:291] Registration response error message: PHONE_REGISTRATION_ERROR
Created TensorFlow Lite XNNPACK delegate for CPU.
[43842:308259:1006/224944.762084:VERBOSE1:chrome/updater/updater.cc:364] Version: 156.0.8067.0, opt, ARM_64, command line: /Users/deniscivkunov/Library/Application Support/Google/GoogleUpdater/156.0.8067.0/GoogleUpdater.app/Contents/MacOS/GoogleUpdater --wake-all --enable-logging --vmodule=*/components/update_client/*=2,*/chrome/enterprise_companion/*=2,*/chrome/updater/*=2
[43842:308259:1006/224944.762834:VERBOSE1:chrome/updater/updater.cc:367] OS version: 26.3.0, arch: arm64, System uptime (seconds): 8378, parent pid: 43696
[43842:308259:1006/224944.767174:VERBOSE1:chrome/updater/updater.cc:372] Available disk space in install directory (/Users/deniscivkunov/Library/Application Support/Google/GoogleUpdater): 5310763008B (4.946GiB) / 245107195904B (228.274GiB)
[43842:308259:1006/224944.767214:VERBOSE1:chrome/updater/updater.cc:376] Available disk space in temporary directory (/var/folders/v2/zf9pcbpd4d50jvs85vz5jxhm0000gn/T/): 5310763008B (4.946GiB) / 245107195904B (228.274GiB)
[43842:308259:1006/224944.767393:VERBOSE2:chrome/updater/event_history.cc:266] Emitted a UPDATER_PROCESS START event to the history log
[43844:308263:1006/224944.787111:VERBOSE1:chrome/updater/updater.cc:364] Version: 156.0.8067.0, opt, ARM_64, command line: /Users/deniscivkunov/Library/Application Support/Google/GoogleUpdater/156.0.8067.0/GoogleUpdater.app/Contents/MacOS/GoogleUpdater --crash-handler --database=/Users/deniscivkunov/Library/Application Support/Google/GoogleUpdater/156.0.8067.0/Crashpad --url=https://clients2.google.com/cr/report --annotation=prod=Update4 --annotation=ver=156.0.8067.0 --handshake-fd=6 --enable-logging --vmodule=*/components/update_client/*=2,*/chrome/enterprise_companion/*=2,*/chrome/updater/*=2
[43844:308263:1006/224944.787746:VERBOSE1:chrome/updater/updater.cc:367] OS version: 26.3.0, arch: arm64, System uptime (seconds): 8378, parent pid: 1
[43844:308263:1006/224944.792379:VERBOSE1:chrome/updater/updater.cc:372] Available disk space in install directory (/Users/deniscivkunov/Library/Application Support/Google/GoogleUpdater): 5308948480B (4.944GiB) / 245107195904B (228.274GiB)
[43844:308263:1006/224944.792416:VERBOSE1:chrome/updater/updater.cc:376] Available disk space in temporary directory (/var/folders/v2/zf9pcbpd4d50jvs85vz5jxhm0000gn/T/): 5308948480B (4.944GiB) / 245107195904B (228.274GiB)
[43844:308263:1006/224944.792603:VERBOSE2:chrome/updater/event_history.cc:266] Emitted a UPDATER_PROCESS START event to the history log
[43842:308259:1006/224944.793689:VERBOSE1:chrome/updater/crash_reporter.cc:123] Crash handler launched and ready.
[43842:308259:1006/224944.794896:VERBOSE1:chrome/updater/crash_client.cc:108] Found 0 completed crash reports
[43842:308259:1006/224944.794992:VERBOSE1:chrome/updater/crash_client.cc:132] Found 0 pending crash reports
[43842:308259:1006/224944.795085:ERROR:third_party/crashpad/crashpad/util/file/file_io_posix.cc:145] open /Users/deniscivkunov/Library/Application Support/Google/RLZ/Crashpad/settings.dat: No such file or directory (2)
[43842:308259:1006/224944.795312:VERBOSE1:chrome/updater/updater.cc:105] Crash reporting initialized.
[43842:308271:1006/224944.795730:VERBOSE1:chrome/updater/app/app_wakeall.cc:58] Launching `/Users/deniscivkunov/Library/Application Support/Google/GoogleUpdater/156.0.8067.0/GoogleUpdater.app/Contents/MacOS/GoogleUpdater --wake`
[43845:308275:1006/224944.814511:VERBOSE1:chrome/updater/updater.cc:364] Version: 156.0.8067.0, opt, ARM_64, command line: /Users/deniscivkunov/Library/Application Support/Google/GoogleUpdater/156.0.8067.0/GoogleUpdater.app/Contents/MacOS/GoogleUpdater --wake --enable-logging --vmodule=*/components/update_client/*=2,*/chrome/enterprise_companion/*=2,*/chrome/updater/*=2
[43845:308275:1006/224944.815943:VERBOSE1:chrome/updater/updater.cc:367] OS version: 26.3.0, arch: arm64, System uptime (seconds): 8378, parent pid: 43842
[43845:308275:1006/224944.821091:VERBOSE1:chrome/updater/updater.cc:372] Available disk space in install directory (/Users/deniscivkunov/Library/Application Support/Google/GoogleUpdater): 5307088896B (4.943GiB) / 245107195904B (228.274GiB)
[43845:308275:1006/224944.821388:VERBOSE1:chrome/updater/updater.cc:376] Available disk space in temporary directory (/var/folders/v2/zf9pcbpd4d50jvs85vz5jxhm0000gn/T/): 5307088896B (4.943GiB) / 245107195904B (228.274GiB)
[43845:308275:1006/224944.821473:VERBOSE2:chrome/updater/event_history.cc:266] Emitted a UPDATER_PROCESS START event to the history log
[43847:308279:1006/224944.840677:VERBOSE1:chrome/updater/updater.cc:364] Version: 156.0.8067.0, opt, ARM_64, command line: /Users/deniscivkunov/Library/Application Support/Google/GoogleUpdater/156.0.8067.0/GoogleUpdater.app/Contents/MacOS/GoogleUpdater --crash-handler --database=/Users/deniscivkunov/Library/Application Support/Google/GoogleUpdater/156.0.8067.0/Crashpad --url=https://clients2.google.com/cr/report --annotation=prod=Update4 --annotation=ver=156.0.8067.0 --handshake-fd=6 --enable-logging --vmodule=*/components/update_client/*=2,*/chrome/enterprise_companion/*=2,*/chrome/updater/*=2
[43847:308279:1006/224944.842460:VERBOSE1:chrome/updater/updater.cc:367] OS version: 26.3.0, arch: arm64, System uptime (seconds): 8378, parent pid: 1
[43847:308279:1006/224944.846033:VERBOSE1:chrome/updater/updater.cc:372] Available disk space in install directory (/Users/deniscivkunov/Library/Application Support/Google/GoogleUpdater): 5305348096B (4.941GiB) / 245107195904B (228.274GiB)
[43847:308279:1006/224944.846074:VERBOSE1:chrome/updater/updater.cc:376] Available disk space in temporary directory (/var/folders/v2/zf9pcbpd4d50jvs85vz5jxhm0000gn/T/): 5305339904B (4.941GiB) / 245107195904B (228.274GiB)
[43847:308279:1006/224944.846181:VERBOSE2:chrome/updater/event_history.cc:266] Emitted a UPDATER_PROCESS START event to the history log
[43845:308275:1006/224944.846928:VERBOSE1:chrome/updater/crash_reporter.cc:123] Crash handler launched and ready.
[43845:308275:1006/224944.848382:VERBOSE1:chrome/updater/crash_client.cc:108] Found 0 completed crash reports
[43845:308275:1006/224944.848716:VERBOSE1:chrome/updater/crash_client.cc:132] Found 0 pending crash reports
[43845:308275:1006/224944.848863:ERROR:third_party/crashpad/crashpad/util/file/file_io_posix.cc:145] open /Users/deniscivkunov/Library/Application Support/Google/RLZ/Crashpad/settings.dat: No such file or directory (2)
[43845:308275:1006/224944.849459:VERBOSE1:chrome/updater/updater.cc:105] Crash reporting initialized.
[43845:308275:1006/224944.850066:VERBOSE1:chrome/updater/ipc/update_service_internal_proxy_mojo.cc:61] Run
[43696:307136:1006/224951.194610:ERROR:google_apis/gcm/engine/registration_request.cc:291] Registration response error message: DEPRECATED_ENDPOINT
[43845:308275:1006/225001.103391:VERBOSE1:chrome/updater/app/app.cc:52] Shutdown: 0
[43845:308275:1006/225001.103856:VERBOSE2:chrome/updater/event_history.cc:266] Emitted a UPDATER_PROCESS END event to the history log
[43845:308275:1006/225001.103875:VERBOSE1:chrome/updater/updater.cc:409] UpdaterMain (--wake) returned 0.
[43842:308271:1006/225001.329814:VERBOSE1:chrome/updater/app/app_wakeall.cc:68] `/Users/deniscivkunov/Library/Application Support/Google/GoogleUpdater/156.0.8067.0/GoogleUpdater.app/Contents/MacOS/GoogleUpdater --wake` exited 0
[43842:308259:1006/225001.329997:VERBOSE1:chrome/updater/app/app.cc:52] Shutdown: 0
[43842:308259:1006/225001.330319:VERBOSE2:chrome/updater/event_history.cc:266] Emitted a UPDATER_PROCESS END event to the history log
[43842:308259:1006/225001.330338:VERBOSE1:chrome/updater/updater.cc:409] UpdaterMain (--wake-all) returned 0.
[43847:308279:1006/225011.111905:VERBOSE2:chrome/updater/event_history.cc:266] Emitted a UPDATER_PROCESS END event to the history log
[43847:308279:1006/225011.111932:VERBOSE1:chrome/updater/updater.cc:409] UpdaterMain (--crash-handler) returned 0.
[43844:308263:1006/225011.112670:VERBOSE2:chrome/updater/event_history.cc:266] Emitted a UPDATER_PROCESS END event to the history log
[43844:308263:1006/225011.112695:VERBOSE1:chrome/updater/updater.cc:409] UpdaterMain (--crash-handler) returned 0.
[43696:307136:1006/225041.397113:ERROR:google_apis/gcm/engine/registration_request.cc:291] Registration response error message: DEPRECATED_ENDPOINT
