============================= test session starts ==============================
platform darwin -- Python 3.14.3, pytest-9.1.1, pluggy-1.6.0 -- /Users/deniscivkunov/Projects/WMS/backend/.venv/bin/python
cachedir: .pytest_cache
rootdir: /Users/deniscivkunov/Projects/WMS/.worktrees/wms652-printing-audit-mutants/backend
configfile: pyproject.toml
plugins: xdist-3.8.0, asyncio-1.4.0, anyio-4.14.2
asyncio: mode=Mode.AUTO, debug=False, asyncio_default_fixture_loop_scope=session, asyncio_default_test_loop_scope=session
collecting ... collected 3 items

tests/test_fbs_supply_assembly.py::test_fbs_supply_add_order_concurrent_race PASSED [ 33%]
tests/test_fbs_picking.py::test_fbs_pick_concurrent_same_order_allocation_one_success PASSED [ 66%]
tests/test_fbs_picking.py::test_fbs_pick_sorting_last_unit_is_atomic PASSED [100%]

=============================== warnings summary ===============================
app/main.py:19
  /Users/deniscivkunov/Projects/WMS/.worktrees/wms652-printing-audit-mutants/backend/app/main.py:19: StarletteDeprecationWarning: 'HTTP_422_UNPROCESSABLE_ENTITY' is deprecated. Use 'HTTP_422_UNPROCESSABLE_CONTENT' instead.
    from app.api.billing_profile_marketplace import router as billing_profile_marketplace_router

<frozen importlib._bootstrap>:491
<frozen importlib._bootstrap>:491
  <frozen importlib._bootstrap>:491: DeprecationWarning: builtin type SwigPyPacked has no __module__ attribute

<frozen importlib._bootstrap>:491
<frozen importlib._bootstrap>:491
  <frozen importlib._bootstrap>:491: DeprecationWarning: builtin type SwigPyObject has no __module__ attribute

<frozen importlib._bootstrap>:491
  <frozen importlib._bootstrap>:491: DeprecationWarning: builtin type swigvarlink has no __module__ attribute

-- Docs: https://docs.pytest.org/en/stable/how-to/capture-warnings.html
- generated xml file: /Users/deniscivkunov/Projects/WMS/.worktrees/release-20261006-astra-b/docs/evidence/WMS-652/release-process-protection-20261006/pg-three-evidence/three.xml -
======================== 3 passed, 6 warnings in 4.39s =========================
