
 RUN  v3.2.6 /Users/deniscivkunov/Projects/WMS/.worktrees/wms666-staging-c11-acceptance-20261006/frontend

 ✓ src/screens/v2/wms666ChangeScope.test.ts > WMS-666 C13: narrow UI-only change boundary > rejects migrations, backend entities, stock logic and guard registry changes 1ms
 ✓ src/screens/v2/wms666ChangeScope.test.ts > WMS-666 C13: narrow UI-only change boundary > keeps the actual task diff inside the approved packing UI/test/document boundary 2026ms
 ✓ src/screens/v2/wms666ChangeScope.test.ts > WMS-666 C13: narrow UI-only change boundary > accepts exact task proofs and rejects adjacent proof and correction namespaces 0ms
 ✓ src/screens/v2/wms666ChangeScope.test.ts > WMS-666 C13: narrow UI-only change boundary > reads advancing task history: foreign backend passes, new task backend or guards fail 2504ms
 ✓ src/screens/v2/wms666ChangeScope.test.ts > WMS-666 C13: narrow UI-only change boundary > checks task merge resolutions while ignoring an imported foreign backend tree 546ms
 ✓ src/screens/v2/wms666ChangeScope.test.ts > WMS-666 C13: narrow UI-only change boundary > rejects a new task workflow edit and pending CI changes independently 1050ms
fatal: invalid object name '720307d280439e815057ee4fdd78b72134149a39^'.
 ✓ src/screens/v2/wms666ChangeScope.test.ts > WMS-666 C13: narrow UI-only change boundary > accepts only the exact immutable history checkout delta 39ms
 ✓ src/screens/v2/wms666ChangeScope.test.ts > WMS-666 C13: narrow UI-only change boundary > fails an accepted history lookup if its immutable source is missing 161ms
 ✓ src/screens/v2/wms666ChangeScope.test.ts > WMS-666 C13: narrow UI-only change boundary > accepts only exact doc-only historical commits and keeps their paths forbidden generally 233ms
 ✓ src/screens/v2/wms666ChangeScope.test.ts > WMS-666 C13: narrow UI-only change boundary > rejects future committed, dirty and staged edits of every historical document path 2038ms
fatal: bad object 1d34b77874e1b1396d8bdd216bd0053a4a308440
fatal: bad object c5d9255e5d912e13398c883961d0c476ee5a1938
fatal: bad object 8ec0fcd6c7625a4351e6e9a04dfe80f055ac398a
 ✓ src/screens/v2/wms666ChangeScope.test.ts > WMS-666 C13: narrow UI-only change boundary > fails exact doc-history lookup when immutable objects are absent 182ms

 Test Files  1 passed (1)
      Tests  11 passed (11)
   Start at  20:03:11
   Duration  9.16s (transform 41ms, setup 0ms, collect 34ms, tests 8.78s, environment 0ms, prepare 100ms)

