bringing up nodes...
bringing up nodes...

.................s...................................................... [ 90%]
........                                                                 [100%]
=============================== warnings summary ===============================
app/main.py:19
app/main.py:19
app/main.py:19
app/main.py:19
app/main.py:19
app/main.py:19
app/main.py:19
app/main.py:19
app/main.py:19
  /Users/deniscivkunov/Projects/WMS/.worktrees/wms663-release-retry-fix/backend/app/main.py:19: StarletteDeprecationWarning: 'HTTP_422_UNPROCESSABLE_ENTITY' is deprecated. Use 'HTTP_422_UNPROCESSABLE_CONTENT' instead.
    from app.api.billing_profile_marketplace import router as billing_profile_marketplace_router

<frozen importlib._bootstrap>:491: 18 warnings
  <frozen importlib._bootstrap>:491: DeprecationWarning: builtin type SwigPyPacked has no __module__ attribute

<frozen importlib._bootstrap>:491: 18 warnings
  <frozen importlib._bootstrap>:491: DeprecationWarning: builtin type SwigPyObject has no __module__ attribute

<frozen importlib._bootstrap>:491
<frozen importlib._bootstrap>:491
<frozen importlib._bootstrap>:491
<frozen importlib._bootstrap>:491
<frozen importlib._bootstrap>:491
<frozen importlib._bootstrap>:491
<frozen importlib._bootstrap>:491
<frozen importlib._bootstrap>:491
<frozen importlib._bootstrap>:491
  <frozen importlib._bootstrap>:491: DeprecationWarning: builtin type swigvarlink has no __module__ attribute

-- Docs: https://docs.pytest.org/en/stable/how-to/capture-warnings.html
79 passed, 1 skipped, 54 warnings in 19.19s
