
DevTools listening on ws://127.0.0.1:16687/devtools/browser/0ece14e7-6d70-4d64-b26f-5f9f4bbd482c
Trying to load the allocator multiple times. This is *not* supported.
[40527:275026:1006/223239.807133:ERROR:ui/display/mac/cv_display_link_mac.mm:188] CVDisplayLinkCreateWithCGDisplay failed. CVReturn: -6670
[40527:275026:1006/223239.807571:ERROR:ui/display/mac/cv_display_link_mac.mm:188] CVDisplayLinkCreateWithCGDisplay failed. CVReturn: -6670
[40527:275026:1006/223239.807655:ERROR:ui/display/mac/cv_display_link_mac.mm:188] CVDisplayLinkCreateWithCGDisplay failed. CVReturn: -6670
[40527:275026:1006/223239.807730:ERROR:ui/display/mac/cv_display_link_mac.mm:188] CVDisplayLinkCreateWithCGDisplay failed. CVReturn: -6670
[40527:275026:1006/223239.807799:ERROR:ui/display/mac/cv_display_link_mac.mm:188] CVDisplayLinkCreateWithCGDisplay failed. CVReturn: -6670
[40527:275026:1006/223239.807873:ERROR:ui/display/mac/cv_display_link_mac.mm:188] CVDisplayLinkCreateWithCGDisplay failed. CVReturn: -6670
[40527:275026:1006/223241.694617:ERROR:ui/display/mac/cv_display_link_mac.mm:188] CVDisplayLinkCreateWithCGDisplay failed. CVReturn: -6670
[40527:275026:1006/223241.776320:ERROR:ui/display/mac/cv_display_link_mac.mm:188] CVDisplayLinkCreateWithCGDisplay failed. CVReturn: -6670
[40527:275026:1006/223241.824912:ERROR:ui/display/mac/cv_display_link_mac.mm:188] CVDisplayLinkCreateWithCGDisplay failed. CVReturn: -6670
[40548:275350:1006/223241.853444:ERROR:sandbox/mac/system_services.cc:31] SetApplicationIsDaemon: Error Domain=NSOSStatusErrorDomain Code=-50 "paramErr: error in user parameter list" (-50)
[40527:275026:1006/223241.877650:ERROR:ui/display/mac/cv_display_link_mac.mm:188] CVDisplayLinkCreateWithCGDisplay failed. CVReturn: -6670
[40527:275026:1006/223241.919715:ERROR:ui/display/mac/cv_display_link_mac.mm:188] CVDisplayLinkCreateWithCGDisplay failed. CVReturn: -6670
[40527:275026:1006/223242.028349:ERROR:ui/display/mac/cv_display_link_mac.mm:188] CVDisplayLinkCreateWithCGDisplay failed. CVReturn: -6670
[40527:275026:1006/223242.074988:ERROR:ui/display/mac/cv_display_link_mac.mm:188] CVDisplayLinkCreateWithCGDisplay failed. CVReturn: -6670
[40522:274976:1006/223242.476340:ERROR:google_apis/gcm/engine/registration_request.cc:291] Registration response error message: PHONE_REGISTRATION_ERROR
[40522:274976:1006/223242.477919:ERROR:google_apis/gcm/engine/registration_request.cc:291] Registration response error message: PHONE_REGISTRATION_ERROR
[40522:274976:1006/223242.480941:ERROR:google_apis/gcm/engine/registration_request.cc:291] Registration response error message: PHONE_REGISTRATION_ERROR
[40522:274976:1006/223242.537606:ERROR:google_apis/gcm/engine/mcs_client.cc:702]   Error code: 401  Error message: Authentication Failed: wrong_secret
[40522:274976:1006/223242.537623:ERROR:google_apis/gcm/engine/mcs_client.cc:704] Failed to log in to GCM, resetting connection.
Created TensorFlow Lite XNNPACK delegate for CPU.
[40653:276221:1006/223258.508483:VERBOSE1:chrome/updater/updater.cc:364] Version: 156.0.8067.0, opt, ARM_64, command line: /Users/deniscivkunov/Library/Application Support/Google/GoogleUpdater/156.0.8067.0/GoogleUpdater.app/Contents/MacOS/GoogleUpdater --wake-all --enable-logging --vmodule=*/components/update_client/*=2,*/chrome/enterprise_companion/*=2,*/chrome/updater/*=2
[40653:276221:1006/223258.509027:VERBOSE1:chrome/updater/updater.cc:367] OS version: 26.3.0, arch: arm64, System uptime (seconds): 7371, parent pid: 40522
[40653:276221:1006/223258.510714:VERBOSE1:chrome/updater/updater.cc:372] Available disk space in install directory (/Users/deniscivkunov/Library/Application Support/Google/GoogleUpdater): 6508462080B (6.061GiB) / 245107195904B (228.274GiB)
[40653:276221:1006/223258.510743:VERBOSE1:chrome/updater/updater.cc:376] Available disk space in temporary directory (/var/folders/v2/zf9pcbpd4d50jvs85vz5jxhm0000gn/T/): 6508462080B (6.061GiB) / 245107195904B (228.274GiB)
[40653:276221:1006/223258.510805:VERBOSE2:chrome/updater/event_history.cc:266] Emitted a UPDATER_PROCESS START event to the history log
[40655:276226:1006/223258.519553:VERBOSE1:chrome/updater/updater.cc:364] Version: 156.0.8067.0, opt, ARM_64, command line: /Users/deniscivkunov/Library/Application Support/Google/GoogleUpdater/156.0.8067.0/GoogleUpdater.app/Contents/MacOS/GoogleUpdater --crash-handler --database=/Users/deniscivkunov/Library/Application Support/Google/GoogleUpdater/156.0.8067.0/Crashpad --url=https://clients2.google.com/cr/report --annotation=prod=Update4 --annotation=ver=156.0.8067.0 --handshake-fd=6 --enable-logging --vmodule=*/components/update_client/*=2,*/chrome/enterprise_companion/*=2,*/chrome/updater/*=2
[40655:276226:1006/223258.520044:VERBOSE1:chrome/updater/updater.cc:367] OS version: 26.3.0, arch: arm64, System uptime (seconds): 7371, parent pid: 1
[40655:276226:1006/223258.521743:VERBOSE1:chrome/updater/updater.cc:372] Available disk space in install directory (/Users/deniscivkunov/Library/Application Support/Google/GoogleUpdater): 6508425216B (6.061GiB) / 245107195904B (228.274GiB)
[40655:276226:1006/223258.521768:VERBOSE1:chrome/updater/updater.cc:376] Available disk space in temporary directory (/var/folders/v2/zf9pcbpd4d50jvs85vz5jxhm0000gn/T/): 6508425216B (6.061GiB) / 245107195904B (228.274GiB)
[40655:276226:1006/223258.521858:VERBOSE2:chrome/updater/event_history.cc:266] Emitted a UPDATER_PROCESS START event to the history log
[40653:276221:1006/223258.522574:VERBOSE1:chrome/updater/crash_reporter.cc:123] Crash handler launched and ready.
[40653:276221:1006/223258.523478:VERBOSE1:chrome/updater/crash_client.cc:108] Found 0 completed crash reports
[40653:276221:1006/223258.523618:VERBOSE1:chrome/updater/crash_client.cc:132] Found 0 pending crash reports
[40653:276221:1006/223258.523716:ERROR:third_party/crashpad/crashpad/util/file/file_io_posix.cc:145] open /Users/deniscivkunov/Library/Application Support/Google/RLZ/Crashpad/settings.dat: No such file or directory (2)
[40653:276221:1006/223258.523933:VERBOSE1:chrome/updater/updater.cc:105] Crash reporting initialized.
[40653:276234:1006/223258.524210:VERBOSE1:chrome/updater/app/app_wakeall.cc:58] Launching `/Users/deniscivkunov/Library/Application Support/Google/GoogleUpdater/156.0.8067.0/GoogleUpdater.app/Contents/MacOS/GoogleUpdater --wake`
[40656:276238:1006/223258.531913:VERBOSE1:chrome/updater/updater.cc:364] Version: 156.0.8067.0, opt, ARM_64, command line: /Users/deniscivkunov/Library/Application Support/Google/GoogleUpdater/156.0.8067.0/GoogleUpdater.app/Contents/MacOS/GoogleUpdater --wake --enable-logging --vmodule=*/components/update_client/*=2,*/chrome/enterprise_companion/*=2,*/chrome/updater/*=2
[40656:276238:1006/223258.532451:VERBOSE1:chrome/updater/updater.cc:367] OS version: 26.3.0, arch: arm64, System uptime (seconds): 7371, parent pid: 40653
[40656:276238:1006/223258.534380:VERBOSE1:chrome/updater/updater.cc:372] Available disk space in install directory (/Users/deniscivkunov/Library/Application Support/Google/GoogleUpdater): 6508417024B (6.061GiB) / 245107195904B (228.274GiB)
[40656:276238:1006/223258.534411:VERBOSE1:chrome/updater/updater.cc:376] Available disk space in temporary directory (/var/folders/v2/zf9pcbpd4d50jvs85vz5jxhm0000gn/T/): 6508417024B (6.061GiB) / 245107195904B (228.274GiB)
[40656:276238:1006/223258.534474:VERBOSE2:chrome/updater/event_history.cc:266] Emitted a UPDATER_PROCESS START event to the history log
[40658:276242:1006/223258.543768:VERBOSE1:chrome/updater/updater.cc:364] Version: 156.0.8067.0, opt, ARM_64, command line: /Users/deniscivkunov/Library/Application Support/Google/GoogleUpdater/156.0.8067.0/GoogleUpdater.app/Contents/MacOS/GoogleUpdater --crash-handler --database=/Users/deniscivkunov/Library/Application Support/Google/GoogleUpdater/156.0.8067.0/Crashpad --url=https://clients2.google.com/cr/report --annotation=prod=Update4 --annotation=ver=156.0.8067.0 --handshake-fd=6 --enable-logging --vmodule=*/components/update_client/*=2,*/chrome/enterprise_companion/*=2,*/chrome/updater/*=2
[40658:276242:1006/223258.544312:VERBOSE1:chrome/updater/updater.cc:367] OS version: 26.3.0, arch: arm64, System uptime (seconds): 7371, parent pid: 1
[40658:276242:1006/223258.546061:VERBOSE1:chrome/updater/updater.cc:372] Available disk space in install directory (/Users/deniscivkunov/Library/Application Support/Google/GoogleUpdater): 6508412928B (6.061GiB) / 245107195904B (228.274GiB)
[40658:276242:1006/223258.546091:VERBOSE1:chrome/updater/updater.cc:376] Available disk space in temporary directory (/var/folders/v2/zf9pcbpd4d50jvs85vz5jxhm0000gn/T/): 6508412928B (6.061GiB) / 245107195904B (228.274GiB)
[40658:276242:1006/223258.546162:VERBOSE2:chrome/updater/event_history.cc:266] Emitted a UPDATER_PROCESS START event to the history log
[40656:276238:1006/223258.546709:VERBOSE1:chrome/updater/crash_reporter.cc:123] Crash handler launched and ready.
[40656:276238:1006/223258.547398:VERBOSE1:chrome/updater/crash_client.cc:108] Found 0 completed crash reports
[40656:276238:1006/223258.547481:VERBOSE1:chrome/updater/crash_client.cc:132] Found 0 pending crash reports
[40656:276238:1006/223258.547559:ERROR:third_party/crashpad/crashpad/util/file/file_io_posix.cc:145] open /Users/deniscivkunov/Library/Application Support/Google/RLZ/Crashpad/settings.dat: No such file or directory (2)
[40656:276238:1006/223258.547766:VERBOSE1:chrome/updater/updater.cc:105] Crash reporting initialized.
[40656:276238:1006/223258.547934:VERBOSE1:chrome/updater/ipc/update_service_internal_proxy_mojo.cc:61] Run
[40522:274976:1006/223305.421462:ERROR:google_apis/gcm/engine/registration_request.cc:291] Registration response error message: DEPRECATED_ENDPOINT
[40656:276238:1006/223313.474833:VERBOSE1:chrome/updater/app/app.cc:52] Shutdown: 0
[40656:276238:1006/223313.475224:VERBOSE2:chrome/updater/event_history.cc:266] Emitted a UPDATER_PROCESS END event to the history log
[40656:276238:1006/223313.475243:VERBOSE1:chrome/updater/updater.cc:409] UpdaterMain (--wake) returned 0.
[40653:276234:1006/223313.737401:VERBOSE1:chrome/updater/app/app_wakeall.cc:68] `/Users/deniscivkunov/Library/Application Support/Google/GoogleUpdater/156.0.8067.0/GoogleUpdater.app/Contents/MacOS/GoogleUpdater --wake` exited 0
[40653:276221:1006/223313.737537:VERBOSE1:chrome/updater/app/app.cc:52] Shutdown: 0
[40653:276221:1006/223313.737846:VERBOSE2:chrome/updater/event_history.cc:266] Emitted a UPDATER_PROCESS END event to the history log
[40653:276221:1006/223313.737865:VERBOSE1:chrome/updater/updater.cc:409] UpdaterMain (--wake-all) returned 0.
[40658:276242:1006/223323.482828:VERBOSE2:chrome/updater/event_history.cc:266] Emitted a UPDATER_PROCESS END event to the history log
[40658:276242:1006/223323.482849:VERBOSE1:chrome/updater/updater.cc:409] UpdaterMain (--crash-handler) returned 0.
[40655:276226:1006/223323.483447:VERBOSE2:chrome/updater/event_history.cc:266] Emitted a UPDATER_PROCESS END event to the history log
[40655:276226:1006/223323.483476:VERBOSE1:chrome/updater/updater.cc:409] UpdaterMain (--crash-handler) returned 0.
[40522:274976:1006/223346.848885:ERROR:google_apis/gcm/engine/registration_request.cc:291] Registration response error message: DEPRECATED_ENDPOINT
