
DevTools listening on ws://127.0.0.1:16687/devtools/browser/05c92b4e-8010-412d-8498-023638f3d6e0
Trying to load the allocator multiple times. This is *not* supported.
[63422:433963:1006/234246.828935:ERROR:ui/display/mac/cv_display_link_mac.mm:188] CVDisplayLinkCreateWithCGDisplay failed. CVReturn: -6670
[63422:433963:1006/234246.829359:ERROR:ui/display/mac/cv_display_link_mac.mm:188] CVDisplayLinkCreateWithCGDisplay failed. CVReturn: -6670
[63422:433963:1006/234246.829443:ERROR:ui/display/mac/cv_display_link_mac.mm:188] CVDisplayLinkCreateWithCGDisplay failed. CVReturn: -6670
[63422:433963:1006/234246.829541:ERROR:ui/display/mac/cv_display_link_mac.mm:188] CVDisplayLinkCreateWithCGDisplay failed. CVReturn: -6670
[63422:433963:1006/234246.829630:ERROR:ui/display/mac/cv_display_link_mac.mm:188] CVDisplayLinkCreateWithCGDisplay failed. CVReturn: -6670
[63422:433963:1006/234246.829703:ERROR:ui/display/mac/cv_display_link_mac.mm:188] CVDisplayLinkCreateWithCGDisplay failed. CVReturn: -6670
[63422:433963:1006/234248.948040:ERROR:ui/display/mac/cv_display_link_mac.mm:188] CVDisplayLinkCreateWithCGDisplay failed. CVReturn: -6670
[63422:433963:1006/234249.200482:ERROR:ui/display/mac/cv_display_link_mac.mm:188] CVDisplayLinkCreateWithCGDisplay failed. CVReturn: -6670
[63422:433963:1006/234249.283205:ERROR:ui/display/mac/cv_display_link_mac.mm:188] CVDisplayLinkCreateWithCGDisplay failed. CVReturn: -6670
[63422:433963:1006/234249.400765:ERROR:ui/display/mac/cv_display_link_mac.mm:188] CVDisplayLinkCreateWithCGDisplay failed. CVReturn: -6670
[63422:433963:1006/234249.458423:ERROR:ui/display/mac/cv_display_link_mac.mm:188] CVDisplayLinkCreateWithCGDisplay failed. CVReturn: -6670
[63422:433963:1006/234249.555799:ERROR:ui/display/mac/cv_display_link_mac.mm:188] CVDisplayLinkCreateWithCGDisplay failed. CVReturn: -6670
[63450:434270:1006/234249.591361:ERROR:sandbox/mac/system_services.cc:31] SetApplicationIsDaemon: Error Domain=NSOSStatusErrorDomain Code=-50 "paramErr: error in user parameter list" (-50)
[63422:433963:1006/234249.623382:ERROR:ui/display/mac/cv_display_link_mac.mm:188] CVDisplayLinkCreateWithCGDisplay failed. CVReturn: -6670
[63416:433917:1006/234250.582759:ERROR:google_apis/gcm/engine/registration_request.cc:291] Registration response error message: PHONE_REGISTRATION_ERROR
[63416:433917:1006/234250.606719:ERROR:google_apis/gcm/engine/registration_request.cc:291] Registration response error message: PHONE_REGISTRATION_ERROR
[63416:433917:1006/234250.609377:ERROR:google_apis/gcm/engine/registration_request.cc:291] Registration response error message: PHONE_REGISTRATION_ERROR
Created TensorFlow Lite XNNPACK delegate for CPU.
[63520:434884:1006/234300.721861:ERROR:third_party/zlib/google/zip_reader.cc:218] Cannot open ZIP from file handle 12
[63520:434884:1006/234300.722083:ERROR:third_party/zlib/google/zip.cc:167] Cannot open ZIP from file handle 12
[63551:435144:1006/234305.389323:VERBOSE1:chrome/updater/updater.cc:364] Version: 156.0.8067.0, opt, ARM_64, command line: /Users/deniscivkunov/Library/Application Support/Google/GoogleUpdater/156.0.8067.0/GoogleUpdater.app/Contents/MacOS/GoogleUpdater --wake-all --enable-logging --vmodule=*/components/update_client/*=2,*/chrome/enterprise_companion/*=2,*/chrome/updater/*=2
[63551:435144:1006/234305.389857:VERBOSE1:chrome/updater/updater.cc:367] OS version: 26.3.0, arch: arm64, System uptime (seconds): 11578, parent pid: 63416
[63551:435144:1006/234305.392098:VERBOSE1:chrome/updater/updater.cc:372] Available disk space in install directory (/Users/deniscivkunov/Library/Application Support/Google/GoogleUpdater): 3300843520B (3.074GiB) / 245107195904B (228.274GiB)
[63551:435144:1006/234305.392149:VERBOSE1:chrome/updater/updater.cc:376] Available disk space in temporary directory (/var/folders/v2/zf9pcbpd4d50jvs85vz5jxhm0000gn/T/): 3300843520B (3.074GiB) / 245107195904B (228.274GiB)
[63551:435144:1006/234305.392254:VERBOSE2:chrome/updater/event_history.cc:266] Emitted a UPDATER_PROCESS START event to the history log
[63553:435148:1006/234305.403338:VERBOSE1:chrome/updater/updater.cc:364] Version: 156.0.8067.0, opt, ARM_64, command line: /Users/deniscivkunov/Library/Application Support/Google/GoogleUpdater/156.0.8067.0/GoogleUpdater.app/Contents/MacOS/GoogleUpdater --crash-handler --database=/Users/deniscivkunov/Library/Application Support/Google/GoogleUpdater/156.0.8067.0/Crashpad --url=https://clients2.google.com/cr/report --annotation=prod=Update4 --annotation=ver=156.0.8067.0 --handshake-fd=6 --enable-logging --vmodule=*/components/update_client/*=2,*/chrome/enterprise_companion/*=2,*/chrome/updater/*=2
[63553:435148:1006/234305.403924:VERBOSE1:chrome/updater/updater.cc:367] OS version: 26.3.0, arch: arm64, System uptime (seconds): 11578, parent pid: 1
[63553:435148:1006/234305.406167:VERBOSE1:chrome/updater/updater.cc:372] Available disk space in install directory (/Users/deniscivkunov/Library/Application Support/Google/GoogleUpdater): 3300024320B (3.073GiB) / 245107195904B (228.274GiB)
[63553:435148:1006/234305.406198:VERBOSE1:chrome/updater/updater.cc:376] Available disk space in temporary directory (/var/folders/v2/zf9pcbpd4d50jvs85vz5jxhm0000gn/T/): 3300024320B (3.073GiB) / 245107195904B (228.274GiB)
[63553:435148:1006/234305.406350:VERBOSE2:chrome/updater/event_history.cc:266] Emitted a UPDATER_PROCESS START event to the history log
[63551:435144:1006/234305.406848:VERBOSE1:chrome/updater/crash_reporter.cc:123] Crash handler launched and ready.
[63551:435144:1006/234305.407661:VERBOSE1:chrome/updater/crash_client.cc:108] Found 0 completed crash reports
[63551:435144:1006/234305.407941:VERBOSE1:chrome/updater/crash_client.cc:132] Found 0 pending crash reports
[63551:435144:1006/234305.408051:ERROR:third_party/crashpad/crashpad/util/file/file_io_posix.cc:145] open /Users/deniscivkunov/Library/Application Support/Google/RLZ/Crashpad/settings.dat: No such file or directory (2)
[63551:435144:1006/234305.408379:VERBOSE1:chrome/updater/updater.cc:105] Crash reporting initialized.
[63551:435156:1006/234305.408727:VERBOSE1:chrome/updater/app/app_wakeall.cc:58] Launching `/Users/deniscivkunov/Library/Application Support/Google/GoogleUpdater/156.0.8067.0/GoogleUpdater.app/Contents/MacOS/GoogleUpdater --wake`
[63554:435160:1006/234305.419544:VERBOSE1:chrome/updater/updater.cc:364] Version: 156.0.8067.0, opt, ARM_64, command line: /Users/deniscivkunov/Library/Application Support/Google/GoogleUpdater/156.0.8067.0/GoogleUpdater.app/Contents/MacOS/GoogleUpdater --wake --enable-logging --vmodule=*/components/update_client/*=2,*/chrome/enterprise_companion/*=2,*/chrome/updater/*=2
[63554:435160:1006/234305.420281:VERBOSE1:chrome/updater/updater.cc:367] OS version: 26.3.0, arch: arm64, System uptime (seconds): 11578, parent pid: 63551
[63554:435160:1006/234305.422134:VERBOSE1:chrome/updater/updater.cc:372] Available disk space in install directory (/Users/deniscivkunov/Library/Application Support/Google/GoogleUpdater): 3299110912B (3.073GiB) / 245107195904B (228.274GiB)
[63554:435160:1006/234305.422164:VERBOSE1:chrome/updater/updater.cc:376] Available disk space in temporary directory (/var/folders/v2/zf9pcbpd4d50jvs85vz5jxhm0000gn/T/): 3299110912B (3.073GiB) / 245107195904B (228.274GiB)
[63554:435160:1006/234305.422228:VERBOSE2:chrome/updater/event_history.cc:266] Emitted a UPDATER_PROCESS START event to the history log
[63556:435164:1006/234305.434827:VERBOSE1:chrome/updater/updater.cc:364] Version: 156.0.8067.0, opt, ARM_64, command line: /Users/deniscivkunov/Library/Application Support/Google/GoogleUpdater/156.0.8067.0/GoogleUpdater.app/Contents/MacOS/GoogleUpdater --crash-handler --database=/Users/deniscivkunov/Library/Application Support/Google/GoogleUpdater/156.0.8067.0/Crashpad --url=https://clients2.google.com/cr/report --annotation=prod=Update4 --annotation=ver=156.0.8067.0 --handshake-fd=6 --enable-logging --vmodule=*/components/update_client/*=2,*/chrome/enterprise_companion/*=2,*/chrome/updater/*=2
[63556:435164:1006/234305.435440:VERBOSE1:chrome/updater/updater.cc:367] OS version: 26.3.0, arch: arm64, System uptime (seconds): 11578, parent pid: 1
[63556:435164:1006/234305.437815:VERBOSE1:chrome/updater/updater.cc:372] Available disk space in install directory (/Users/deniscivkunov/Library/Application Support/Google/GoogleUpdater): 3298263040B (3.072GiB) / 245107195904B (228.274GiB)
[63556:435164:1006/234305.437847:VERBOSE1:chrome/updater/updater.cc:376] Available disk space in temporary directory (/var/folders/v2/zf9pcbpd4d50jvs85vz5jxhm0000gn/T/): 3298263040B (3.072GiB) / 245107195904B (228.274GiB)
[63556:435164:1006/234305.437972:VERBOSE2:chrome/updater/event_history.cc:266] Emitted a UPDATER_PROCESS START event to the history log
[63554:435160:1006/234305.438804:VERBOSE1:chrome/updater/crash_reporter.cc:123] Crash handler launched and ready.
[63554:435160:1006/234305.439792:VERBOSE1:chrome/updater/crash_client.cc:108] Found 0 completed crash reports
[63554:435160:1006/234305.439887:VERBOSE1:chrome/updater/crash_client.cc:132] Found 0 pending crash reports
[63554:435160:1006/234305.439978:ERROR:third_party/crashpad/crashpad/util/file/file_io_posix.cc:145] open /Users/deniscivkunov/Library/Application Support/Google/RLZ/Crashpad/settings.dat: No such file or directory (2)
[63554:435160:1006/234305.440243:VERBOSE1:chrome/updater/updater.cc:105] Crash reporting initialized.
[63554:435160:1006/234305.440442:VERBOSE1:chrome/updater/ipc/update_service_internal_proxy_mojo.cc:61] Run
[63416:433917:1006/234310.949223:ERROR:google_apis/gcm/engine/registration_request.cc:291] Registration response error message: DEPRECATED_ENDPOINT
[63554:435160:1006/234320.882247:VERBOSE1:chrome/updater/app/app.cc:52] Shutdown: 0
[63554:435160:1006/234320.882529:VERBOSE2:chrome/updater/event_history.cc:266] Emitted a UPDATER_PROCESS END event to the history log
[63554:435160:1006/234320.882544:VERBOSE1:chrome/updater/updater.cc:409] UpdaterMain (--wake) returned 0.
[63551:435156:1006/234320.901306:VERBOSE1:chrome/updater/app/app_wakeall.cc:68] `/Users/deniscivkunov/Library/Application Support/Google/GoogleUpdater/156.0.8067.0/GoogleUpdater.app/Contents/MacOS/GoogleUpdater --wake` exited 0
[63551:435144:1006/234320.901409:VERBOSE1:chrome/updater/app/app.cc:52] Shutdown: 0
[63551:435144:1006/234320.901719:VERBOSE2:chrome/updater/event_history.cc:266] Emitted a UPDATER_PROCESS END event to the history log
[63551:435144:1006/234320.901735:VERBOSE1:chrome/updater/updater.cc:409] UpdaterMain (--wake-all) returned 0.
[63556:435164:1006/234330.890817:VERBOSE2:chrome/updater/event_history.cc:266] Emitted a UPDATER_PROCESS END event to the history log
[63556:435164:1006/234330.890856:VERBOSE1:chrome/updater/updater.cc:409] UpdaterMain (--crash-handler) returned 0.
[63553:435148:1006/234330.892151:VERBOSE2:chrome/updater/event_history.cc:266] Emitted a UPDATER_PROCESS END event to the history log
[63553:435148:1006/234330.892187:VERBOSE1:chrome/updater/updater.cc:409] UpdaterMain (--crash-handler) returned 0.
[63416:433917:1006/234410.977938:ERROR:google_apis/gcm/engine/registration_request.cc:291] Registration response error message: QUOTA_EXCEEDED
