
 RUN  v3.2.6 /Users/deniscivkunov/Projects/WMS/.worktrees/wms625-port/frontend

stderr | src/screens/v2/FfFbsSupplyWorkspace.wms636.dom.test.tsx > WMS-636 · фильтр «Не принятые WB КИЗ» > R2: клик по треугольнику не забирает фокус у поля скана
An update to ForwardRef(TouchRipple) inside a test was not wrapped in act(...).

When testing, code that causes React state updates should be wrapped into act(...):

act(() => {
  /* fire events that update state */
});
/* assert on the output */

This ensures that you're testing the behavior the user would see in the browser. Learn more at https://react.dev/link/wrap-tests-with-act

 ✓ src/screens/v2/FfFbsSupplyWorkspace.wms636.dom.test.tsx (7 tests) 8416ms
   ✓ WMS-636 · фильтр «Не принятые WB КИЗ» > R1/R3: без непринятых треугольника нет, лента как раньше  603ms
   ✓ WMS-636 · фильтр «Не принятые WB КИЗ» > R1/R2/R3/R4: треугольник N, клик — только непринятые под шапкой, повторный клик — обычная лента  443ms
   ✓ WMS-636 · фильтр «Не принятые WB КИЗ» > R2: клик по треугольнику не забирает фокус у поля скана  309ms
   ✓ WMS-636 · фильтр «Не принятые WB КИЗ» > R5: скан в фильтре — тот же обработчик; строка скана зелёная сверху, отклонённая WB уходит к красным  3486ms
   ✓ WMS-636 · фильтр «Не принятые WB КИЗ» > R6/R7: новый КИЗ в поле красной строки, WB принял — строка ушла; N = 0 выключает фильтр  1585ms
   ✓ WMS-636 · фильтр «Не принятые WB КИЗ» > R10/R11: одно «Назад» откатывает весь скан — КИЗ снят, выбора нет, хвост ушёл из строки сразу  1617ms
   ✓ WMS-636 · фильтр «Не принятые WB КИЗ» > C10: рамка сборки — фильтр общий, шапка только у назначенной поставки, зелёная только у поднятой  372ms
 ✓ src/screens/v2/FfFbsSupplyWorkspace.assembly.dom.test.tsx (18 tests) 10251ms
   ✓ WMS-574 · скан в активной рамке окна сборки > R17: «Начать работу» открывает последний короб без создания нового и без start-work  467ms
   ✓ WMS-574 · скан в активной рамке окна сборки > Д8, Д9: стикер заказа без ЧЗ — заказ в открытом коробе, ожидание ЧЗ снято; с ЧЗ — ожидание остаётся  581ms
   ✓ WMS-574 · скан в активной рамке окна сборки > Д8: заказ, уже лежащий в коробе, не перекладывается в открытый  606ms
   ✓ WMS-574 · скан в активной рамке окна сборки > R16: код не из этой поставки — «Этого товара нет в поставке {номер WB}»  346ms
   ✓ WMS-574 · скан в активной рамке окна сборки > Д11: нет открытого короба — скан выполняется, заказ не кладётся, подсказка «Откройте или создайте короб.»  566ms
   ✓ WMS-574 · скан в активной рамке окна сборки > WMS-589: «Создать короб» создаёт и открывает короб без печати QR  308ms
   ✓ WMS-574 · скан в активной рамке окна сборки > WMS-589: завершение работы и переключатель рамки не открывают печать  423ms
   ✓ WMS-574 · скан в активной рамке окна сборки > WMS-589: явная кнопка «QR» короба по-прежнему открывает предпросмотр печати  389ms
   ✓ WMS-574 · итоговое ревью > R22 (F1): оператор открыл другой короб, пока шёл поиск стикера, — заказ ложится в короб, открытый при скане  887ms
   ✓ WMS-574 · итоговое ревью > R22 (F1): оператор завершил работу с поставкой, пока шёл поиск стикера, — заказ всё равно ложится в короб, открытый при скане  972ms
   ✓ WMS-574 · итоговое ревью > R22: три одинаковых ШК подряд, короб переключён между вторым и третьим, — короба 2, 2, 1 по порядку прихода  2183ms
   ✓ WMS-574 · итоговое ревью > Д19: ШК товара этой поставки при выключенных галках — прежний текст карточки, чужой код — «Этого товара нет…»  754ms
   ✓ WMS-574 · обычная карточка поставки не меняется > скан стикера в карточке не кладёт заказ в короб и не снимает ожидание ЧЗ  576ms
   ✓ WMS-575 · ЧЗ в русской раскладке в активной рамке > «/», «?», «&» уходят на validate сырыми, как из поля скана, — их чинит сервер  562ms
 ✓ src/screens/v2/FfFbsSupplyWorkspace.scan.dom.test.tsx (24 tests) 17103ms
   ✓ WMS-575 · «Упаковка и маркировка» принимает скан в любой точке > C5/R5: фокус на «Выбрать всё» — стикер A, ЧЗ A, стикер B без единого клика  1014ms
   ✓ WMS-575 · «Упаковка и маркировка» принимает скан в любой точке > C6/R6: стикер A и ЧЗ A подряд, пока сервер отвечает, — оба обработаны по порядку, ЧЗ у заказа A  1235ms
   ✓ WMS-575 · «Упаковка и маркировка» принимает скан в любой точке > C7/R7: хвост ЧЗ в строке сразу по ответу commit, до ответа перечитывания; следующий скан не ждёт его  2151ms
   ✓ WMS-575 · «Упаковка и маркировка» принимает скан в любой точке > C5/R5: курсор в поле скана — код обработан один раз и не остаётся в поле  760ms
   ✓ WMS-575 · исправления по ревью ночного кандидата > P1: русская раскладка — ЧЗ с «/», «?», «&» уходит на validate и commit сырым, как из поля скана  935ms
   ✓ WMS-575 · исправления по ревью ночного кандидата > P1: латинская раскладка — тот же ЧЗ уходит без изменений  1062ms
   ✓ WMS-575 · исправления по ревью ночного кандидата > P2: сканер дважды прочитал стикер, пока шёл поиск, — второй не уходит как ЧЗ (механизм сборки, R4)  880ms
   ✓ WMS-575 · исправления по ревью ночного кандидата > P2: стикер и ЧЗ подряд во время поиска — как раньше, ЧЗ привязывается к заказу  923ms
   ✓ WMS-630 · КИЗ в строке точного заказа > выбирает второй заказ того же товара и сразу, без окна, заменяет только его (R18)  1575ms
   ✓ WMS-630 · КИЗ в строке точного заказа > при смене поля и ручном вводе с Enter берёт последнюю выбранную строку  420ms
   ✓ WMS-630 · КИЗ в строке точного заказа > ошибка валидации сохраняет старый КИЗ; Escape освобождает выбор  575ms
   ✓ WMS-630 · КИЗ в строке точного заказа > R18: ни окна подтверждения, ни window.confirm при замене КИЗ строкой  706ms
   ✓ WMS-630 · КИЗ в строке точного заказа > крестик сохраняет отдельное удаление, отказ WB=true  334ms
   ✓ WMS-630 · КИЗ в строке точного заказа > unified registerScanner: точный confirmed commit, быстрый следующий скан при delayed commit=false  317ms
   ✓ WMS-630 · КИЗ в строке точного заказа > unified registerScanner: точный confirmed commit, быстрый следующий скан при delayed commit=true  444ms
   ✓ WMS-625 · обычная карточка WB: QR заказа через WMS Print после скана товара > старая программа (только POST /print): одна этикетка тем же запросом, что на production (плюс поля, которые она не читает), заказ упакован  599ms
   ✓ WMS-625 · обычная карточка WB: QR заказа через WMS Print после скана товара > новая программа: ответ потерян, страница перезагружена — повторный скан того же товара берёт тот же заказ и то же задание, второго задания нет  1217ms
   ✓ WMS-625 · обычная карточка WB: QR заказа через WMS Print после скана товара > хранилище браузера недоступно — этикетка печатается и заказ упаковывается (ревью F2)  649ms
   ✓ WMS-625 · обычная карточка WB: QR заказа через WMS Print после скана товара > WMS-643: галка QR снята — WMS Print не нужен и не вызывается  493ms

 Test Files  3 passed (3)
      Tests  49 passed (49)
   Start at  12:31:09
   Duration  149.38s (transform 989ms, setup 0ms, collect 395.50s, tests 35.77s, environment 1.17s, prepare 169ms)

