WMS652.realQr[supply_id=A]: PASS
WMS652.realQr[supply_ids=A]: PASS
WMS652.realQr[supply_ids=A,B]: PASS
WMS652.selection[single-create]: PASS
WMS652.selection[seller-warehouse-group-retry]: PASS
WMS652.selection[add-existing-refusal-retry]: PASS
WMS652.realQrFlags[alloff;supply_id=A]: PASS
WMS652.realQrFlags[alloff;supply_ids=A]: PASS
WMS652.realQrFlags[alloff;supply_ids=A,B]: PASS
WMS652.realQrFlags[qr;supply_id=A]: PASS
WMS652.realQrFlags[qr;supply_ids=A]: PASS
WMS652.realQrFlags[qr;supply_ids=A,B]: PASS
WMS652.realQrFlags[reprint;supply_id=A]: PASS
WMS652.realQrFlags[reprint;supply_ids=A]: PASS
WMS652.realQrFlags[reprint;supply_ids=A,B]: PASS
WMS652.realQrFlags[qr+reprint;supply_id=A]: PASS
WMS652.realQrFlags[qr+reprint;supply_ids=A]: PASS
WMS652.realQrFlags[qr+reprint;supply_ids=A,B]: PASS
WMS652.realQrFlags[pool;supply_id=A]: PASS
WMS652.realQrFlags[pool;supply_ids=A]: PASS
WMS652.realQrFlags[pool;supply_ids=A,B]: PASS
WMS652.realQrFlags[qr+pool;supply_id=A]: PASS
WMS652.realQrFlags[qr+pool;supply_ids=A]: PASS
WMS652.realQrFlags[qr+pool;supply_ids=A,B]: PASS
WMS652.realQrFlags[held-receipt;supply_id=A]: PASS
WMS652.realQrFlags[held-receipt;supply_ids=A]: PASS
WMS652.realQrFlags[held-receipt;supply_ids=A,B]: PASS
WMS652.realQrFlags[lost-accepted-ack;supply_id=A]: PASS
WMS652.realQrFlags[lost-accepted-ack;supply_ids=A]: PASS
WMS652.realQrFlags[lost-accepted-ack;supply_ids=A,B]: PASS
WMS652.realQrFlags[remount-after-lost-ack;supply_id=A]: PASS
WMS652.realQrFlags[remount-after-lost-ack;supply_ids=A]: PASS
WMS652.realQrFlags[remount-after-lost-ack;supply_ids=A,B]: PASS
WMS652.geometry[wb-single;1600x1000-long]: AssertionError [ERR_ASSERTION]: action must have visible unobscured bounds: wb-a-order print action; {"x":1460.25,"y":529.1875,"visible":false,"reachable":true,"disabled":false}
WMS652.geometry[wb-group-one;1600x1000-long]: AssertionError [ERR_ASSERTION]: action must have visible unobscured bounds: wb-a-order print action; {"x":1460.25,"y":337.515625,"visible":false,"reachable":true,"disabled":false}
WMS652.geometry[wb-group-many;1600x1000-long]: AssertionError [ERR_ASSERTION]: action must have visible unobscured bounds: wb-a-order print action; {"x":1460.25,"y":337.515625,"visible":false,"reachable":true,"disabled":false}
WMS652.geometry[ozon-single;1600x1000-long]: AssertionError [ERR_ASSERTION]: action must have visible unobscured bounds: ozon-a-order print action; {"x":1460.25,"y":672.4375,"visible":false,"reachable":true,"disabled":false}
WMS652.geometry[ozon-group-one;1600x1000-long]: AssertionError [ERR_ASSERTION]: action must have visible unobscured bounds: ozon-a-order print action; {"x":1460.25,"y":473.71875,"visible":false,"reachable":true,"disabled":false}
WMS652.geometry[ozon-group-many;1600x1000-long]: AssertionError [ERR_ASSERTION]: action must have visible unobscured bounds: ozon-a-order print action; {"x":1460.25,"y":473.71875,"visible":false,"reachable":true,"disabled":false}
WMS652.geometry[mixed-group-many;1600x1000-long]: AssertionError [ERR_ASSERTION]: action must have visible unobscured bounds: wb-a-order print action; {"x":1460.25,"y":337.515625,"visible":false,"reachable":true,"disabled":false}
WMS652.geometry[orders-expired;1600x1000-long]: PASS
WMS652.geometry[orders-cancelled;1600x1000-long]: PASS
WMS652.geometry[selection;1600x1000-long]: PASS
AssertionError [ERR_ASSERTION]: one or more real-screen cases failed
    at file:///Users/deniscivkunov/Projects/WMS/.worktrees/wms652-critical-fbs-contracts/frontend/tests-e2e/wms652-critical/browser.mjs:223:3 {
  generatedMessage: false,
  code: 'ERR_ASSERTION',
  actual: false,
  expected: true,
  operator: '==',
  diff: 'simple'
}
