TAP version 13
# Subtest: C5 native iframe EncodingError 150 valid PNG source preserves reason and aborts entire tape
ok 1 - C5 native iframe EncodingError 150 valid PNG source preserves reason and aborts entire tape
  ---
  duration_ms: 709.28825
  type: 'test'
  ...
# Subtest: C5 native iframe EncodingError 299 valid PNG source preserves reason and aborts entire tape
ok 2 - C5 native iframe EncodingError 299 valid PNG source preserves reason and aborts entire tape
  ---
  duration_ms: 785.798417
  type: 'test'
  ...
# Subtest: C5 native iframe EncodingError 150 invalid PNG preserves reason and aborts entire tape
ok 3 - C5 native iframe EncodingError 150 invalid PNG preserves reason and aborts entire tape
  ---
  duration_ms: 441.699959
  type: 'test'
  ...
# Subtest: C5 blank message retains existing generic preparation error and zero external actions
ok 4 - C5 blank message retains existing generic preparation error and zero external actions
  ---
  duration_ms: 129.520709
  type: 'test'
  ...
# Subtest: C5 nonstring message retains existing generic preparation error and zero external actions
ok 5 - C5 nonstring message retains existing generic preparation error and zero external actions
  ---
  duration_ms: 85.143333
  type: 'test'
  ...
# Subtest: C5 no message retains existing generic preparation error and zero external actions
ok 6 - C5 no message retains existing generic preparation error and zero external actions
  ---
  duration_ms: 101.509792
  type: 'test'
  ...
# Subtest: C4/R4 300 held images overlap but complete readiness and source precede one transfer and all marks
ok 7 - C4/R4 300 held images overlap but complete readiness and source precede one transfer and all marks
  ---
  duration_ms: 912.224666
  type: 'test'
  ...
# Subtest: C5 first native EncodingError with a later peer rejection drains held active peers before cleanup and retry readiness
ok 8 - C5 first native EncodingError with a later peer rejection drains held active peers before cleanup and retry readiness
  ---
  duration_ms: 366.869167
  type: 'test'
  ...
# {"held":{"connected":true,"finished":false,"busy":true,"active":true,"cleanup":[],"started":16},"afterRelease":{"pending":0,"ready":14,"cleanup":[{"pending":0,"ready":14}],"finished":true}}
# Subtest: C5 synchronous decode throw drains held active peers before cleanup and retry readiness
ok 9 - C5 synchronous decode throw drains held active peers before cleanup and retry readiness
  ---
  duration_ms: 198.36175
  type: 'test'
  ...
# {"held":{"connected":true,"finished":false,"busy":true,"active":true,"cleanup":[],"started":16},"afterRelease":{"pending":0,"ready":15,"cleanup":[{"pending":0,"ready":15}],"finished":true}}
1..9
# tests 9
# suites 0
# pass 9
# fail 0
# cancelled 0
# skipped 0
# todo 0
# duration_ms 4143.410791
