присмотр за night/volna-9: проверка каждые 300с, сторож не чаще раза в 20 мин
10:12 спокойно
10:17 спокойно
10:22 спокойно
10:27 спокойно
10:32 спокойно
10:37 спокойно
10:42 спокойно
10:47 СИМПТОМ — бужу сторожа
    {
      "карточек": 9,
      "отложено": 0,
      "молчит_минут": 30.6,
      "оркестратор_жив": true,
      "стенды_мертвы": [
        2,
        4,
        5,
        6
      ],
      "причины": {}
    }
    
    СИМПТОМЫ:
      - оркестратор жив, но журнал молчит 30.6 минут при таймауте шага 20
    Записал и выключаюсь. Оркестратор жив, работа идёт, `run.log` пишется — тупика нет. Симптом — четвёртая ложная тревога подряд с одной и той же причиной: `night_health.py` смотрит на `JOURNAL.md` и на подмножество стендов, но фаза `полный` пишет прогресс в `night/volna-9-run.log`, а стенды 2/4/5/6 поднимаются оркестратором лениво, по факту назначения карточки на полосу. Разбирательство с порогами health-check — не моя работа, оставил владельцу.
