# Волна volna-9

## Понимание
05:12 карточки уже нарезаны (9), нарезку пропускаю
05:12 нарезано карточек: 9

### разбор
05:12   03-no-distribution-mode · analyst: уже сделано, пропускаю
05:12   02-verdikt-screen · analyst: уже сделано, пропускаю
05:12   04-warehouse-switch · analyst: уже сделано, пропускаю
05:12   06-picking-list-order · analyst: уже сделано, пропускаю
05:12   01-wb-marking · analyst: уже сделано, пропускаю
05:12   05-prod-slow · analyst: уже сделано, пропускаю
05:12   09-billing · analyst: уже сделано, пропускаю
05:12   07-reporting · analyst: уже сделано, пропускаю
05:12   08-storage · analyst: уже сделано, пропускаю

### сверка
05:12   01-wb-marking · requirement-critic: уже сделано, пропускаю
05:12   03-no-distribution-mode · requirement-critic: уже сделано, пропускаю
05:12   04-warehouse-switch · requirement-critic: уже сделано, пропускаю
05:12   02-verdikt-screen · requirement-critic: уже сделано, пропускаю
05:12   06-picking-list-order · requirement-critic: уже сделано, пропускаю
05:12   05-prod-slow · requirement-critic: уже сделано, пропускаю
05:12   07-reporting · requirement-critic: уже сделано, пропускаю
05:12   08-storage · requirement-critic: уже сделано, пропускаю
05:12   09-billing · requirement-critic: уже сделано, пропускаю
05:12 вопросов после анализа: 45 — см. /Users/deniscivkunov/Projects/WMS/.worktrees/pipeline-etalon/night/volna-9/VOPROSY.md

──────────────────────────────────────────────────────────────────────
ВОПРОСЫ ПОСЛЕ АНАЛИЗА (45). Работа продолжается, ответ не обязателен.
Ответить: положи ответы в /Users/deniscivkunov/Projects/WMS/.worktrees/pipeline-etalon/night/volna-9/OTVETY.md

  - 01-wb-marking · Что считать «WB кода не знает»
  - 01-wb-marking · Что делать с уже потраченным `MarkingCode`
  - 01-wb-marking · Что делать с уже «нанесённым» кодом (`STATUS_APPLIED`/`PRINTED`)
  - 01-wb-marking · Задержка автополлера меты
  - 01-wb-marking · Отображение статусов на экране
  - 03-no-distribution-mode · Ветка `fix/no-distribution-20260821` — не залита на `origin`
  - 03-no-distribution-mode · Прогон гейтов
  - 03-no-distribution-mode · B-09 в реестре блокировок
  - 04-warehouse-switch · Допущение 1
  - 04-warehouse-switch · Допущение 2
  - 04-warehouse-switch · Допущение 3
  - 04-warehouse-switch · Допущение 4
  - 04-warehouse-switch · Допущение 5
  - 05-prod-slow · Допущение 1
  - 05-prod-slow · Допущение 2
  - 05-prod-slow · Допущение 3
  - 05-prod-slow · Допущение 4
  - 05-prod-slow · Открытый вопрос продакту 1
  - 05-prod-slow · Открытый вопрос продакту 2
  - 05-prod-slow · Открытый вопрос владельцу 1
  - 05-prod-slow · Обоснование не найдено
  - 06-picking-list-order · Главный порядок = алфавит артикула + SKU + размер + название
  - 06-picking-list-order · Внутри товарной строки заказы сортируются по `wb_order_id`
  - 06-picking-list-order · На листе подбора появляется первая колонка `№`
  - 06-picking-list-order · На каждой наклейке ленты печатается номер
  - 06-picking-list-order · Кнопка «Печать стикеров» в модалке листа подбора
  - 07-reporting · Раздел строится на двух порталах — и у селлера, и у ФФ. Владелец так и написал
  - 07-reporting · Существующий `FfReportsPage` не удаляем, а переиспользуем как один из отчётов раздела
  - 07-reporting · Первая волна отчётов — read-only поверх уже существующих таблиц (`inventory_movements`,
  - 07-reporting · Хранение данных: сначала считаем налету, витрину/материализацию добавляем в отдельной
  - 07-reporting · Визуализация — MUI + `recharts` или встроенные бары/линии MUI. Отдельная библиотека
  - 07-reporting · Деньги (тарифы селлера, счета, задолженность) — это пересечение с карточками
  - 08-storage · За какой объём берём — занятый или заявленный
  - 08-storage · На какую дату и с какой периодичностью считаем
  - 08-storage · Товар, пролежавший часть периода
  - 08-storage · Габаритов нет ни от кого
  - 08-storage · Кто отвечает за спор по объёму
  - 09-billing · Какое именно событие считать «работа выполнена» для приёмки?
  - 09-billing · Что делать с частичной приёмкой / расхождениями (`has_discrepancy = true`)?
  - 09-billing · НДС
  - 09-billing · Формат счёта
  - 09-billing · Валюта и точность
  - 09-billing · Кто задаёт тариф — тенант или на каждого селлера?
  - 09-billing · Периодичность выставления
  - 09-billing · Хранение — включаем в этот же счёт или нет?
──────────────────────────────────────────────────────────────────────


### карта задевания
05:18 карта: готова
05:18 
Понимание собрано, перехожу к исполнению без остановки.

## Ночь · карточек 9 · полос 6

### арх-решения по доменам (6)
05:18   05-prod-slow · solution-architect: нет файла ARCH.md (код 1, попытка 1)
05:18   01-wb-marking · solution-architect: нет файла ARCH.md (код 1, попытка 1)
05:18   07-reporting · solution-architect: нет файла ARCH.md (код 1, попытка 1)
05:18   01-wb-marking · solution-architect: нет файла ARCH.md (код 1, попытка 2)
05:18   04-warehouse-switch · solution-architect: нет файла ARCH.md (код 1, попытка 1)
05:18   08-storage · solution-architect: нет файла ARCH.md (код 1, попытка 1)
05:18   09-billing · solution-architect: нет файла ARCH.md (код 1, попытка 1)
05:18   05-prod-slow · solution-architect: нет файла ARCH.md (код 1, попытка 2)
05:18   07-reporting · solution-architect: нет файла ARCH.md (код 1, попытка 2)
05:18   04-warehouse-switch · solution-architect: нет файла ARCH.md (код 1, попытка 2)
05:18   08-storage · solution-architect: нет файла ARCH.md (код 1, попытка 2)
05:18   09-billing · solution-architect: нет файла ARCH.md (код 1, попытка 2)
05:18   03-no-distribution-mode · tester: уже сделано, пропускаю
05:18   01-wb-marking · solution-architect: уже сделано, пропускаю
05:18   04-warehouse-switch · solution-architect: уже сделано, пропускаю
05:18   06-picking-list-order · ux-architect: уже сделано, пропускаю
05:18   02-verdikt-screen · ux-architect: уже сделано, пропускаю
05:18   05-prod-slow · solution-architect: уже сделано, пропускаю
05:18   01-wb-marking · ux-architect: уже сделано, пропускаю
05:18   04-warehouse-switch · ux-architect: уже сделано, пропускаю
05:18   06-picking-list-order · product: уже сделано, пропускаю
05:18   02-verdikt-screen · product: уже сделано, пропускаю
05:18   03-no-distribution-mode · screen-dev: уже сделано, пропускаю
05:18   01-wb-marking · product: уже сделано, пропускаю
05:18   05-prod-slow · ux-architect: уже сделано, пропускаю
05:18   04-warehouse-switch · product: уже сделано, пропускаю
05:18   06-picking-list-order · tester: уже сделано, пропускаю
05:18   01-wb-marking · tester: уже сделано, пропускаю
05:18   03-no-distribution-mode · reviewer: уже сделано, пропускаю
05:18   02-verdikt-screen · tester: уже сделано, пропускаю
05:18   05-prod-slow · product: уже сделано, пропускаю
05:18   06-picking-list-order · breaker: уже сделано, пропускаю
05:18   01-wb-marking · breaker: уже сделано, пропускаю
05:18   04-warehouse-switch · tester: уже сделано, пропускаю
05:18   02-verdikt-screen · breaker: уже сделано, пропускаю
05:18   05-prod-slow · tester: уже сделано, пропускаю
05:18   03-no-distribution-mode · ui-critic: уже сделано, пропускаю
05:18   04-warehouse-switch · breaker: уже сделано, пропускаю
05:18   01-wb-marking · screen-dev: уже сделано, пропускаю
05:18   05-prod-slow · breaker: уже сделано, пропускаю
05:18   06-picking-list-order · screen-dev: уже сделано, пропускаю
05:18   02-verdikt-screen · screen-dev: уже сделано, пропускаю
05:18   05-prod-slow · screen-dev: уже сделано, пропускаю
05:18   04-warehouse-switch · screen-dev: уже сделано, пропускаю
05:22   06-picking-list-order · reviewer: готово
05:22   06-picking-list-order · reviewer: находки, круг 1 — назад к разработке
05:25   04-warehouse-switch · reviewer: готово
05:25   04-warehouse-switch · reviewer: находки, круг 1 — назад к разработке
05:26   02-verdikt-screen · reviewer: готово
05:26   02-verdikt-screen · reviewer: находки, круг 1 — назад к разработке
05:26   01-wb-marking · reviewer: готово
05:26   01-wb-marking · reviewer: находки, круг 1 — назад к разработке
05:27   05-prod-slow · reviewer: готово
05:27   05-prod-slow · reviewer: находки, круг 1 — назад к разработке
05:32   06-picking-list-order · screen-dev: готово
05:37   06-picking-list-order · reviewer: готово
05:37   06-picking-list-order · reviewer: находки, круг 2 — назад к разработке
05:40   01-wb-marking · screen-dev: готово
05:43 03-no-distribution-mode: отложено — исключение Command '['docker', 'compose', '-p', 'wms-lane-3', '-f', '/Users/deniscivkunov/Projects/WMS/.worktrees/.night-worktrees/volna-9/lane-3-03-no-distribution-mode/docker-compose.yml', '-f', '/Users/deniscivkunov/Projects/WMS/.worktrees/.night-worktrees/volna-9/lane-3-03-no-distribution-mode/docker-compose.lane.yml', 'build']' timed out after 1500 seconds
05:43   07-reporting · solution-architect: уже сделано, пропускаю
05:43   07-reporting · ux-architect: уже сделано, пропускаю
05:43   07-reporting · product: уже сделано, пропускаю
05:45   04-warehouse-switch · screen-dev: нет файла DEV.md (код 124, попытка 1)
05:46   02-verdikt-screen · screen-dev: нет файла DEV.md (код 124, попытка 1)
05:47   01-wb-marking · reviewer: готово
05:47   01-wb-marking · reviewer: находки, круг 2 — назад к разработке
05:47   05-prod-slow · screen-dev: нет файла DEV.md (код 124, попытка 1)
05:49   07-reporting · tester: готово
05:56   05-prod-slow · screen-dev: готово
05:56   01-wb-marking · screen-dev: готово
05:56   07-reporting · breaker: готово
05:57   06-picking-list-order · screen-dev: нет файла DEV.md (код 124, попытка 1)
06:03   04-warehouse-switch · screen-dev: готово
06:04   05-prod-slow · reviewer: готово
06:04   05-prod-slow · reviewer: находки, круг 2 — назад к разработке
06:04   07-reporting · backend-dev: готово
06:05   06-picking-list-order · screen-dev: готово
06:06   02-verdikt-screen · screen-dev: нет файла DEV.md (код 124, попытка 2)
06:06 02-verdikt-screen: отложено на шаге screen-dev
06:06   08-storage · solution-architect: уже сделано, пропускаю
