
 RUN  v3.2.6 /Users/deniscivkunov/Projects/WMS/.worktrees/night1007-681/.wms681-merged-product-fixture/frontend

 ✓ src/screens/v2/FfFbsSupplyWorkspace.assembly.dom.test.tsx > WMS-574 · скан в единой поверхности сборки > R17/WMS-666: единая поверхность использует последний короб без отдельного старта и без start-work 334ms
 ✓ src/screens/v2/FfFbsSupplyWorkspace.assembly.dom.test.tsx > WMS-574 · скан в единой поверхности сборки > Д8, Д9: стикер заказа без ЧЗ — заказ в открытом коробе, ожидание ЧЗ снято; с ЧЗ — ожидание остаётся 643ms
 ✓ src/screens/v2/FfFbsSupplyWorkspace.assembly.dom.test.tsx > WMS-574 · скан в единой поверхности сборки > Д8: заказ, уже лежащий в коробе, не перекладывается в открытый 405ms
 ✓ src/screens/v2/FfFbsSupplyWorkspace.assembly.dom.test.tsx > WMS-574 · скан в единой поверхности сборки > R16: код не из этой поставки — «Этого товара нет в поставке {номер WB}» 314ms
 ✓ src/screens/v2/FfFbsSupplyWorkspace.assembly.dom.test.tsx > WMS-574 · скан в единой поверхности сборки > Д11/WMS-666: нет открытого короба — общий скан выполняется без новой блокировки и заказ не кладётся 394ms
 ✓ src/screens/v2/FfFbsSupplyWorkspace.assembly.dom.test.tsx > WMS-574 · скан в единой поверхности сборки > WMS-589/WMS-666: без коробов общий скан остаётся доступен и не создаёт короб или QR сам 351ms
 ✓ src/screens/v2/FfFbsSupplyWorkspace.assembly.dom.test.tsx > WMS-574 · скан в единой поверхности сборки > WMS-589/WMS-666: новый короб становится открытым, принимает следующий скан и не печатает QR 575ms
 ✓ src/screens/v2/FfFbsSupplyWorkspace.assembly.dom.test.tsx > WMS-574 · скан в единой поверхности сборки > WMS-589/WMS-666: переход между общей упаковкой и коробами не открывает печать и не возвращает рамку 333ms
 ✓ src/screens/v2/FfFbsSupplyWorkspace.assembly.dom.test.tsx > WMS-574 · скан в единой поверхности сборки > WMS-589: явная кнопка «QR» короба по-прежнему открывает предпросмотр печати 362ms
 ✓ src/screens/v2/FfFbsSupplyWorkspace.assembly.dom.test.tsx > WMS-574 · скан в единой поверхности сборки > WMS-681: короб без грузоместа WB не печатает внутренний QR вместо этикетки WB 230ms
 ✓ src/screens/v2/FfFbsSupplyWorkspace.assembly.dom.test.tsx > WMS-574 · скан в единой поверхности сборки > WMS-681: массовая печать не подменяет отсутствующие этикетки WB внутренними QR 226ms
 ✓ src/screens/v2/FfFbsSupplyWorkspace.assembly.dom.test.tsx > WMS-574 · итоговое ревью > R22 (F1): оператор открыл другой короб, пока шёл поиск стикера, — заказ ложится в короб, открытый при скане 902ms
 ✓ src/screens/v2/FfFbsSupplyWorkspace.assembly.dom.test.tsx > WMS-574 · итоговое ревью > R22 (F1): оператор открыл вкладку коробов, пока шёл поиск, — заказ ложится в короб, открытый при скане 732ms
 ✓ src/screens/v2/FfFbsSupplyWorkspace.assembly.dom.test.tsx > WMS-574 · итоговое ревью > R22: три одинаковых ШК подряд, короб переключён между вторым и третьим, — короба 2, 2, 1 по порядку прихода 2164ms
 ✓ src/screens/v2/FfFbsSupplyWorkspace.assembly.dom.test.tsx > WMS-574 · итоговое ревью > Д19: ШК товара этой поставки при выключенных галках — прежний текст карточки, чужой код — «Этого товара нет…» 562ms
 ✓ src/screens/v2/FfFbsSupplyWorkspace.assembly.dom.test.tsx > WMS-574 · итоговое ревью > F4: после передачи в рамке — печать QR всей поставки, как на вкладке «Короба» карточки 167ms
 ✓ src/screens/v2/FfFbsSupplyWorkspace.assembly.dom.test.tsx > WMS-574 · итоговое ревью > F4: после передачи без полученного QR — «Получить QR повторно», как в карточке 144ms
 ✓ src/screens/v2/FfFbsSupplyWorkspace.assembly.dom.test.tsx > WMS-574/WMS-666 · карточка поставки использует ту же единую полосу > скан стикера в карточке не кладёт заказ в короб и не создаёт legacy-рамку 286ms
 ✓ src/screens/v2/FfFbsSupplyWorkspace.assembly.dom.test.tsx > WMS-574/WMS-666 · карточка поставки использует ту же единую полосу > WMS-589: явная кнопка «QR» обычной поставки по-прежнему открывает предпросмотр 204ms
 ✓ src/screens/v2/FfFbsSupplyWorkspace.assembly.dom.test.tsx > WMS-575 · ЧЗ в русской раскладке в единой поверхности > «/», «?», «&» уходят на validate сырыми, как из поля скана, — их чинит сервер 448ms
 ✓ src/screens/v2/FfFbsSupplyWorkspace.assembly.dom.test.tsx > WMS-681 accepted · отказ восстановления без внутреннего QR > WMS-681: короб без грузоместа WB не печатает внутренний QR вместо этикетки WB 233ms
 ✓ src/screens/v2/FfFbsSupplyWorkspace.assembly.dom.test.tsx > WMS-681 accepted · отказ восстановления без внутреннего QR > WMS-681: массовая печать не подменяет отсутствующие этикетки WB внутренними QR 379ms
 ✓ src/screens/v2/FfFbsSupplyWorkspace.assembly.dom.test.tsx > WMS-681 recovery · реальные WB QR по свежему снимку > C5/C9: одиночный QR восстанавливает непривязанный короб и открывает настоящую этикетку 361ms
 ✓ src/screens/v2/FfFbsSupplyWorkspace.assembly.dom.test.tsx > WMS-681 recovery · реальные WB QR по свежему снимку > C9: массовая печать получает недостающий QR связанного короба и сохраняет уже готовый 309ms
 ✓ src/screens/v2/FfFbsSupplyWorkspace.assembly.dom.test.tsx > WMS-681 recovery · реальные WB QR по свежему снимку > C9: восстановленный групповой снимок даёт все пять QR массовой печати 529ms
 ✓ src/screens/v2/FfFbsSupplyWorkspace.assembly.dom.test.tsx > WMS-681 recovery · реальные WB QR по свежему снимку > C10: частичный отказ не теряет готовый QR, показывает причину и число отсутствующих 311ms
 ✓ src/screens/v2/FfFbsSupplyWorkspace.assembly.dom.test.tsx > WMS-681 recovery · реальные WB QR по свежему снимку > C10/R6: HTTP-ошибка после сохранённого A1 перечитывает snapshot и печатает готовую часть 364ms
 ✓ src/screens/v2/FfFbsSupplyWorkspace.assembly.dom.test.tsx > WMS-681 recovery · реальные WB QR по свежему снимку > C10: ноль готовых не открывает окно, повтор после сети получает QR 579ms
 ✓ src/screens/v2/FfFbsSupplyWorkspace.assembly.dom.test.tsx > WMS-681 recovery · реальные WB QR по свежему снимку > C11: задержанный массовый ответ A не открывает QR после перехода на поставку B 517ms
 ✓ src/screens/v2/FfFbsSupplyWorkspace.assembly.dom.test.tsx > WMS-681 recovery · реальные WB QR по свежему снимку > C11: задержанный одиночный ответ A не открывает QR после перехода на поставку B 752ms
 ✓ src/screens/v2/FfFbsSupplyWorkspace.assembly.dom.test.tsx > WMS-681 recovery · реальные WB QR по свежему снимку > C11: готовая этикетка Ozon остаётся в прежнем пути и не вызывает WB recovery 279ms

 Test Files  1 passed (1)
      Tests  31 passed (31)
   Start at  02:46:52
   Duration  93.27s (transform 586ms, setup 0ms, collect 78.52s, tests 14.39s, environment 190ms, prepare 45ms)

JSON report written to /Users/deniscivkunov/Projects/WMS/.worktrees/night1007-681/docs/reviews/WMS-681-assembly-fixture-correction-20261007/merged-run.json
