
DevTools listening on ws://127.0.0.1:16707/devtools/browser/51623127-f882-407d-88ee-72f25392a3aa
Trying to load the allocator multiple times. This is *not* supported.
[11880:5887920:1008/050703.540754:ERROR:ui/display/mac/cv_display_link_mac.mm:188] CVDisplayLinkCreateWithCGDisplay failed. CVReturn: -6670
[11880:5887920:1008/050703.541500:ERROR:ui/display/mac/cv_display_link_mac.mm:188] CVDisplayLinkCreateWithCGDisplay failed. CVReturn: -6670
[11880:5887920:1008/050703.541593:ERROR:ui/display/mac/cv_display_link_mac.mm:188] CVDisplayLinkCreateWithCGDisplay failed. CVReturn: -6670
[11880:5887920:1008/050703.541672:ERROR:ui/display/mac/cv_display_link_mac.mm:188] CVDisplayLinkCreateWithCGDisplay failed. CVReturn: -6670
[11880:5887920:1008/050703.541737:ERROR:ui/display/mac/cv_display_link_mac.mm:188] CVDisplayLinkCreateWithCGDisplay failed. CVReturn: -6670
[11880:5887920:1008/050703.541807:ERROR:ui/display/mac/cv_display_link_mac.mm:188] CVDisplayLinkCreateWithCGDisplay failed. CVReturn: -6670
[11880:5887920:1008/050705.617307:ERROR:ui/display/mac/cv_display_link_mac.mm:188] CVDisplayLinkCreateWithCGDisplay failed. CVReturn: -6670
[11880:5887920:1008/050705.707331:ERROR:ui/display/mac/cv_display_link_mac.mm:188] CVDisplayLinkCreateWithCGDisplay failed. CVReturn: -6670
[11880:5887920:1008/050705.745500:ERROR:ui/display/mac/cv_display_link_mac.mm:188] CVDisplayLinkCreateWithCGDisplay failed. CVReturn: -6670
[11880:5887920:1008/050705.802174:ERROR:ui/display/mac/cv_display_link_mac.mm:188] CVDisplayLinkCreateWithCGDisplay failed. CVReturn: -6670
[11880:5887920:1008/050705.836652:ERROR:ui/display/mac/cv_display_link_mac.mm:188] CVDisplayLinkCreateWithCGDisplay failed. CVReturn: -6670
[11880:5887920:1008/050705.896566:ERROR:ui/display/mac/cv_display_link_mac.mm:188] CVDisplayLinkCreateWithCGDisplay failed. CVReturn: -6670
[11880:5887920:1008/050705.952694:ERROR:ui/display/mac/cv_display_link_mac.mm:188] CVDisplayLinkCreateWithCGDisplay failed. CVReturn: -6670
[11874:5887869:1008/050706.353192:ERROR:google_apis/gcm/engine/registration_request.cc:291] Registration response error message: PHONE_REGISTRATION_ERROR
[11874:5887869:1008/050706.353260:ERROR:google_apis/gcm/engine/registration_request.cc:291] Registration response error message: PHONE_REGISTRATION_ERROR
[11874:5887869:1008/050706.361706:ERROR:google_apis/gcm/engine/registration_request.cc:291] Registration response error message: PHONE_REGISTRATION_ERROR
[11874:5887869:1008/050706.426683:ERROR:google_apis/gcm/engine/mcs_client.cc:702]   Error code: 401  Error message: Authentication Failed: wrong_secret
[11874:5887869:1008/050706.426699:ERROR:google_apis/gcm/engine/mcs_client.cc:704] Failed to log in to GCM, resetting connection.
[11905:5888285:1008/050706.735742:ERROR:sandbox/mac/system_services.cc:31] SetApplicationIsDaemon: Error Domain=NSOSStatusErrorDomain Code=-50 "paramErr: error in user parameter list" (-50)
Created TensorFlow Lite XNNPACK delegate for CPU.
[12026:5889226:1008/050722.321193:VERBOSE1:chrome/updater/updater.cc:364] Version: 156.0.8067.0, opt, ARM_64, command line: /Users/deniscivkunov/Library/Application Support/Google/GoogleUpdater/156.0.8067.0/GoogleUpdater.app/Contents/MacOS/GoogleUpdater --wake-all --enable-logging --vmodule=*/components/update_client/*=2,*/chrome/enterprise_companion/*=2,*/chrome/updater/*=2
[12026:5889226:1008/050722.321760:VERBOSE1:chrome/updater/updater.cc:367] OS version: 26.3.0, arch: arm64, System uptime (seconds): 117435, parent pid: 11874
[12026:5889226:1008/050722.324610:VERBOSE1:chrome/updater/updater.cc:372] Available disk space in install directory (/Users/deniscivkunov/Library/Application Support/Google/GoogleUpdater): 176902144B (168.707MiB) / 245107195904B (228.274GiB)
[12026:5889226:1008/050722.324644:VERBOSE1:chrome/updater/updater.cc:376] Available disk space in temporary directory (/var/folders/v2/zf9pcbpd4d50jvs85vz5jxhm0000gn/T/): 176902144B (168.707MiB) / 245107195904B (228.274GiB)
[12026:5889226:1008/050722.324717:VERBOSE2:chrome/updater/event_history.cc:266] Emitted a UPDATER_PROCESS START event to the history log
[12028:5889230:1008/050722.334170:VERBOSE1:chrome/updater/updater.cc:364] Version: 156.0.8067.0, opt, ARM_64, command line: /Users/deniscivkunov/Library/Application Support/Google/GoogleUpdater/156.0.8067.0/GoogleUpdater.app/Contents/MacOS/GoogleUpdater --crash-handler --database=/Users/deniscivkunov/Library/Application Support/Google/GoogleUpdater/156.0.8067.0/Crashpad --url=https://clients2.google.com/cr/report --annotation=prod=Update4 --annotation=ver=156.0.8067.0 --handshake-fd=6 --enable-logging --vmodule=*/components/update_client/*=2,*/chrome/enterprise_companion/*=2,*/chrome/updater/*=2
[12028:5889230:1008/050722.334831:VERBOSE1:chrome/updater/updater.cc:367] OS version: 26.3.0, arch: arm64, System uptime (seconds): 117435, parent pid: 1
[12028:5889230:1008/050722.336674:VERBOSE1:chrome/updater/updater.cc:372] Available disk space in install directory (/Users/deniscivkunov/Library/Application Support/Google/GoogleUpdater): 175951872B (167.801MiB) / 245107195904B (228.274GiB)
[12028:5889230:1008/050722.336704:VERBOSE1:chrome/updater/updater.cc:376] Available disk space in temporary directory (/var/folders/v2/zf9pcbpd4d50jvs85vz5jxhm0000gn/T/): 175951872B (167.801MiB) / 245107195904B (228.274GiB)
[12028:5889230:1008/050722.336807:VERBOSE2:chrome/updater/event_history.cc:266] Emitted a UPDATER_PROCESS START event to the history log
[12026:5889226:1008/050722.337382:VERBOSE1:chrome/updater/crash_reporter.cc:123] Crash handler launched and ready.
[12026:5889226:1008/050722.338052:VERBOSE1:chrome/updater/crash_client.cc:108] Found 0 completed crash reports
[12026:5889226:1008/050722.338130:VERBOSE1:chrome/updater/crash_client.cc:132] Found 0 pending crash reports
[12026:5889226:1008/050722.338256:ERROR:third_party/crashpad/crashpad/util/file/file_io_posix.cc:145] open /Users/deniscivkunov/Library/Application Support/Google/RLZ/Crashpad/settings.dat: No such file or directory (2)
[12026:5889226:1008/050722.338450:VERBOSE1:chrome/updater/updater.cc:105] Crash reporting initialized.
[12026:5889238:1008/050722.338753:VERBOSE1:chrome/updater/app/app_wakeall.cc:58] Launching `/Users/deniscivkunov/Library/Application Support/Google/GoogleUpdater/156.0.8067.0/GoogleUpdater.app/Contents/MacOS/GoogleUpdater --wake`
[12029:5889242:1008/050722.347485:VERBOSE1:chrome/updater/updater.cc:364] Version: 156.0.8067.0, opt, ARM_64, command line: /Users/deniscivkunov/Library/Application Support/Google/GoogleUpdater/156.0.8067.0/GoogleUpdater.app/Contents/MacOS/GoogleUpdater --wake --enable-logging --vmodule=*/components/update_client/*=2,*/chrome/enterprise_companion/*=2,*/chrome/updater/*=2
[12029:5889242:1008/050722.348625:VERBOSE1:chrome/updater/updater.cc:367] OS version: 26.3.0, arch: arm64, System uptime (seconds): 117435, parent pid: 12026
[12029:5889242:1008/050722.350856:VERBOSE1:chrome/updater/updater.cc:372] Available disk space in install directory (/Users/deniscivkunov/Library/Application Support/Google/GoogleUpdater): 174923776B (166.820MiB) / 245107195904B (228.274GiB)
[12029:5889242:1008/050722.350885:VERBOSE1:chrome/updater/updater.cc:376] Available disk space in temporary directory (/var/folders/v2/zf9pcbpd4d50jvs85vz5jxhm0000gn/T/): 174919680B (166.816MiB) / 245107195904B (228.274GiB)
[12029:5889242:1008/050722.350949:VERBOSE2:chrome/updater/event_history.cc:266] Emitted a UPDATER_PROCESS START event to the history log
[12031:5889246:1008/050722.360237:VERBOSE1:chrome/updater/updater.cc:364] Version: 156.0.8067.0, opt, ARM_64, command line: /Users/deniscivkunov/Library/Application Support/Google/GoogleUpdater/156.0.8067.0/GoogleUpdater.app/Contents/MacOS/GoogleUpdater --crash-handler --database=/Users/deniscivkunov/Library/Application Support/Google/GoogleUpdater/156.0.8067.0/Crashpad --url=https://clients2.google.com/cr/report --annotation=prod=Update4 --annotation=ver=156.0.8067.0 --handshake-fd=6 --enable-logging --vmodule=*/components/update_client/*=2,*/chrome/enterprise_companion/*=2,*/chrome/updater/*=2
[12031:5889246:1008/050722.360834:VERBOSE1:chrome/updater/updater.cc:367] OS version: 26.3.0, arch: arm64, System uptime (seconds): 117435, parent pid: 1
[12031:5889246:1008/050722.362909:VERBOSE1:chrome/updater/updater.cc:372] Available disk space in install directory (/Users/deniscivkunov/Library/Application Support/Google/GoogleUpdater): 174391296B (166.313MiB) / 245107195904B (228.274GiB)
[12031:5889246:1008/050722.362940:VERBOSE1:chrome/updater/updater.cc:376] Available disk space in temporary directory (/var/folders/v2/zf9pcbpd4d50jvs85vz5jxhm0000gn/T/): 174391296B (166.313MiB) / 245107195904B (228.274GiB)
[12031:5889246:1008/050722.363013:VERBOSE2:chrome/updater/event_history.cc:266] Emitted a UPDATER_PROCESS START event to the history log
[12029:5889242:1008/050722.363542:VERBOSE1:chrome/updater/crash_reporter.cc:123] Crash handler launched and ready.
[12029:5889242:1008/050722.364589:VERBOSE1:chrome/updater/crash_client.cc:108] Found 0 completed crash reports
[12029:5889242:1008/050722.364719:VERBOSE1:chrome/updater/crash_client.cc:132] Found 0 pending crash reports
[12029:5889242:1008/050722.364809:ERROR:third_party/crashpad/crashpad/util/file/file_io_posix.cc:145] open /Users/deniscivkunov/Library/Application Support/Google/RLZ/Crashpad/settings.dat: No such file or directory (2)
[12029:5889242:1008/050722.365042:VERBOSE1:chrome/updater/updater.cc:105] Crash reporting initialized.
[12029:5889242:1008/050722.365214:VERBOSE1:chrome/updater/ipc/update_service_internal_proxy_mojo.cc:61] Run
[11874:5887869:1008/050731.524262:ERROR:google_apis/gcm/engine/registration_request.cc:291] Registration response error message: DEPRECATED_ENDPOINT
[12029:5889242:1008/050738.260719:VERBOSE1:chrome/updater/app/app.cc:52] Shutdown: 0
[12029:5889242:1008/050738.261174:VERBOSE2:chrome/updater/event_history.cc:266] Emitted a UPDATER_PROCESS END event to the history log
[12029:5889242:1008/050738.261198:VERBOSE1:chrome/updater/updater.cc:409] UpdaterMain (--wake) returned 0.
[12026:5889238:1008/050738.305814:VERBOSE1:chrome/updater/app/app_wakeall.cc:68] `/Users/deniscivkunov/Library/Application Support/Google/GoogleUpdater/156.0.8067.0/GoogleUpdater.app/Contents/MacOS/GoogleUpdater --wake` exited 0
[12026:5889226:1008/050738.306019:VERBOSE1:chrome/updater/app/app.cc:52] Shutdown: 0
[12026:5889226:1008/050738.306516:VERBOSE2:chrome/updater/event_history.cc:266] Emitted a UPDATER_PROCESS END event to the history log
[12026:5889226:1008/050738.306547:VERBOSE1:chrome/updater/updater.cc:409] UpdaterMain (--wake-all) returned 0.
[12031:5889246:1008/050748.273437:VERBOSE2:chrome/updater/event_history.cc:266] Emitted a UPDATER_PROCESS END event to the history log
[12031:5889246:1008/050748.273461:VERBOSE1:chrome/updater/updater.cc:409] UpdaterMain (--crash-handler) returned 0.
[12028:5889230:1008/050748.274083:VERBOSE2:chrome/updater/event_history.cc:266] Emitted a UPDATER_PROCESS END event to the history log
[12028:5889230:1008/050748.274107:VERBOSE1:chrome/updater/updater.cc:409] UpdaterMain (--crash-handler) returned 0.
[11874:5887869:1008/050827.736449:ERROR:google_apis/gcm/engine/registration_request.cc:291] Registration response error message: DEPRECATED_ENDPOINT
[11874:5887810:1008/050841.573301:ERROR:mojo/public/cpp/bindings/lib/interface_endpoint_client.cc:748] Message 6 rejected by interface blink.mojom.WidgetHost
[11874:5887810:1008/050841.573426:ERROR:mojo/public/cpp/bindings/lib/interface_endpoint_client.cc:748] Message 7 rejected by interface blink.mojom.WidgetHost
