[3265:3279:1007/050358.930312:ERROR:dbus/bus.cc:408] Failed to connect to the bus: Could not parse server address: Unknown address type (examples of valid types are "tcp" and on UNIX "unix")
[3265:3279:1007/050400.189215:ERROR:dbus/bus.cc:408] Failed to connect to the bus: Could not parse server address: Unknown address type (examples of valid types are "tcp" and on UNIX "unix")

DevTools listening on ws://127.0.0.1:16687/devtools/browser/53f7c13c-141e-4022-bcc7-2be4dcf4b3c4
[3265:3279:1007/050400.222315:ERROR:dbus/bus.cc:408] Failed to connect to the bus: Could not parse server address: Unknown address type (examples of valid types are "tcp" and on UNIX "unix")
[3265:3265:1007/050400.282001:ERROR:dbus/object_proxy.cc:573] Failed to call method: org.freedesktop.DBus.NameHasOwner: object_path= /org/freedesktop/DBus: unknown error type: 
[3265:3279:1007/050400.282081:ERROR:dbus/bus.cc:408] Failed to connect to the bus: Could not parse server address: Unknown address type (examples of valid types are "tcp" and on UNIX "unix")
[3265:3279:1007/050400.282096:ERROR:dbus/bus.cc:408] Failed to connect to the bus: Could not parse server address: Unknown address type (examples of valid types are "tcp" and on UNIX "unix")
[3265:3279:1007/050400.282104:ERROR:dbus/bus.cc:408] Failed to connect to the bus: Could not parse server address: Unknown address type (examples of valid types are "tcp" and on UNIX "unix")
[3265:3279:1007/050400.282112:ERROR:dbus/bus.cc:408] Failed to connect to the bus: Could not parse server address: Unknown address type (examples of valid types are "tcp" and on UNIX "unix")
[3265:3279:1007/050400.282119:ERROR:dbus/bus.cc:408] Failed to connect to the bus: Could not parse server address: Unknown address type (examples of valid types are "tcp" and on UNIX "unix")
[3265:3279:1007/050400.282126:ERROR:dbus/bus.cc:408] Failed to connect to the bus: Could not parse server address: Unknown address type (examples of valid types are "tcp" and on UNIX "unix")
[3265:3265:1007/050400.287193:ERROR:dbus/object_proxy.cc:573] Failed to call method: org.freedesktop.DBus.NameHasOwner: object_path= /org/freedesktop/DBus: unknown error type: 
[3265:3265:1007/050400.291831:ERROR:dbus/object_proxy.cc:573] Failed to call method: org.freedesktop.DBus.NameHasOwner: object_path= /org/freedesktop/DBus: unknown error type: 
[3265:3279:1007/050400.292506:ERROR:dbus/bus.cc:408] Failed to connect to the bus: Could not parse server address: Unknown address type (examples of valid types are "tcp" and on UNIX "unix")
[3265:3265:1007/050400.296484:ERROR:dbus/object_proxy.cc:573] Failed to call method: org.freedesktop.DBus.NameHasOwner: object_path= /org/freedesktop/DBus: unknown error type: 
[3265:3265:1007/050400.296517:ERROR:dbus/object_proxy.cc:573] Failed to call method: org.freedesktop.DBus.NameHasOwner: object_path= /org/freedesktop/DBus: unknown error type: 
[3265:3265:1007/050400.296527:ERROR:dbus/object_proxy.cc:573] Failed to call method: org.freedesktop.DBus.NameHasOwner: object_path= /org/freedesktop/DBus: unknown error type: 
[3265:3279:1007/050400.297334:ERROR:dbus/bus.cc:408] Failed to connect to the bus: Could not parse server address: Unknown address type (examples of valid types are "tcp" and on UNIX "unix")
[3265:3265:1007/050400.299804:ERROR:dbus/object_proxy.cc:573] Failed to call method: org.freedesktop.DBus.NameHasOwner: object_path= /org/freedesktop/DBus: unknown error type: 
[3265:3279:1007/050400.299868:ERROR:dbus/bus.cc:408] Failed to connect to the bus: Could not parse server address: Unknown address type (examples of valid types are "tcp" and on UNIX "unix")
[3265:3265:1007/050400.301074:ERROR:dbus/object_proxy.cc:573] Failed to call method: org.freedesktop.DBus.NameHasOwner: object_path= /org/freedesktop/DBus: unknown error type: 
[3265:3265:1007/050400.301583:ERROR:dbus/object_proxy.cc:573] Failed to call method: org.freedesktop.DBus.Properties.GetAll: object_path= /org/freedesktop/UPower/devices/DisplayDevice: org.freedesktop.DBus.Error.ServiceUnknown: The name org.freedesktop.UPower was not provided by any .service files
[3265:3265:1007/050400.306283:ERROR:dbus/object_proxy.cc:573] Failed to call method: org.freedesktop.DBus.NameHasOwner: object_path= /org/freedesktop/DBus: unknown error type: 
[3265:3279:1007/050400.306700:ERROR:dbus/bus.cc:408] Failed to connect to the bus: Could not parse server address: Unknown address type (examples of valid types are "tcp" and on UNIX "unix")
[3265:3265:1007/050400.312697:ERROR:dbus/object_proxy.cc:573] Failed to call method: org.freedesktop.DBus.NameHasOwner: object_path= /org/freedesktop/DBus: unknown error type: 
[3265:3279:1007/050400.315521:ERROR:dbus/bus.cc:408] Failed to connect to the bus: Could not parse server address: Unknown address type (examples of valid types are "tcp" and on UNIX "unix")
[3265:3265:1007/050400.323793:ERROR:dbus/object_proxy.cc:573] Failed to call method: org.freedesktop.DBus.NameHasOwner: object_path= /org/freedesktop/DBus: unknown error type: 
[3295:3301:1007/050545.969319:ERROR:gpu/command_buffer/service/shared_image/shared_image_manager.cc:521] SharedImageManager::ProduceMemory: Trying to Produce a Memory representation from a non-existent mailbox.
[3295:3301:1007/050545.969483:ERROR:gpu/command_buffer/service/shared_image/shared_image_manager.cc:521] SharedImageManager::ProduceMemory: Trying to Produce a Memory representation from a non-existent mailbox.
[3295:3301:1007/050545.969531:ERROR:gpu/command_buffer/service/shared_image/shared_image_manager.cc:521] SharedImageManager::ProduceMemory: Trying to Produce a Memory representation from a non-existent mailbox.
[3295:3301:1007/050545.969628:ERROR:gpu/command_buffer/service/shared_image/shared_image_manager.cc:521] SharedImageManager::ProduceMemory: Trying to Produce a Memory representation from a non-existent mailbox.
[3295:3301:1007/050545.969684:ERROR:gpu/command_buffer/service/shared_image/shared_image_manager.cc:521] SharedImageManager::ProduceMemory: Trying to Produce a Memory representation from a non-existent mailbox.
