12:34:26 AM [vite] (client) Re-optimizing dependencies because vite config has changed

  VITE v8.0.8  ready in 264 ms

  ➜  Local:   http://127.0.0.1:16686/
12:34:27 AM [vite] (client) [optimizer] bundling dependencies...
12:35:23 AM [vite] (client) [console.error] React does not recognize the `fullWidth` prop on a DOM element. If you intentionally want it to appear in the DOM as a custom attribute, spell it as lowercase `fullwidth` instead. If you accidentally passed it from a parent component, remove it from the DOM element.
12:35:23 AM [vite] (client) [console.error] Received `false` for a non-boolean attribute `indicator`.

If you want to write it to the DOM, pass a string instead: indicator="false" or indicator={value.toString()}.

If you used to conditionally omit it with indicator={condition && value}, pass indicator={condition ? value : undefined} instead.
12:35:23 AM [vite] (client) [console.error] React does not recognize the `selectionFollowsFocus` prop on a DOM element. If you intentionally want it to appear in the DOM as a custom attribute, spell it as lowercase `selectionfollowsfocus` instead. If you accidentally passed it from a parent component, remove it from the DOM element.
12:35:23 AM [vite] (client) [console.error] React does not recognize the `textColor` prop on a DOM element. If you intentionally want it to appear in the DOM as a custom attribute, spell it as lowercase `textcolor` instead. If you accidentally passed it from a parent component, remove it from the DOM element.
12:35:23 AM [vite] (client) [console.error] MUI: The `value` provided to the Tabs component is invalid.
None of the Tabs' children match with "packing".
You can provide one of the following values: composition, 1, 2, 3.
12:35:23 AM [vite] (client) [console.error] MUI: The `value` provided to the Tabs component is invalid.
None of the Tabs' children match with "packing".
You can provide one of the following values: composition, 1, 2, 3.
12:35:23 AM [vite] (client) [console.error] MUI: The `value` provided to the Tabs component is invalid.
None of the Tabs' children match with "packing".
You can provide one of the following values: composition, 1, 2, 3.
12:35:23 AM [vite] (client) [console.error] MUI: The `value` provided to the Tabs component is invalid.
None of the Tabs' children match with "packing".
You can provide one of the following values: composition, 1, 2, 3.
12:35:23 AM [vite] (client) [console.error] MUI: The `value` provided to the Tabs component is invalid.
None of the Tabs' children match with "packing".
You can provide one of the following values: composition, 1, 2, 3.
12:35:28 AM [vite] (client) [console.error] React does not recognize the `fullWidth` prop on a DOM element. If you intentionally want it to appear in the DOM as a custom attribute, spell it as lowercase `fullwidth` instead. If you accidentally passed it from a parent component, remove it from the DOM element.
12:35:28 AM [vite] (client) [console.error] Received `false` for a non-boolean attribute `indicator`.

If you want to write it to the DOM, pass a string instead: indicator="false" or indicator={value.toString()}.

If you used to conditionally omit it with indicator={condition && value}, pass indicator={condition ? value : undefined} instead.
12:35:28 AM [vite] (client) [console.error] React does not recognize the `selectionFollowsFocus` prop on a DOM element. If you intentionally want it to appear in the DOM as a custom attribute, spell it as lowercase `selectionfollowsfocus` instead. If you accidentally passed it from a parent component, remove it from the DOM element.
12:35:28 AM [vite] (client) [console.error] React does not recognize the `textColor` prop on a DOM element. If you intentionally want it to appear in the DOM as a custom attribute, spell it as lowercase `textcolor` instead. If you accidentally passed it from a parent component, remove it from the DOM element.
12:35:28 AM [vite] (client) [console.error] MUI: The `value` provided to the Tabs component is invalid.
None of the Tabs' children match with "packing".
You can provide one of the following values: composition, 1, 2, 3.
12:35:28 AM [vite] (client) [console.error] MUI: The `value` provided to the Tabs component is invalid.
None of the Tabs' children match with "packing".
You can provide one of the following values: composition, 1, 2, 3.
12:35:28 AM [vite] (client) [console.error] MUI: The `value` provided to the Tabs component is invalid.
None of the Tabs' children match with "packing".
You can provide one of the following values: composition, 1, 2, 3.
12:35:28 AM [vite] (client) [console.error] MUI: The `value` provided to the Tabs component is invalid.
None of the Tabs' children match with "packing".
You can provide one of the following values: composition, 1, 2, 3.
12:35:28 AM [vite] (client) [console.error] MUI: The `value` provided to the Tabs component is invalid.
None of the Tabs' children match with "packing".
You can provide one of the following values: composition, 1, 2, 3.
12:35:32 AM [vite] (client) [console.error] React does not recognize the `fullWidth` prop on a DOM element. If you intentionally want it to appear in the DOM as a custom attribute, spell it as lowercase `fullwidth` instead. If you accidentally passed it from a parent component, remove it from the DOM element.
12:35:32 AM [vite] (client) [console.error] Received `false` for a non-boolean attribute `indicator`.

If you want to write it to the DOM, pass a string instead: indicator="false" or indicator={value.toString()}.

If you used to conditionally omit it with indicator={condition && value}, pass indicator={condition ? value : undefined} instead.
12:35:32 AM [vite] (client) [console.error] React does not recognize the `selectionFollowsFocus` prop on a DOM element. If you intentionally want it to appear in the DOM as a custom attribute, spell it as lowercase `selectionfollowsfocus` instead. If you accidentally passed it from a parent component, remove it from the DOM element.
12:35:32 AM [vite] (client) [console.error] React does not recognize the `textColor` prop on a DOM element. If you intentionally want it to appear in the DOM as a custom attribute, spell it as lowercase `textcolor` instead. If you accidentally passed it from a parent component, remove it from the DOM element.
12:35:32 AM [vite] (client) [console.error] MUI: The `value` provided to the Tabs component is invalid.
None of the Tabs' children match with "packing".
You can provide one of the following values: composition, 1, 2, 3.
12:35:32 AM [vite] (client) [console.error] MUI: The `value` provided to the Tabs component is invalid.
None of the Tabs' children match with "packing".
You can provide one of the following values: composition, 1, 2, 3.
12:35:32 AM [vite] (client) [console.error] MUI: The `value` provided to the Tabs component is invalid.
None of the Tabs' children match with "packing".
You can provide one of the following values: composition, 1, 2, 3.
12:35:32 AM [vite] (client) [console.error] MUI: The `value` provided to the Tabs component is invalid.
None of the Tabs' children match with "packing".
You can provide one of the following values: composition, 1, 2, 3.
12:35:32 AM [vite] (client) [console.error] MUI: The `value` provided to the Tabs component is invalid.
None of the Tabs' children match with "packing".
You can provide one of the following values: composition, 1, 2, 3.
12:35:36 AM [vite] (client) [console.error] React does not recognize the `fullWidth` prop on a DOM element. If you intentionally want it to appear in the DOM as a custom attribute, spell it as lowercase `fullwidth` instead. If you accidentally passed it from a parent component, remove it from the DOM element.
12:35:36 AM [vite] (client) [console.error] Received `false` for a non-boolean attribute `indicator`.

If you want to write it to the DOM, pass a string instead: indicator="false" or indicator={value.toString()}.

If you used to conditionally omit it with indicator={condition && value}, pass indicator={condition ? value : undefined} instead.
12:35:36 AM [vite] (client) [console.error] React does not recognize the `selectionFollowsFocus` prop on a DOM element. If you intentionally want it to appear in the DOM as a custom attribute, spell it as lowercase `selectionfollowsfocus` instead. If you accidentally passed it from a parent component, remove it from the DOM element.
12:35:36 AM [vite] (client) [console.error] React does not recognize the `textColor` prop on a DOM element. If you intentionally want it to appear in the DOM as a custom attribute, spell it as lowercase `textcolor` instead. If you accidentally passed it from a parent component, remove it from the DOM element.
12:35:36 AM [vite] (client) [console.error] MUI: The `value` provided to the Tabs component is invalid.
None of the Tabs' children match with "packing".
You can provide one of the following values: composition, 1, 2, 3.
12:35:36 AM [vite] (client) [console.error] MUI: The `value` provided to the Tabs component is invalid.
None of the Tabs' children match with "packing".
You can provide one of the following values: composition, 1, 2, 3.
12:35:36 AM [vite] (client) [console.error] MUI: The `value` provided to the Tabs component is invalid.
None of the Tabs' children match with "packing".
You can provide one of the following values: composition, 1, 2, 3.
12:35:36 AM [vite] (client) [console.error] MUI: The `value` provided to the Tabs component is invalid.
None of the Tabs' children match with "packing".
You can provide one of the following values: composition, 1, 2, 3.
12:35:36 AM [vite] (client) [console.error] MUI: The `value` provided to the Tabs component is invalid.
None of the Tabs' children match with "packing".
You can provide one of the following values: composition, 1, 2, 3.
12:35:40 AM [vite] (client) [console.error] React does not recognize the `fullWidth` prop on a DOM element. If you intentionally want it to appear in the DOM as a custom attribute, spell it as lowercase `fullwidth` instead. If you accidentally passed it from a parent component, remove it from the DOM element.
12:35:40 AM [vite] (client) [console.error] Received `false` for a non-boolean attribute `indicator`.

If you want to write it to the DOM, pass a string instead: indicator="false" or indicator={value.toString()}.

If you used to conditionally omit it with indicator={condition && value}, pass indicator={condition ? value : undefined} instead.
12:35:40 AM [vite] (client) [console.error] React does not recognize the `selectionFollowsFocus` prop on a DOM element. If you intentionally want it to appear in the DOM as a custom attribute, spell it as lowercase `selectionfollowsfocus` instead. If you accidentally passed it from a parent component, remove it from the DOM element.
12:35:40 AM [vite] (client) [console.error] React does not recognize the `textColor` prop on a DOM element. If you intentionally want it to appear in the DOM as a custom attribute, spell it as lowercase `textcolor` instead. If you accidentally passed it from a parent component, remove it from the DOM element.
12:35:40 AM [vite] (client) [console.error] MUI: The `value` provided to the Tabs component is invalid.
None of the Tabs' children match with "packing".
You can provide one of the following values: composition, 1, 2, 3.
12:35:40 AM [vite] (client) [console.error] MUI: The `value` provided to the Tabs component is invalid.
None of the Tabs' children match with "packing".
You can provide one of the following values: composition, 1, 2, 3.
12:35:40 AM [vite] (client) [console.error] MUI: The `value` provided to the Tabs component is invalid.
None of the Tabs' children match with "packing".
You can provide one of the following values: composition, 1, 2, 3.
12:35:40 AM [vite] (client) [console.error] MUI: The `value` provided to the Tabs component is invalid.
None of the Tabs' children match with "packing".
You can provide one of the following values: composition, 1, 2, 3.
12:35:40 AM [vite] (client) [console.error] MUI: The `value` provided to the Tabs component is invalid.
None of the Tabs' children match with "packing".
You can provide one of the following values: composition, 1, 2, 3.
