EEEEEEEEEEFEF
======================================================================
ERROR: test_actual_pytest_xdist_receipts_use_exact_full_collection_and_junit_nodeids (scripts.ci.tests.test_backend_shards.BackendShardContracts.test_actual_pytest_xdist_receipts_use_exact_full_collection_and_junit_nodeids)
----------------------------------------------------------------------
Traceback (most recent call last):
  File "/Users/deniscivkunov/Projects/WMS/.worktrees/wms652-ci-two-shards/scripts/ci/tests/test_backend_shards.py", line 50, in setUp
    self.m = importlib.import_module('scripts.ci.backend_shards')
             ~~~~~~~~~~~~~~~~~~~~~~~^^^^^^^^^^^^^^^^^^^^^^^^^^^^^
  File "/Library/Frameworks/Python.framework/Versions/3.14/lib/python3.14/importlib/__init__.py", line 88, in import_module
    return _bootstrap._gcd_import(name[level:], package, level)
           ~~~~~~~~~~~~~~~~~~~~~~^^^^^^^^^^^^^^^^^^^^^^^^^^^^^^
  File "<frozen importlib._bootstrap>", line 1398, in _gcd_import
  File "<frozen importlib._bootstrap>", line 1371, in _find_and_load
  File "<frozen importlib._bootstrap>", line 1335, in _find_and_load_unlocked
ModuleNotFoundError: No module named 'scripts.ci.backend_shards'

======================================================================
ERROR: test_duplicate_empty_or_bad_shard_collection_refuses (scripts.ci.tests.test_backend_shards.BackendShardContracts.test_duplicate_empty_or_bad_shard_collection_refuses)
----------------------------------------------------------------------
Traceback (most recent call last):
  File "/Users/deniscivkunov/Projects/WMS/.worktrees/wms652-ci-two-shards/scripts/ci/tests/test_backend_shards.py", line 50, in setUp
    self.m = importlib.import_module('scripts.ci.backend_shards')
             ~~~~~~~~~~~~~~~~~~~~~~~^^^^^^^^^^^^^^^^^^^^^^^^^^^^^
  File "/Library/Frameworks/Python.framework/Versions/3.14/lib/python3.14/importlib/__init__.py", line 88, in import_module
    return _bootstrap._gcd_import(name[level:], package, level)
           ~~~~~~~~~~~~~~~~~~~~~~^^^^^^^^^^^^^^^^^^^^^^^^^^^^^^
  File "<frozen importlib._bootstrap>", line 1398, in _gcd_import
  File "<frozen importlib._bootstrap>", line 1371, in _find_and_load
  File "<frozen importlib._bootstrap>", line 1335, in _find_and_load_unlocked
ModuleNotFoundError: No module named 'scripts.ci.backend_shards'

======================================================================
ERROR: test_exact_two_shards_merge_all_cases_and_receipt_identity (scripts.ci.tests.test_backend_shards.BackendShardContracts.test_exact_two_shards_merge_all_cases_and_receipt_identity)
----------------------------------------------------------------------
Traceback (most recent call last):
  File "/Users/deniscivkunov/Projects/WMS/.worktrees/wms652-ci-two-shards/scripts/ci/tests/test_backend_shards.py", line 50, in setUp
    self.m = importlib.import_module('scripts.ci.backend_shards')
             ~~~~~~~~~~~~~~~~~~~~~~~^^^^^^^^^^^^^^^^^^^^^^^^^^^^^
  File "/Library/Frameworks/Python.framework/Versions/3.14/lib/python3.14/importlib/__init__.py", line 88, in import_module
    return _bootstrap._gcd_import(name[level:], package, level)
           ~~~~~~~~~~~~~~~~~~~~~~^^^^^^^^^^^^^^^^^^^^^^^^^^^^^^
  File "<frozen importlib._bootstrap>", line 1398, in _gcd_import
  File "<frozen importlib._bootstrap>", line 1371, in _find_and_load
  File "<frozen importlib._bootstrap>", line 1335, in _find_and_load_unlocked
ModuleNotFoundError: No module named 'scripts.ci.backend_shards'

======================================================================
ERROR: test_merge_preserves_failure_error_skip_details_and_cannot_report_success (scripts.ci.tests.test_backend_shards.BackendShardContracts.test_merge_preserves_failure_error_skip_details_and_cannot_report_success)
----------------------------------------------------------------------
Traceback (most recent call last):
  File "/Users/deniscivkunov/Projects/WMS/.worktrees/wms652-ci-two-shards/scripts/ci/tests/test_backend_shards.py", line 50, in setUp
    self.m = importlib.import_module('scripts.ci.backend_shards')
             ~~~~~~~~~~~~~~~~~~~~~~~^^^^^^^^^^^^^^^^^^^^^^^^^^^^^
  File "/Library/Frameworks/Python.framework/Versions/3.14/lib/python3.14/importlib/__init__.py", line 88, in import_module
    return _bootstrap._gcd_import(name[level:], package, level)
           ~~~~~~~~~~~~~~~~~~~~~~^^^^^^^^^^^^^^^^^^^^^^^^^^^^^^
  File "<frozen importlib._bootstrap>", line 1398, in _gcd_import
  File "<frozen importlib._bootstrap>", line 1371, in _find_and_load
  File "<frozen importlib._bootstrap>", line 1335, in _find_and_load_unlocked
ModuleNotFoundError: No module named 'scripts.ci.backend_shards'

======================================================================
ERROR: test_missing_duplicate_extra_or_unidentified_junit_case_refuses (scripts.ci.tests.test_backend_shards.BackendShardContracts.test_missing_duplicate_extra_or_unidentified_junit_case_refuses)
----------------------------------------------------------------------
Traceback (most recent call last):
  File "/Users/deniscivkunov/Projects/WMS/.worktrees/wms652-ci-two-shards/scripts/ci/tests/test_backend_shards.py", line 50, in setUp
    self.m = importlib.import_module('scripts.ci.backend_shards')
             ~~~~~~~~~~~~~~~~~~~~~~~^^^^^^^^^^^^^^^^^^^^^^^^^^^^^
  File "/Library/Frameworks/Python.framework/Versions/3.14/lib/python3.14/importlib/__init__.py", line 88, in import_module
    return _bootstrap._gcd_import(name[level:], package, level)
           ~~~~~~~~~~~~~~~~~~~~~~^^^^^^^^^^^^^^^^^^^^^^^^^^^^^^
  File "<frozen importlib._bootstrap>", line 1398, in _gcd_import
  File "<frozen importlib._bootstrap>", line 1371, in _find_and_load
  File "<frozen importlib._bootstrap>", line 1335, in _find_and_load_unlocked
ModuleNotFoundError: No module named 'scripts.ci.backend_shards'

======================================================================
ERROR: test_missing_duplicate_shard_wrong_index_collection_or_selection_refuses (scripts.ci.tests.test_backend_shards.BackendShardContracts.test_missing_duplicate_shard_wrong_index_collection_or_selection_refuses)
----------------------------------------------------------------------
Traceback (most recent call last):
  File "/Users/deniscivkunov/Projects/WMS/.worktrees/wms652-ci-two-shards/scripts/ci/tests/test_backend_shards.py", line 50, in setUp
    self.m = importlib.import_module('scripts.ci.backend_shards')
             ~~~~~~~~~~~~~~~~~~~~~~~^^^^^^^^^^^^^^^^^^^^^^^^^^^^^
  File "/Library/Frameworks/Python.framework/Versions/3.14/lib/python3.14/importlib/__init__.py", line 88, in import_module
    return _bootstrap._gcd_import(name[level:], package, level)
           ~~~~~~~~~~~~~~~~~~~~~~^^^^^^^^^^^^^^^^^^^^^^^^^^^^^^
  File "<frozen importlib._bootstrap>", line 1398, in _gcd_import
  File "<frozen importlib._bootstrap>", line 1371, in _find_and_load
  File "<frozen importlib._bootstrap>", line 1335, in _find_and_load_unlocked
ModuleNotFoundError: No module named 'scripts.ci.backend_shards'

======================================================================
ERROR: test_nonzero_pytest_exit_never_reports_success_even_with_all_green_cases (scripts.ci.tests.test_backend_shards.BackendShardContracts.test_nonzero_pytest_exit_never_reports_success_even_with_all_green_cases)
----------------------------------------------------------------------
Traceback (most recent call last):
  File "/Users/deniscivkunov/Projects/WMS/.worktrees/wms652-ci-two-shards/scripts/ci/tests/test_backend_shards.py", line 50, in setUp
    self.m = importlib.import_module('scripts.ci.backend_shards')
             ~~~~~~~~~~~~~~~~~~~~~~~^^^^^^^^^^^^^^^^^^^^^^^^^^^^^
  File "/Library/Frameworks/Python.framework/Versions/3.14/lib/python3.14/importlib/__init__.py", line 88, in import_module
    return _bootstrap._gcd_import(name[level:], package, level)
           ~~~~~~~~~~~~~~~~~~~~~~^^^^^^^^^^^^^^^^^^^^^^^^^^^^^^
  File "<frozen importlib._bootstrap>", line 1398, in _gcd_import
  File "<frozen importlib._bootstrap>", line 1371, in _find_and_load
  File "<frozen importlib._bootstrap>", line 1335, in _find_and_load_unlocked
ModuleNotFoundError: No module named 'scripts.ci.backend_shards'

======================================================================
ERROR: test_real_full_collection_partition_exact_union_once_and_balanced (scripts.ci.tests.test_backend_shards.BackendShardContracts.test_real_full_collection_partition_exact_union_once_and_balanced)
----------------------------------------------------------------------
Traceback (most recent call last):
  File "/Users/deniscivkunov/Projects/WMS/.worktrees/wms652-ci-two-shards/scripts/ci/tests/test_backend_shards.py", line 50, in setUp
    self.m = importlib.import_module('scripts.ci.backend_shards')
             ~~~~~~~~~~~~~~~~~~~~~~~^^^^^^^^^^^^^^^^^^^^^^^^^^^^^
  File "/Library/Frameworks/Python.framework/Versions/3.14/lib/python3.14/importlib/__init__.py", line 88, in import_module
    return _bootstrap._gcd_import(name[level:], package, level)
           ~~~~~~~~~~~~~~~~~~~~~~^^^^^^^^^^^^^^^^^^^^^^^^^^^^^^
  File "<frozen importlib._bootstrap>", line 1398, in _gcd_import
  File "<frozen importlib._bootstrap>", line 1371, in _find_and_load
  File "<frozen importlib._bootstrap>", line 1335, in _find_and_load_unlocked
ModuleNotFoundError: No module named 'scripts.ci.backend_shards'

======================================================================
ERROR: test_required_skipped_case_never_counts_as_pass (scripts.ci.tests.test_backend_shards.BackendShardContracts.test_required_skipped_case_never_counts_as_pass)
----------------------------------------------------------------------
Traceback (most recent call last):
  File "/Users/deniscivkunov/Projects/WMS/.worktrees/wms652-ci-two-shards/scripts/ci/tests/test_backend_shards.py", line 50, in setUp
    self.m = importlib.import_module('scripts.ci.backend_shards')
             ~~~~~~~~~~~~~~~~~~~~~~~^^^^^^^^^^^^^^^^^^^^^^^^^^^^^
  File "/Library/Frameworks/Python.framework/Versions/3.14/lib/python3.14/importlib/__init__.py", line 88, in import_module
    return _bootstrap._gcd_import(name[level:], package, level)
           ~~~~~~~~~~~~~~~~~~~~~~^^^^^^^^^^^^^^^^^^^^^^^^^^^^^^
  File "<frozen importlib._bootstrap>", line 1398, in _gcd_import
  File "<frozen importlib._bootstrap>", line 1371, in _find_and_load
  File "<frozen importlib._bootstrap>", line 1335, in _find_and_load_unlocked
ModuleNotFoundError: No module named 'scripts.ci.backend_shards'

======================================================================
ERROR: test_wrong_sha_run_or_attempt_and_missing_metadata_refuse (scripts.ci.tests.test_backend_shards.BackendShardContracts.test_wrong_sha_run_or_attempt_and_missing_metadata_refuse)
----------------------------------------------------------------------
Traceback (most recent call last):
  File "/Users/deniscivkunov/Projects/WMS/.worktrees/wms652-ci-two-shards/scripts/ci/tests/test_backend_shards.py", line 50, in setUp
    self.m = importlib.import_module('scripts.ci.backend_shards')
             ~~~~~~~~~~~~~~~~~~~~~~~^^^^^^^^^^^^^^^^^^^^^^^^^^^^^
  File "/Library/Frameworks/Python.framework/Versions/3.14/lib/python3.14/importlib/__init__.py", line 88, in import_module
    return _bootstrap._gcd_import(name[level:], package, level)
           ~~~~~~~~~~~~~~~~~~~~~~^^^^^^^^^^^^^^^^^^^^^^^^^^^^^^
  File "<frozen importlib._bootstrap>", line 1398, in _gcd_import
  File "<frozen importlib._bootstrap>", line 1371, in _find_and_load
  File "<frozen importlib._bootstrap>", line 1335, in _find_and_load_unlocked
ModuleNotFoundError: No module named 'scripts.ci.backend_shards'

======================================================================
ERROR: test_guard_installs_pytest_before_discovery_and_uploads_real_product_scope_junit (scripts.ci.tests.test_backend_shards.BackendWorkflowContracts.test_guard_installs_pytest_before_discovery_and_uploads_real_product_scope_junit)
----------------------------------------------------------------------
Traceback (most recent call last):
  File "/Users/deniscivkunov/Projects/WMS/.worktrees/wms652-ci-two-shards/scripts/ci/tests/test_backend_shards.py", line 193, in test_guard_installs_pytest_before_discovery_and_uploads_real_product_scope_junit
    self.assertLess(guard.index('pip install pytest'), guard.index('python -m unittest discover'))
                    ~~~~~~~~~~~^^^^^^^^^^^^^^^^^^^^^^
ValueError: substring not found

======================================================================
FAIL: test_frontend_runs_parallel_print_and_process_proof_requires_both (scripts.ci.tests.test_backend_shards.BackendWorkflowContracts.test_frontend_runs_parallel_print_and_process_proof_requires_both)
----------------------------------------------------------------------
Traceback (most recent call last):
  File "/Users/deniscivkunov/Projects/WMS/.worktrees/wms652-ci-two-shards/scripts/ci/tests/test_backend_shards.py", line 186, in test_frontend_runs_parallel_print_and_process_proof_requires_both
    self.assertNotIn('needs: print-regressions', front)
    ~~~~~~~~~~~~~~~~^^^^^^^^^^^^^^^^^^^^^^^^^^^^^^^^^^^
AssertionError: 'needs: print-regressions' unexpectedly found in '    # The existing required frontend check cannot succeed if browser/PDF coverage fails.\n    needs: print-regressions\n    timeout-minutes: 20\n    runs-on: ubuntu-latest\n    defaults:\n      run:\n        working-directory: frontend\n    steps:\n      - uses: actions/checkout@v4\n        with:\n          fetch-depth: 0\n      - uses: actions/setup-node@v4\n        with:\n          node-version: "20"\n          cache: "npm"\n          cache-dependency-path: frontend/package-lock.json\n      - name: Install deps\n        run: npm ci\n      - name: Typecheck\n        run: npx tsc --noEmit -p tsconfig.app.json\n      - name: Verify WMS-517 attached CAdES auth profile\n        run: npm run test:crypto-auth\n      # Probe 37144084796: minimal HTML hung in CfT but printed in system Chrome.\n      # The probe does not distinguish browser version from distribution effects.\n      - name: Install Poppler and verify real PDF renderer\n        env:\n          CHROME_PATH: /usr/bin/google-chrome\n        run: |\n          sudo apt-get update\n          sudo apt-get install -y poppler-utils\n          test -x "$CHROME_PATH"\n          "$CHROME_PATH" --version\n          command -v pdfimages\n          pdfimages -v\n          echo "WMS_PRINT_CHROMIUM=$CHROME_PATH" >> "$GITHUB_ENV"\n      - name: All frontend tests including WMS-613 PDF pagination\n        env:\n          WMS_REQUIRE_PRINT_PAGINATION: "1"\n        run: |\n          test -n "$WMS_PRINT_CHROMIUM"\n          test -x "$WMS_PRINT_CHROMIUM"\n          command -v pdfimages\n          npx vitest run --reporter=default --reporter=json --outputFile.json="$RUNNER_TEMP/frontend-all.json"\n      - name: Build\n        run: npm run build\n      - uses: actions/upload-artifact@v4\n        if: always()\n        with:\n          name: frontend-executed-contracts-${{ github.sha }}-${{ github.run_id }}-${{ github.run_attempt }}\n          path: ${{ runner.temp }}/frontend-all.json\n          retention-days: 14\n'

======================================================================
FAIL: test_required_backend_aggregates_checks_and_both_shards_and_preserves_pg_steps (scripts.ci.tests.test_backend_shards.BackendWorkflowContracts.test_required_backend_aggregates_checks_and_both_shards_and_preserves_pg_steps)
----------------------------------------------------------------------
Traceback (most recent call last):
  File "/Users/deniscivkunov/Projects/WMS/.worktrees/wms652-ci-two-shards/scripts/ci/tests/test_backend_shards.py", line 170, in test_required_backend_aggregates_checks_and_both_shards_and_preserves_pg_steps
    self.assertIn('needs: [backend-checks, backend-shards]', backend)
    ~~~~~~~~~~~~~^^^^^^^^^^^^^^^^^^^^^^^^^^^^^^^^^^^^^^^^^^^^^^^^^^^^
AssertionError: 'needs: [backend-checks, backend-shards]' not found in '    timeout-minutes: 45\n    runs-on: ubuntu-latest\n    services:\n      postgres:\n        image: postgres:16\n        env:\n          POSTGRES_DB: wms_test_517\n          POSTGRES_USER: postgres\n          POSTGRES_PASSWORD: fixture-only\n        ports:\n          - 5432:5432\n        options: >-\n          --health-cmd "pg_isready -U postgres -d wms_test_517"\n          --health-interval 5s --health-timeout 3s --health-retries 20\n      postgres662batch:\n        image: postgres:16\n        env:\n          POSTGRES_DB: wms_test_662_batch\n          POSTGRES_USER: wms_test\n          POSTGRES_PASSWORD: fixture-only\n        ports:\n          - 55466:5432\n        options: >-\n          --health-cmd "pg_isready -U wms_test -d wms_test_662_batch"\n          --health-interval 5s --health-timeout 3s --health-retries 20\n      postgres662steady:\n        image: postgres:16\n        env:\n          POSTGRES_DB: wms_test_662_steady\n          POSTGRES_USER: wms_test\n          POSTGRES_PASSWORD: fixture-only\n        ports:\n          - 55468:5432\n        options: >-\n          --health-cmd "pg_isready -U wms_test -d wms_test_662_steady"\n          --health-interval 5s --health-timeout 3s --health-retries 20\n    defaults:\n      run:\n        working-directory: backend\n    steps:\n      - uses: actions/checkout@v4\n        with:\n          fetch-depth: 0\n      - uses: actions/setup-python@v5\n        with:\n          python-version: "3.11"\n          cache: "pip"\n          cache-dependency-path: backend/pyproject.toml\n      - name: Install deps\n        run: |\n          python -m pip install -U pip\n          pip install -e ".[dev]"\n      - name: Ruff\n        run: ruff check .\n      - name: Mypy\n        run: mypy .\n      - uses: actions/setup-node@v4\n        with:\n          node-version: "20"\n          cache: "npm"\n          cache-dependency-path: frontend/package-lock.json\n      - name: Install frontend helpers for backend HTTP contract tests\n        run: npm ci --prefix ../frontend\n      - name: WMS-662 isolated batch lock order on real PostgreSQL\n        env:\n          WMS_TEST_DATABASE_URL: postgresql+asyncpg://wms_test:fixture-only@127.0.0.1:55466/wms_test_662_batch\n        run: |\n          pip install asyncpg==0.31.0\n          pytest -n 0 -q -s tests/test_wms662_batch_handoff_lock_order.py\n      - name: WMS-662 isolated steady-state lock order on real PostgreSQL\n        env:\n          WMS_TEST_DATABASE_URL: postgresql+asyncpg://wms_test:fixture-only@127.0.0.1:55468/wms_test_662_steady\n        run: pytest -n 0 -q -s tests/test_wms662_batch_handoff_steady_state.py\n      - name: PostgreSQL locks and immutable migration guards\n        env:\n          WMS_TEST_DATABASE_URL: postgresql+psycopg_async://postgres:fixture-only@127.0.0.1:5432/wms_test_517\n        run: |\n          pytest -n 0 -m postgresql_concurrency tests/test_withdrawal_ledger.py tests/test_wb_order_price_snapshot.py tests/test_withdrawal_readiness.py\n          pytest -n 0 tests/test_wms659_bulk_inbound_boxes.py::test_wms659_c7_same_mutation_is_concurrent_safe\n          pytest -n 0 tests/test_wms537_draft_supply_stickers.py::test_concurrent_add_of_the_same_order_to_a_draft_supply\n      - name: Required PostgreSQL handoff cancellation documents and catalog contracts\n        run: bash ../scripts/ci/run_release_postgres.sh\n      - name: WMS-675 real incident recovery on isolated PostgreSQL\n        env:\n          WMS_TEST_DATABASE_URL: postgresql+psycopg_async://postgres:fixture-only@postgres:5432/wms_test_675_incident\n        run: |\n          # Keep the frozen Docker-aware database identity guard and bind the\n          # service alias only to this runner\'s published loopback port.\n          echo \'127.0.0.1 postgres\' | sudo tee -a /etc/hosts\n          python -c "import socket; assert set(socket.gethostbyname_ex(\'postgres\')[2]) == {\'127.0.0.1\'}"\n          python -c "import psycopg; c = psycopg.connect(\'postgresql://postgres:fixture-only@127.0.0.1:5432/postgres\', autocommit=True); c.execute(\'CREATE DATABASE wms_test_675_incident\'); c.close()"\n          pytest -n 0 -q -s tests/test_wms675_recovery_scenario.py --junitxml="$RUNNER_TEMP/release-postgres/675.xml"\n      - name: Fresh PostgreSQL migration chain and withdrawal rollback\n        env:\n          DATABASE_URL: postgresql+psycopg_async://postgres:fixture-only@127.0.0.1:5432/wms_test_517_migrations\n          JWT_SECRET_KEY: fixture-only-ci-migration-key-not-a-secret\n        run: |\n          python -c "import psycopg; c = psycopg.connect(\'postgresql://postgres:fixture-only@127.0.0.1:5432/postgres\', autocommit=True); c.execute(\'CREATE DATABASE wms_test_517_migrations\'); c.close()"\n          alembic upgrade head\n          alembic downgrade 20260923_0517\n          alembic upgrade head\n      - name: Pytest\n        # -n auto раскладывает прогон по ядрам раннера. Вместе со сборкой схемы\n        # один раз за прогон (tests/conftest.py) это увело полный набор\n        # с 20 минут 38 секунд до 4 минут 48 секунд при том же составе тестов:\n        # 1431 до, 1431 после, ни один не сменил исход.\n        # These two contracts require their own idle PostgreSQL clusters.\n        # Both run below unchanged, serially, without skip/xfail.\n        run: pytest -n auto --ignore=tests/test_wms662_batch_handoff_lock_order.py --ignore=tests/test_wms662_batch_handoff_steady_state.py --junitxml="$RUNNER_TEMP/backend-all.xml"\n      - name: Printer receipt persistence and unknown-outcome recovery\n        working-directory: .\n        run: python -m pytest -q tools/print-agent/test_wms_print_direct.py tools/print-agent/test_wms_print_runtime.py -k \'not test_windows_cmd_synthetic_queue_receipt\' --junitxml="$RUNNER_TEMP/native-print.xml"\n      - uses: actions/upload-artifact@v4\n        if: always()\n        with:\n          name: backend-executed-contracts-${{ github.sha }}-${{ github.run_id }}-${{ github.run_attempt }}\n          path: |\n            ${{ runner.temp }}/release-postgres\n            ${{ runner.temp }}/backend-all.xml\n            ${{ runner.temp }}/native-print.xml\n          retention-days: 14\n'

----------------------------------------------------------------------
Ran 13 tests in 0.004s

FAILED (failures=2, errors=11)
