[3507:3521:1007/054000.746765:ERROR:dbus/bus.cc:408] Failed to connect to the bus: Could not parse server address: Unknown address type (examples of valid types are "tcp" and on UNIX "unix")
[3507:3521:1007/054000.974482:ERROR:dbus/bus.cc:408] Failed to connect to the bus: Could not parse server address: Unknown address type (examples of valid types are "tcp" and on UNIX "unix")

DevTools listening on ws://127.0.0.1:16687/devtools/browser/28fcf578-0d24-412e-9fc6-4ce0bed7441d
[3507:3521:1007/054001.033651:ERROR:dbus/bus.cc:408] Failed to connect to the bus: Could not parse server address: Unknown address type (examples of valid types are "tcp" and on UNIX "unix")
[3507:3507:1007/054001.163613:ERROR:dbus/object_proxy.cc:573] Failed to call method: org.freedesktop.DBus.NameHasOwner: object_path= /org/freedesktop/DBus: unknown error type: 
[3507:3521:1007/054001.164105:ERROR:dbus/bus.cc:408] Failed to connect to the bus: Could not parse server address: Unknown address type (examples of valid types are "tcp" and on UNIX "unix")
[3507:3521:1007/054001.164128:ERROR:dbus/bus.cc:408] Failed to connect to the bus: Could not parse server address: Unknown address type (examples of valid types are "tcp" and on UNIX "unix")
[3507:3521:1007/054001.164146:ERROR:dbus/bus.cc:408] Failed to connect to the bus: Could not parse server address: Unknown address type (examples of valid types are "tcp" and on UNIX "unix")
[3507:3521:1007/054001.164164:ERROR:dbus/bus.cc:408] Failed to connect to the bus: Could not parse server address: Unknown address type (examples of valid types are "tcp" and on UNIX "unix")
[3507:3521:1007/054001.164178:ERROR:dbus/bus.cc:408] Failed to connect to the bus: Could not parse server address: Unknown address type (examples of valid types are "tcp" and on UNIX "unix")
[3507:3521:1007/054001.164192:ERROR:dbus/bus.cc:408] Failed to connect to the bus: Could not parse server address: Unknown address type (examples of valid types are "tcp" and on UNIX "unix")
[3507:3507:1007/054001.177459:ERROR:dbus/object_proxy.cc:573] Failed to call method: org.freedesktop.DBus.NameHasOwner: object_path= /org/freedesktop/DBus: unknown error type: 
[3507:3507:1007/054001.196635:ERROR:dbus/object_proxy.cc:573] Failed to call method: org.freedesktop.DBus.NameHasOwner: object_path= /org/freedesktop/DBus: unknown error type: 
[3507:3521:1007/054001.196805:ERROR:dbus/bus.cc:408] Failed to connect to the bus: Could not parse server address: Unknown address type (examples of valid types are "tcp" and on UNIX "unix")
[3507:3507:1007/054001.222675:ERROR:dbus/object_proxy.cc:573] Failed to call method: org.freedesktop.DBus.NameHasOwner: object_path= /org/freedesktop/DBus: unknown error type: 
[3507:3507:1007/054001.222710:ERROR:dbus/object_proxy.cc:573] Failed to call method: org.freedesktop.DBus.NameHasOwner: object_path= /org/freedesktop/DBus: unknown error type: 
[3507:3507:1007/054001.222726:ERROR:dbus/object_proxy.cc:573] Failed to call method: org.freedesktop.DBus.NameHasOwner: object_path= /org/freedesktop/DBus: unknown error type: 
[3507:3521:1007/054001.223668:ERROR:dbus/bus.cc:408] Failed to connect to the bus: Could not parse server address: Unknown address type (examples of valid types are "tcp" and on UNIX "unix")
[3507:3507:1007/054001.231721:ERROR:dbus/object_proxy.cc:573] Failed to call method: org.freedesktop.DBus.NameHasOwner: object_path= /org/freedesktop/DBus: unknown error type: 
[3507:3521:1007/054001.231882:ERROR:dbus/bus.cc:408] Failed to connect to the bus: Could not parse server address: Unknown address type (examples of valid types are "tcp" and on UNIX "unix")
[3507:3507:1007/054001.238315:ERROR:dbus/object_proxy.cc:573] Failed to call method: org.freedesktop.DBus.NameHasOwner: object_path= /org/freedesktop/DBus: unknown error type: 
[3507:3507:1007/054001.242378:ERROR:dbus/object_proxy.cc:573] Failed to call method: org.freedesktop.DBus.Properties.GetAll: object_path= /org/freedesktop/UPower/devices/DisplayDevice: org.freedesktop.DBus.Error.ServiceUnknown: The name org.freedesktop.UPower was not provided by any .service files
[3507:3507:1007/054001.258799:ERROR:dbus/object_proxy.cc:573] Failed to call method: org.freedesktop.DBus.NameHasOwner: object_path= /org/freedesktop/DBus: unknown error type: 
[3507:3521:1007/054001.259205:ERROR:dbus/bus.cc:408] Failed to connect to the bus: Could not parse server address: Unknown address type (examples of valid types are "tcp" and on UNIX "unix")
[3507:3507:1007/054001.297017:ERROR:dbus/object_proxy.cc:573] Failed to call method: org.freedesktop.DBus.NameHasOwner: object_path= /org/freedesktop/DBus: unknown error type: 
[3507:3521:1007/054001.297467:ERROR:dbus/bus.cc:408] Failed to connect to the bus: Could not parse server address: Unknown address type (examples of valid types are "tcp" and on UNIX "unix")
[3507:3507:1007/054001.303464:ERROR:dbus/object_proxy.cc:573] Failed to call method: org.freedesktop.DBus.NameHasOwner: object_path= /org/freedesktop/DBus: unknown error type: 
[3536:3542:1007/054213.995377:ERROR:gpu/command_buffer/service/shared_image/shared_image_manager.cc:521] SharedImageManager::ProduceMemory: Trying to Produce a Memory representation from a non-existent mailbox.
[3536:3542:1007/054213.995570:ERROR:gpu/command_buffer/service/shared_image/shared_image_manager.cc:521] SharedImageManager::ProduceMemory: Trying to Produce a Memory representation from a non-existent mailbox.
[3536:3542:1007/054213.995630:ERROR:gpu/command_buffer/service/shared_image/shared_image_manager.cc:521] SharedImageManager::ProduceMemory: Trying to Produce a Memory representation from a non-existent mailbox.
[3536:3542:1007/054213.995756:ERROR:gpu/command_buffer/service/shared_image/shared_image_manager.cc:521] SharedImageManager::ProduceMemory: Trying to Produce a Memory representation from a non-existent mailbox.
[3536:3542:1007/054213.995848:ERROR:gpu/command_buffer/service/shared_image/shared_image_manager.cc:521] SharedImageManager::ProduceMemory: Trying to Produce a Memory representation from a non-existent mailbox.
