
DevTools listening on ws://127.0.0.1:16687/devtools/browser/2377b334-aaf2-49d5-a65b-31add9c68f40
Trying to load the allocator multiple times. This is *not* supported.
[36856:4695085:1007/231800.062677:ERROR:ui/display/mac/cv_display_link_mac.mm:188] CVDisplayLinkCreateWithCGDisplay failed. CVReturn: -6670
[36856:4695085:1007/231800.063099:ERROR:ui/display/mac/cv_display_link_mac.mm:188] CVDisplayLinkCreateWithCGDisplay failed. CVReturn: -6670
[36856:4695085:1007/231800.063185:ERROR:ui/display/mac/cv_display_link_mac.mm:188] CVDisplayLinkCreateWithCGDisplay failed. CVReturn: -6670
[36856:4695085:1007/231800.063271:ERROR:ui/display/mac/cv_display_link_mac.mm:188] CVDisplayLinkCreateWithCGDisplay failed. CVReturn: -6670
[36856:4695085:1007/231800.063342:ERROR:ui/display/mac/cv_display_link_mac.mm:188] CVDisplayLinkCreateWithCGDisplay failed. CVReturn: -6670
[36856:4695085:1007/231800.063413:ERROR:ui/display/mac/cv_display_link_mac.mm:188] CVDisplayLinkCreateWithCGDisplay failed. CVReturn: -6670
[36856:4695085:1007/231801.887621:ERROR:ui/display/mac/cv_display_link_mac.mm:188] CVDisplayLinkCreateWithCGDisplay failed. CVReturn: -6670
[36856:4695085:1007/231802.004909:ERROR:ui/display/mac/cv_display_link_mac.mm:188] CVDisplayLinkCreateWithCGDisplay failed. CVReturn: -6670
[36856:4695085:1007/231802.057807:ERROR:ui/display/mac/cv_display_link_mac.mm:188] CVDisplayLinkCreateWithCGDisplay failed. CVReturn: -6670
[36856:4695085:1007/231802.138771:ERROR:ui/display/mac/cv_display_link_mac.mm:188] CVDisplayLinkCreateWithCGDisplay failed. CVReturn: -6670
[36856:4695085:1007/231802.206931:ERROR:ui/display/mac/cv_display_link_mac.mm:188] CVDisplayLinkCreateWithCGDisplay failed. CVReturn: -6670
[36856:4695085:1007/231802.285363:ERROR:ui/display/mac/cv_display_link_mac.mm:188] CVDisplayLinkCreateWithCGDisplay failed. CVReturn: -6670
[36856:4695085:1007/231802.356972:ERROR:ui/display/mac/cv_display_link_mac.mm:188] CVDisplayLinkCreateWithCGDisplay failed. CVReturn: -6670
[36850:4695051:1007/231802.764216:ERROR:google_apis/gcm/engine/registration_request.cc:291] Registration response error message: PHONE_REGISTRATION_ERROR
[36850:4695051:1007/231802.883904:ERROR:google_apis/gcm/engine/registration_request.cc:291] Registration response error message: PHONE_REGISTRATION_ERROR
[36850:4695051:1007/231802.883986:ERROR:google_apis/gcm/engine/registration_request.cc:291] Registration response error message: PHONE_REGISTRATION_ERROR
[36850:4695051:1007/231803.005150:ERROR:google_apis/gcm/engine/mcs_client.cc:702]   Error code: 401  Error message: Authentication Failed: wrong_secret
[36850:4695051:1007/231803.005161:ERROR:google_apis/gcm/engine/mcs_client.cc:704] Failed to log in to GCM, resetting connection.
[36891:4695492:1007/231803.406908:ERROR:sandbox/mac/system_services.cc:31] SetApplicationIsDaemon: Error Domain=NSOSStatusErrorDomain Code=-50 "paramErr: error in user parameter list" (-50)
[36938:4695926:1007/231813.842700:ERROR:third_party/zlib/google/zip_reader.cc:218] Cannot open ZIP from file handle 12
[36938:4695926:1007/231813.842920:ERROR:third_party/zlib/google/zip.cc:167] Cannot open ZIP from file handle 12
Created TensorFlow Lite XNNPACK delegate for CPU.
