TAP version 13
# Subtest: SC17 default DOM adapter clears old filters, selects every page and opens only the native certificate dialog
ok 1 - SC17 default DOM adapter clears old filters, selects every page and opens only the native certificate dialog
  ---
  duration_ms: 112.322725
  ...
# Subtest: SC17 default DOM adapter waits for successful 700ms filter refresh before selecting and opening certificate dialog
ok 2 - SC17 default DOM adapter waits for successful 700ms filter refresh before selecting and opening certificate dialog
  ---
  duration_ms: 4241.101405
  ...
# Subtest: launches the helper once in execute mode and returns only unsigned unsent dynamic-dialog success
ok 3 - launches the helper once in execute mode and returns only unsigned unsent dynamic-dialog success
  ---
  duration_ms: 5.18454
  ...
# Subtest: accepts the correct production registry URL variant (exact) and ignores unrelated tabs
ok 4 - accepts the correct production registry URL variant (exact) and ignores unrelated tabs
  ---
  duration_ms: 1.559061
  ...
# Subtest: accepts the correct production registry URL variant / and ignores unrelated tabs
ok 5 - accepts the correct production registry URL variant / and ignores unrelated tabs
  ---
  duration_ms: 5.246286
  ...
# Subtest: allows query and hash on the exact registry URL and ignores unrelated tabs
ok 6 - allows query and hash on the exact registry URL and ignores unrelated tabs
  ---
  duration_ms: 3.420843
  ...
# Subtest: accepts the correct production registry URL variant \#registry and ignores unrelated tabs
ok 7 - accepts the correct production registry URL variant \#registry and ignores unrelated tabs
  ---
  duration_ms: 3.373505
  ...
# Subtest: accepts the correct production registry URL variant /?date_from=2026-09-18 and ignores unrelated tabs
ok 8 - accepts the correct production registry URL variant /?date_from=2026-09-18 and ignores unrelated tabs
  ---
  duration_ms: 6.021205
  ...
# Subtest: accepts the correct production registry URL variant /\#registry and ignores unrelated tabs
ok 9 - accepts the correct production registry URL variant /\#registry and ignores unrelated tabs
  ---
  duration_ms: 4.920737
  ...
# Subtest: rejects non-target tab https://sellerfocus.pro/seller/honest-sign/withdrawals before injection
ok 10 - rejects non-target tab https://sellerfocus.pro/seller/honest-sign/withdrawals before injection
  ---
  duration_ms: 1.431616
  ...
# Subtest: rejects non-target tab http://wms.sellerfocus.pro/seller/honest-sign/withdrawals before injection
ok 11 - rejects non-target tab http://wms.sellerfocus.pro/seller/honest-sign/withdrawals before injection
  ---
  duration_ms: 1.001031
  ...
# Subtest: rejects non-target tab https://wms.sellerfocus.pro.evil.test/seller/honest-sign/withdrawals before injection
ok 12 - rejects non-target tab https://wms.sellerfocus.pro.evil.test/seller/honest-sign/withdrawals before injection
  ---
  duration_ms: 2.112869
  ...
# Subtest: rejects non-target tab https://evil.test/sellerfocus.pro/seller/honest-sign/withdrawals before injection
ok 13 - rejects non-target tab https://evil.test/sellerfocus.pro/seller/honest-sign/withdrawals before injection
  ---
  duration_ms: 0.97357
  ...
# Subtest: rejects non-target tab https://wms.sellerfocus.pro/seller/honest-sign/withdrawals/operations before injection
ok 14 - rejects non-target tab https://wms.sellerfocus.pro/seller/honest-sign/withdrawals/operations before injection
  ---
  duration_ms: 0.824962
  ...
# Subtest: rejects non-target tab https://wms.sellerfocus.pro/seller/honest-sign/withdrawals-other before injection
ok 15 - rejects non-target tab https://wms.sellerfocus.pro/seller/honest-sign/withdrawals-other before injection
  ---
  duration_ms: 0.841823
  ...
# Subtest: rejects non-target tab not a URL before injection
ok 16 - rejects non-target tab not a URL before injection
  ---
  duration_ms: 0.876799
  ...
# Subtest: rejects 0 matching tabs before injection
ok 17 - rejects 0 matching tabs before injection
  ---
  duration_ms: 0.929758
  ...
# Subtest: rejects 2 matching tabs before injection
ok 18 - rejects 2 matching tabs before injection
  ---
  duration_ms: 0.851091
  ...
# Subtest: does not launch Chrome if it is not already running
ok 19 - does not launch Chrome if it is not already running
  ---
  duration_ms: 2.888789
  ...
# Subtest: fails fast and redacts Apple Events or Automation error at failRunning
ok 20 - fails fast and redacts Apple Events or Automation error at failRunning
  ---
  duration_ms: 1.005489
  ...
# Subtest: fails fast and redacts Apple Events or Automation error at failTabs
ok 21 - fails fast and redacts Apple Events or Automation error at failTabs
  ---
  duration_ms: 0.916964
  ...
# Subtest: fails fast and redacts Apple Events or Automation error at failEvaluate
ok 22 - fails fast and redacts Apple Events or Automation error at failEvaluate
  ---
  duration_ms: 0.889933
  ...
# Subtest: fails fast and redacts Apple Events or Automation error at failProbe
ok 23 - fails fast and redacts Apple Events or Automation error at failProbe
  ---
  duration_ms: 0.85599
  ...
# Subtest: repeated launch after successful preparation does not inject or execute twice
ok 24 - repeated launch after successful preparation does not inject or execute twice
  ---
  duration_ms: 1.566267
  ...
# Subtest: an already running launch is never injected again and polling is bounded
ok 25 - an already running launch is never injected again and polling is bounded
  ---
  duration_ms: 1.519079
  ...
# Subtest: helper rejection is redacted, never retried and never reported as success
ok 26 - helper rejection is redacted, never retried and never reported as success
  ---
  duration_ms: 4.896203
  ...
# Subtest: a hung helper times out with bounded polling and no automatic retry
ok 27 - a hung helper times out with bounded polling and no automatic retry
  ---
  duration_ms: 3.042968
  ...
# Subtest: does not accept unsafe or incomplete helper result scenario 0: {"status":"ready"}
ok 28 - does not accept unsafe or incomplete helper result scenario 0: {"status":"ready"}
  ---
  duration_ms: 1.3534
  ...
# Subtest: does not accept unsafe or incomplete helper result scenario 1: {"targetCount":0}
ok 29 - does not accept unsafe or incomplete helper result scenario 1: {"targetCount":0}
  ---
  duration_ms: 2.514189
  ...
# Subtest: does not accept unsafe or incomplete helper result scenario 2: {"targetCount":-1}
ok 30 - does not accept unsafe or incomplete helper result scenario 2: {"targetCount":-1}
  ---
  duration_ms: 2.105956
  ...
# Subtest: does not accept unsafe or incomplete helper result scenario 3: {"targetCount":1.5}
ok 31 - does not accept unsafe or incomplete helper result scenario 3: {"targetCount":1.5}
  ---
  duration_ms: 1.508479
  ...
# Subtest: does not accept unsafe or incomplete helper result scenario 4: {"targetCount":"84"}
ok 32 - does not accept unsafe or incomplete helper result scenario 4: {"targetCount":"84"}
  ---
  duration_ms: 1.308656
  ...
# Subtest: does not accept unsafe or incomplete helper result scenario 5: {"targetCount":null}
ok 33 - does not accept unsafe or incomplete helper result scenario 5: {"targetCount":null}
  ---
  duration_ms: 3.841871
  ...
# Subtest: does not accept unsafe or incomplete helper result scenario 6: {}
ok 34 - does not accept unsafe or incomplete helper result scenario 6: {}
  ---
  duration_ms: 1.423601
  ...
# Subtest: does not accept unsafe or incomplete helper result scenario 7: {"targetCount":null}
ok 35 - does not accept unsafe or incomplete helper result scenario 7: {"targetCount":null}
  ---
  duration_ms: 1.382874
  ...
# Subtest: does not accept unsafe or incomplete helper result scenario 8: {"noSend":false}
ok 36 - does not accept unsafe or incomplete helper result scenario 8: {"noSend":false}
  ---
  duration_ms: 1.378807
  ...
# Subtest: does not accept unsafe or incomplete helper result scenario 9: {}
ok 37 - does not accept unsafe or incomplete helper result scenario 9: {}
  ---
  duration_ms: 1.50454
  ...
# Subtest: does not accept unsafe or incomplete helper result scenario 10: {"signed":true}
ok 38 - does not accept unsafe or incomplete helper result scenario 10: {"signed":true}
  ---
  duration_ms: 3.33378
  ...
# Subtest: does not accept unsafe or incomplete helper result scenario 11: {"sent":true}
ok 39 - does not accept unsafe or incomplete helper result scenario 11: {"sent":true}
  ---
  duration_ms: 7.58127
  ...
# Subtest: does not accept unsafe or incomplete helper result scenario 12: {}
ok 40 - does not accept unsafe or incomplete helper result scenario 12: {}
  ---
  duration_ms: 3.093693
  ...
# Subtest: does not accept unsafe or incomplete helper result scenario 13: {}
ok 41 - does not accept unsafe or incomplete helper result scenario 13: {}
  ---
  duration_ms: 3.847139
  ...
# Subtest: does not accept malformed browser status as readiness
ok 42 - does not accept malformed browser status as readiness
  ---
  duration_ms: 1.938332
  ...
# Subtest: one executable macOS command embeds exact reviewed sources and needs only system JXA
ok 43 - one executable macOS command embeds exact reviewed sources and needs only system JXA
  ---
  duration_ms: 5.975869
  ...
# Subtest: all launch artifacts and the runbook use the correct production URL without the old working link
ok 44 - all launch artifacts and the runbook use the correct production URL without the old working link
  ---
  duration_ms: 0.831705
  ...
# Subtest: the command generator reproduces the saved executable exactly without writing any real file
ok 45 - the command generator reproduces the saved executable exactly without writing any real file
  ---
  duration_ms: 4.361532
  ...
# Subtest: redirect after permission probe blocks browser helper loading before any target data is exposed
ok 46 - redirect after permission probe blocks browser helper loading before any target data is exposed
  ---
  duration_ms: 1.309347
  ...
# Subtest: JXA rechecks current tab URL before execution number 1
ok 47 - JXA rechecks current tab URL before execution number 1
  ---
  duration_ms: 3.523685
  ...
# Subtest: JXA rechecks current tab URL before execution number 2
ok 48 - JXA rechecks current tab URL before execution number 2
  ---
  duration_ms: 2.383625
  ...
# Subtest: JXA rechecks current tab URL before execution number 3
ok 49 - JXA rechecks current tab URL before execution number 3
  ---
  duration_ms: 9.529792
  ...
# Subtest: successful JXA preparation brings the exact target tab and its background window to the front
ok 50 - successful JXA preparation brings the exact target tab and its background window to the front
  ---
  duration_ms: 4.76149
  ...
# Subtest: JXA refuses a replacement matching tab after readiness instead of focusing a different identity
ok 51 - JXA refuses a replacement matching tab after readiness instead of focusing a different identity
  ---
  duration_ms: 5.175202
  ...
# Subtest: JXA redacts focus setters activation and repeated tab lookup failures without another execute
ok 52 - JXA redacts focus setters activation and repeated tab lookup failures without another execute
  ---
  duration_ms: 17.933709
  ...
# Subtest: SC17 launcher accepts fresh positive integer dialog count 1
ok 53 - SC17 launcher accepts fresh positive integer dialog count 1
  ---
  duration_ms: 1.7598
  ...
# Subtest: SC17 launcher accepts fresh positive integer dialog count 80
ok 54 - SC17 launcher accepts fresh positive integer dialog count 80
  ---
  duration_ms: 6.012808
  ...
# Subtest: SC17 launcher accepts fresh positive integer dialog count 81
ok 55 - SC17 launcher accepts fresh positive integer dialog count 81
  ---
  duration_ms: 6.913471
  ...
# Subtest: SC17 launcher accepts fresh positive integer dialog count 84
ok 56 - SC17 launcher accepts fresh positive integer dialog count 84
  ---
  duration_ms: 3.263598
  ...
# Subtest: SC17 launcher accepts fresh positive integer dialog count 305
ok 57 - SC17 launcher accepts fresh positive integer dialog count 305
  ---
  duration_ms: 4.686028
  ...
# Subtest: SC17 dry-run uses all 1 fresh eligible sales-backed rows without fixed80
ok 58 - SC17 dry-run uses all 1 fresh eligible sales-backed rows without fixed80
  ---
  duration_ms: 40.94105
  ...
# Subtest: SC17 execute uses all 1 fresh eligible sales-backed rows without fixed80
ok 59 - SC17 execute uses all 1 fresh eligible sales-backed rows without fixed80
  ---
  duration_ms: 3.944452
  ...
# Subtest: SC17 dry-run uses all 80 fresh eligible sales-backed rows without fixed80
ok 60 - SC17 dry-run uses all 80 fresh eligible sales-backed rows without fixed80
  ---
  duration_ms: 2.490084
  ...
# Subtest: SC17 execute uses all 80 fresh eligible sales-backed rows without fixed80
ok 61 - SC17 execute uses all 80 fresh eligible sales-backed rows without fixed80
  ---
  duration_ms: 4.73515
  ...
# Subtest: SC17 dry-run uses all 81 fresh eligible sales-backed rows without fixed80
ok 62 - SC17 dry-run uses all 81 fresh eligible sales-backed rows without fixed80
  ---
  duration_ms: 3.159376
  ...
# Subtest: SC17 execute uses all 81 fresh eligible sales-backed rows without fixed80
ok 63 - SC17 execute uses all 81 fresh eligible sales-backed rows without fixed80
  ---
  duration_ms: 3.427696
  ...
# Subtest: SC17 dry-run uses all 84 fresh eligible sales-backed rows without fixed80
ok 64 - SC17 dry-run uses all 84 fresh eligible sales-backed rows without fixed80
  ---
  duration_ms: 1.649383
  ...
# Subtest: SC17 execute uses all 84 fresh eligible sales-backed rows without fixed80
ok 65 - SC17 execute uses all 84 fresh eligible sales-backed rows without fixed80
  ---
  duration_ms: 8.729435
  ...
# Subtest: SC17 dry-run uses all 305 fresh eligible sales-backed rows without fixed80
ok 66 - SC17 dry-run uses all 305 fresh eligible sales-backed rows without fixed80
  ---
  duration_ms: 3.689235
  ...
# Subtest: SC17 execute uses all 305 fresh eligible sales-backed rows without fixed80
ok 67 - SC17 execute uses all 305 fresh eligible sales-backed rows without fixed80
  ---
  duration_ms: 12.003217
  ...
# Subtest: SC17 dry-run uses all 501 fresh eligible sales-backed rows without fixed80
ok 68 - SC17 dry-run uses all 501 fresh eligible sales-backed rows without fixed80
  ---
  duration_ms: 2.770047
  ...
# Subtest: SC17 execute uses all 501 fresh eligible sales-backed rows without fixed80
ok 69 - SC17 execute uses all 501 fresh eligible sales-backed rows without fixed80
  ---
  duration_ms: 12.51943
  ...
# Subtest: SC17 zero rows never claims readiness or opens certificate dialog (dry-run)
ok 70 - SC17 zero rows never claims readiness or opens certificate dialog (dry-run)
  ---
  duration_ms: 0.674762
  ...
# Subtest: SC17 zero rows never claims readiness or opens certificate dialog (execute)
ok 71 - SC17 zero rows never claims readiness or opens certificate dialog (execute)
  ---
  duration_ms: 0.664342
  ...
# Subtest: SC17 former ID disappeared from sales-backed registry: selects only current eligible IDs
ok 72 - SC17 former ID disappeared from sales-backed registry: selects only current eligible IDs
  ---
  duration_ms: 3.93745
  ...
# Subtest: SC17 return removes former ID and adds a new sold row: selects only current eligible IDs
ok 73 - SC17 return removes former ID and adds a new sold row: selects only current eligible IDs
  ---
  duration_ms: 10.230908
  ...
# Subtest: SC17 active claim on former ID is excluded: selects only current eligible IDs
ok 74 - SC17 active claim on former ID is excluded: selects only current eligible IDs
  ---
  duration_ms: 4.625335
  ...
# Subtest: SC17 already withdrawn former ID is excluded: selects only current eligible IDs
ok 75 - SC17 already withdrawn former ID is excluded: selects only current eligible IDs
  ---
  duration_ms: 5.198596
  ...
# Subtest: SC17 invalid sale price stays visible but is not selected: selects only current eligible IDs
ok 76 - SC17 invalid sale price stays visible but is not selected: selects only current eligible IDs
  ---
  duration_ms: 2.70196
  ...
# Subtest: SC17 newly returned/claimed ID between read and selection cannot survive as stale snapshot
ok 77 - SC17 newly returned/claimed ID between read and selection cannot survive as stale snapshot
  ---
  duration_ms: 5.299445
  ...
# Subtest: SC17 same count but replacement ID between read and selection cannot be stale success
ok 78 - SC17 same count but replacement ID between read and selection cannot be stale success
  ---
  duration_ms: 2.013413
  ...
# Subtest: SC17 duplicate across pages refuses partial or ambiguous preparation before dialog
ok 79 - SC17 duplicate across pages refuses partial or ambiguous preparation before dialog
  ---
  duration_ms: 1.994528
  ...
# Subtest: SC17 empty nonterminal page refuses partial or ambiguous preparation before dialog
ok 80 - SC17 empty nonterminal page refuses partial or ambiguous preparation before dialog
  ---
  duration_ms: 1.786309
  ...
# Subtest: SC17 short nonterminal first page refuses partial or ambiguous preparation before dialog
ok 81 - SC17 short nonterminal first page refuses partial or ambiguous preparation before dialog
  ---
  duration_ms: 0.817578
  ...
# Subtest: SC17 short terminal page refuses partial or ambiguous preparation before dialog
ok 82 - SC17 short terminal page refuses partial or ambiguous preparation before dialog
  ---
  duration_ms: 4.760709
  ...
# Subtest: SC17 changed total on second page refuses partial or ambiguous preparation before dialog
ok 83 - SC17 changed total on second page refuses partial or ambiguous preparation before dialog
  ---
  duration_ms: 1.630187
  ...
# Subtest: SC17 invalid total refuses partial or ambiguous preparation before dialog
ok 84 - SC17 invalid total refuses partial or ambiguous preparation before dialog
  ---
  duration_ms: 2.209089
  ...
# Subtest: SC17 oversized page refuses partial or ambiguous preparation before dialog
ok 85 - SC17 oversized page refuses partial or ambiguous preparation before dialog
  ---
  duration_ms: 1.216683
  ...
# Subtest: SC17 second-page invalid JSON refuses partial or ambiguous preparation before dialog
ok 86 - SC17 second-page invalid JSON refuses partial or ambiguous preparation before dialog
  ---
  duration_ms: 1.852222
  ...
# Subtest: SC17 second-page HTTP 401 refuses partial or ambiguous preparation before dialog
ok 87 - SC17 second-page HTTP 401 refuses partial or ambiguous preparation before dialog
  ---
  duration_ms: 1.390449
  ...
# Subtest: SC17 second-page HTTP 403 refuses partial or ambiguous preparation before dialog
ok 88 - SC17 second-page HTTP 403 refuses partial or ambiguous preparation before dialog
  ---
  duration_ms: 1.473635
  ...
# Subtest: SC17 second-page HTTP 429 refuses partial or ambiguous preparation before dialog
ok 89 - SC17 second-page HTTP 429 refuses partial or ambiguous preparation before dialog
  ---
  duration_ms: 1.439951
  ...
# Subtest: SC17 second-page HTTP 503 refuses partial or ambiguous preparation before dialog
ok 90 - SC17 second-page HTTP 503 refuses partial or ambiguous preparation before dialog
  ---
  duration_ms: 4.122327
  ...
# Subtest: SC17 wrong tenant_id rejects before registry or UI
ok 91 - SC17 wrong tenant_id rejects before registry or UI
  ---
  duration_ms: 0.49739
  ...
# Subtest: SC17 wrong seller_id rejects before registry or UI
ok 92 - SC17 wrong seller_id rejects before registry or UI
  ---
  duration_ms: 0.411018
  ...
# Subtest: SC17 wrong active_seller_id rejects before registry or UI
ok 93 - SC17 wrong active_seller_id rejects before registry or UI
  ---
  duration_ms: 0.387744
  ...
# Subtest: SC17 wrong role rejects before registry or UI
ok 94 - SC17 wrong role rejects before registry or UI
  ---
  duration_ms: 0.500966
  ...
# Subtest: SC17 wrong withdrawal_enabled rejects before registry or UI
ok 95 - SC17 wrong withdrawal_enabled rejects before registry or UI
  ---
  duration_ms: 0.377466
  ...
# Subtest: SC17 exact production origin and route required {"origin":"https://sellerfocus.pro"}
ok 96 - SC17 exact production origin and route required {"origin":"https://sellerfocus.pro"}
  ---
  duration_ms: 0.343442
  ...
# Subtest: SC17 exact production origin and route required {"origin":"https://foreign.example"}
ok 97 - SC17 exact production origin and route required {"origin":"https://foreign.example"}
  ---
  duration_ms: 0.251199
  ...
# Subtest: SC17 exact production origin and route required {"origin":"https://wms.sellerfocus.pro.evil.test"}
ok 98 - SC17 exact production origin and route required {"origin":"https://wms.sellerfocus.pro.evil.test"}
  ---
  duration_ms: 0.21928
  ...
# Subtest: SC17 exact production origin and route required {"origin":"http://wms.sellerfocus.pro"}
ok 99 - SC17 exact production origin and route required {"origin":"http://wms.sellerfocus.pro"}
  ---
  duration_ms: 0.220792
  ...
# Subtest: SC17 exact production origin and route required {"pathname":"/seller/orders"}
ok 100 - SC17 exact production origin and route required {"pathname":"/seller/orders"}
  ---
  duration_ms: 0.21924
  ...
# Subtest: SC17 seller session switch refuses preparation {"switchTokenAtOffset":250}
ok 101 - SC17 seller session switch refuses preparation {"switchTokenAtOffset":250}
  ---
  duration_ms: 1.682205
  ...
# Subtest: SC17 seller session switch refuses preparation {"changeTokenInUi":true}
ok 102 - SC17 seller session switch refuses preparation {"changeTokenInUi":true}
  ---
  duration_ms: 1.952769
  ...
# Subtest: SC17 seller session switch refuses preparation {"switchIdentity":true}
ok 103 - SC17 seller session switch refuses preparation {"switchIdentity":true}
  ---
  duration_ms: 1.904029
  ...
# Subtest: SC17 preexisting selection is not silently extended
ok 104 - SC17 preexisting selection is not silently extended
  ---
  duration_ms: 0.917786
  ...
# Subtest: SC17 incomplete DOM confirmation is never success {"openedCount":83}
ok 105 - SC17 incomplete DOM confirmation is never success {"openedCount":83}
  ---
  duration_ms: 2.03338
  ...
# Subtest: SC17 incomplete DOM confirmation is never success {"dialogOpen":false}
ok 106 - SC17 incomplete DOM confirmation is never success {"dialogOpen":false}
  ---
  duration_ms: 4.76206
  ...
# Subtest: SC17 missing seller token null rejects before any GET or UI
ok 107 - SC17 missing seller token null rejects before any GET or UI
  ---
  duration_ms: 0.299099
  ...
# Subtest: SC17 missing seller token "" rejects before any GET or UI
ok 108 - SC17 missing seller token "" rejects before any GET or UI
  ---
  duration_ms: 0.238415
  ...
# Subtest: SC17 identity GET HTTP 401 refuses preparation
ok 109 - SC17 identity GET HTTP 401 refuses preparation
  ---
  duration_ms: 0.409355
  ...
# Subtest: SC17 identity GET HTTP 403 refuses preparation
ok 110 - SC17 identity GET HTTP 403 refuses preparation
  ---
  duration_ms: 0.347901
  ...
1..110
# tests 110
# suites 0
# pass 110
# fail 0
# cancelled 0
# skipped 0
# todo 0
# duration_ms 4879.726638
