TAP version 13
# Subtest: RR1 R3/R4 decoded original cohorts raster-consume retained resources before later decode; all 300 precede one transfer
not ok 1 - RR1 R3/R4 decoded original cohorts raster-consume retained resources before later decode; all 300 precede one transfer
  ---
  duration_ms: 137.269
  type: 'test'
  location: '/Users/deniscivkunov/Projects/WMS/.worktrees/wms672-raster-resource-test-contract/frontend/tests-e2e/wms672-raster-resource.test.mjs:193:1'
  failureType: 'testCodeFailure'
  error: |-
    all 300 require raster consumption of earlier original decodes; waiting frames with an ineligible zero-size iframe accumulates retained resources
    
    16 !== 300
    
  code: 'ERR_ASSERTION'
  name: 'AssertionError'
  expected: 300
  actual: 16
  operator: 'strictEqual'
  stack: |-
    TestContext.<anonymous> (file:///Users/deniscivkunov/Projects/WMS/.worktrees/wms672-raster-resource-test-contract/frontend/tests-e2e/wms672-raster-resource.test.mjs:201:12)
    async Test.run (node:internal/test_runner/test:1110:7)
    async startSubtestAfterBootstrap (node:internal/test_runner/harness:358:3)
  ...
# {"started":32,"ready":16,"maxPending":16,"peakRetained":16,"releases":0,"firstBoundary":{"ready":16,"retained":16,"eligible":0,"problems":["print iframe has no nonzero in-viewport raster geometry","preparation frame is not aria-hidden and pointer-inert","only the original decoded cohort must be raster-eligible"]},"violations":["print iframe has no nonzero in-viewport raster geometry","preparation frame is not aria-hidden and pointer-inert","only the original decoded cohort must be raster-eligible","next cohort starts before prior successful images are raster-consumed"],"transfers":0,"error":"The source image cannot be decoded."}
# Subtest: RR2 R4/R6 stalled parent frames still complete 300 native decodes and restore exact original tape before one handoff
ok 2 - RR2 R4/R6 stalled parent frames still complete 300 native decodes and restore exact original tape before one handoff
  ---
  duration_ms: 101.799166
  type: 'test'
  ...
# Subtest: RR3 R4/R6 native refusal drains every started peer and restores original styles/source before cleanup with same reason and zero handoff
ok 3 - RR3 R4/R6 native refusal drains every started peer and restores original styles/source before cleanup with same reason and zero handoff
  ---
  duration_ms: 65.358375
  type: 'test'
  ...
# {"held":{"connected":true,"finished":false,"cleanup":0,"started":16},"afterDrain":{"pending":0,"ready":15,"started":16,"saves":0,"transfers":0}}
1..3
# tests 3
# suites 0
# pass 2
# fail 1
# cancelled 0
# skipped 0
# todo 0
# duration_ms 687.152333
